
*** Running vivado
    with args -log TDCchannel.vdi -applog -m64 -product Vivado -messageDb vivado.pb -mode batch -source TDCchannel.tcl -notrace



****** Vivado v2020.2 (64-bit)
  **** SW Build 3064766 on Wed Nov 18 09:12:45 MST 2020
  **** IP Build 3064653 on Wed Nov 18 14:17:31 MST 2020
    ** Copyright 1986-2020 Xilinx, Inc. All Rights Reserved.

source TDCchannel.tcl -notrace
Command: link_design -top TDCchannel -part xc7a35tcpg236-1
Design is defaulting to srcset: sources_1
Design is defaulting to constrset: constrs_1
INFO: [Device 21-403] Loading part xc7a35tcpg236-1
INFO: [Project 1-454] Reading design checkpoint 'c:/Users/ilpes/TDC_a35t/TDC_a35t_v10_RO_132_output_RO/TDC_a35t_v10_RO_132_output_RO.gen/sources_1/ip/PLL_A/PLL_A.dcp' for cell 'plla'
Netlist sorting complete. Time (s): cpu = 00:00:00 ; elapsed = 00:00:00.006 . Memory (MB): peak = 1144.387 ; gain = 0.000
INFO: [Netlist 29-17] Analyzing 51 Unisim elements for replacement
INFO: [Netlist 29-28] Unisim Transformation completed in 0 CPU seconds
INFO: [Project 1-479] Netlist was created with Vivado 2020.2
INFO: [Project 1-570] Preparing netlist for logic optimization
Parsing XDC File [c:/Users/ilpes/TDC_a35t/TDC_a35t_v10_RO_132_output_RO/TDC_a35t_v10_RO_132_output_RO.gen/sources_1/ip/PLL_A/PLL_A_board.xdc] for cell 'plla/inst'
Finished Parsing XDC File [c:/Users/ilpes/TDC_a35t/TDC_a35t_v10_RO_132_output_RO/TDC_a35t_v10_RO_132_output_RO.gen/sources_1/ip/PLL_A/PLL_A_board.xdc] for cell 'plla/inst'
Parsing XDC File [c:/Users/ilpes/TDC_a35t/TDC_a35t_v10_RO_132_output_RO/TDC_a35t_v10_RO_132_output_RO.gen/sources_1/ip/PLL_A/PLL_A.xdc] for cell 'plla/inst'
INFO: [Timing 38-35] Done setting XDC timing constraints. [c:/Users/ilpes/TDC_a35t/TDC_a35t_v10_RO_132_output_RO/TDC_a35t_v10_RO_132_output_RO.gen/sources_1/ip/PLL_A/PLL_A.xdc:57]
INFO: [Timing 38-2] Deriving generated clocks [c:/Users/ilpes/TDC_a35t/TDC_a35t_v10_RO_132_output_RO/TDC_a35t_v10_RO_132_output_RO.gen/sources_1/ip/PLL_A/PLL_A.xdc:57]
get_clocks: Time (s): cpu = 00:00:07 ; elapsed = 00:00:07 . Memory (MB): peak = 1627.430 ; gain = 483.043
WARNING: [Vivado 12-2489] -input_jitter contains time 0.833330 which will be rounded to 0.833 to ensure it is an integer multiple of 1 picosecond [c:/Users/ilpes/TDC_a35t/TDC_a35t_v10_RO_132_output_RO/TDC_a35t_v10_RO_132_output_RO.gen/sources_1/ip/PLL_A/PLL_A.xdc:57]
Finished Parsing XDC File [c:/Users/ilpes/TDC_a35t/TDC_a35t_v10_RO_132_output_RO/TDC_a35t_v10_RO_132_output_RO.gen/sources_1/ip/PLL_A/PLL_A.xdc] for cell 'plla/inst'
Parsing XDC File [C:/Users/ilpes/TDC_a35t/TDC_a35t_v10_RO_132_output_RO/TDC_a35t_v10_RO_132_output_RO.srcs/constrs_1/imports/Downloads/Cmod-A7-Master.xdc]
WARNING: [Vivado 12-180] No cells matched 'trigger_out_reg'. [C:/Users/ilpes/TDC_a35t/TDC_a35t_v10_RO_132_output_RO/TDC_a35t_v10_RO_132_output_RO.srcs/constrs_1/imports/Downloads/Cmod-A7-Master.xdc:8]
CRITICAL WARNING: [Vivado 12-4739] set_false_path:No valid object(s) found for '-from [get_cells trigger_out_reg]'. [C:/Users/ilpes/TDC_a35t/TDC_a35t_v10_RO_132_output_RO/TDC_a35t_v10_RO_132_output_RO.srcs/constrs_1/imports/Downloads/Cmod-A7-Master.xdc:8]
Resolution: Check if the specified object(s) exists in the current design. If it does, ensure that the correct design hierarchy was specified for the object. If you are working with clocks, make sure create_clock was used to create the clock object before it is referenced.
WARNING: [Vivado 12-180] No cells matched 'counter_reg*'. [C:/Users/ilpes/TDC_a35t/TDC_a35t_v10_RO_132_output_RO/TDC_a35t_v10_RO_132_output_RO.srcs/constrs_1/imports/Downloads/Cmod-A7-Master.xdc:22]
CRITICAL WARNING: [Vivado 12-1433] Expecting a non-empty list of cells to be added to the pblock.  Please verify the correctness of the <cells> argument. [C:/Users/ilpes/TDC_a35t/TDC_a35t_v10_RO_132_output_RO/TDC_a35t_v10_RO_132_output_RO.srcs/constrs_1/imports/Downloads/Cmod-A7-Master.xdc:22]
WARNING: [Vivado 12-4775] These ranges will be aligned to a tile boundary: SLICE_X0Y0:SLICE_X4Y10 [C:/Users/ilpes/TDC_a35t/TDC_a35t_v10_RO_132_output_RO/TDC_a35t_v10_RO_132_output_RO.srcs/constrs_1/imports/Downloads/Cmod-A7-Master.xdc:549]
Finished Parsing XDC File [C:/Users/ilpes/TDC_a35t/TDC_a35t_v10_RO_132_output_RO/TDC_a35t_v10_RO_132_output_RO.srcs/constrs_1/imports/Downloads/Cmod-A7-Master.xdc]
INFO: [Opt 31-138] Pushed 0 inverter(s) to 0 load pin(s).
Netlist sorting complete. Time (s): cpu = 00:00:00 ; elapsed = 00:00:00 . Memory (MB): peak = 1627.430 ; gain = 0.000
INFO: [Project 1-111] Unisim Transformation Summary:
No Unisim elements were transformed.

10 Infos, 4 Warnings, 2 Critical Warnings and 0 Errors encountered.
link_design completed successfully
link_design: Time (s): cpu = 00:00:12 ; elapsed = 00:00:14 . Memory (MB): peak = 1627.430 ; gain = 483.043
Command: opt_design
Attempting to get a license for feature 'Implementation' and/or device 'xc7a35t'
INFO: [Common 17-349] Got license for feature 'Implementation' and/or device 'xc7a35t'
Running DRC as a precondition to command opt_design

Starting DRC Task
INFO: [DRC 23-27] Running DRC with 2 threads
INFO: [Project 1-461] DRC finished with 0 Errors
INFO: [Project 1-462] Please refer to the DRC report (report_drc) for more information.

Time (s): cpu = 00:00:02 ; elapsed = 00:00:01 . Memory (MB): peak = 1627.430 ; gain = 0.000

Starting Cache Timing Information Task
INFO: [Timing 38-35] Done setting XDC timing constraints.
INFO: [Timing 38-2] Deriving generated clocks
Ending Cache Timing Information Task | Checksum: 1e1c42422

Time (s): cpu = 00:00:00 ; elapsed = 00:00:00.062 . Memory (MB): peak = 1646.324 ; gain = 18.895

Starting Logic Optimization Task

Phase 1 Retarget
INFO: [Opt 31-138] Pushed 0 inverter(s) to 0 load pin(s).
INFO: [Opt 31-49] Retargeted 0 cell(s).
Phase 1 Retarget | Checksum: 1e1c42422

Time (s): cpu = 00:00:00 ; elapsed = 00:00:00.074 . Memory (MB): peak = 1850.176 ; gain = 0.000
INFO: [Opt 31-389] Phase Retarget created 0 cells and removed 0 cells
INFO: [Opt 31-1021] In phase Retarget, 68 netlist objects are constrained preventing optimization. Please run opt_design with -debug_log to get more detail. 

Phase 2 Constant propagation
INFO: [Opt 31-138] Pushed 0 inverter(s) to 0 load pin(s).
Phase 2 Constant propagation | Checksum: 1e1c42422

Time (s): cpu = 00:00:00 ; elapsed = 00:00:00.082 . Memory (MB): peak = 1850.176 ; gain = 0.000
INFO: [Opt 31-389] Phase Constant propagation created 0 cells and removed 0 cells
INFO: [Opt 31-1021] In phase Constant propagation, 67 netlist objects are constrained preventing optimization. Please run opt_design with -debug_log to get more detail. 

Phase 3 Sweep
Phase 3 Sweep | Checksum: 12d178aa3

Time (s): cpu = 00:00:00 ; elapsed = 00:00:00.099 . Memory (MB): peak = 1850.176 ; gain = 0.000
INFO: [Opt 31-389] Phase Sweep created 0 cells and removed 1 cells
INFO: [Opt 31-1021] In phase Sweep, 67 netlist objects are constrained preventing optimization. Please run opt_design with -debug_log to get more detail. 

Phase 4 BUFG optimization
Phase 4 BUFG optimization | Checksum: 12d178aa3

Time (s): cpu = 00:00:00 ; elapsed = 00:00:00.117 . Memory (MB): peak = 1850.176 ; gain = 0.000
INFO: [Opt 31-662] Phase BUFG optimization created 0 cells of which 0 are BUFGs and removed 0 cells.
INFO: [Opt 31-1021] In phase BUFG optimization, 1 netlist objects are constrained preventing optimization. Please run opt_design with -debug_log to get more detail. 

Phase 5 Shift Register Optimization
INFO: [Opt 31-1064] SRL Remap converted 0 SRLs to 0 registers and converted 0 registers of register chains to 0 SRLs
Phase 5 Shift Register Optimization | Checksum: 12d178aa3

Time (s): cpu = 00:00:00 ; elapsed = 00:00:00.122 . Memory (MB): peak = 1850.176 ; gain = 0.000
INFO: [Opt 31-389] Phase Shift Register Optimization created 0 cells and removed 0 cells

Phase 6 Post Processing Netlist
Phase 6 Post Processing Netlist | Checksum: 12d178aa3

Time (s): cpu = 00:00:00 ; elapsed = 00:00:00.129 . Memory (MB): peak = 1850.176 ; gain = 0.000
INFO: [Opt 31-389] Phase Post Processing Netlist created 0 cells and removed 0 cells
INFO: [Opt 31-1021] In phase Post Processing Netlist, 67 netlist objects are constrained preventing optimization. Please run opt_design with -debug_log to get more detail. 
Opt_design Change Summary
=========================


-------------------------------------------------------------------------------------------------------------------------
|  Phase                        |  #Cells created  |  #Cells Removed  |  #Constrained objects preventing optimizations  |
-------------------------------------------------------------------------------------------------------------------------
|  Retarget                     |               0  |               0  |                                             68  |
|  Constant propagation         |               0  |               0  |                                             67  |
|  Sweep                        |               0  |               1  |                                             67  |
|  BUFG optimization            |               0  |               0  |                                              1  |
|  Shift Register Optimization  |               0  |               0  |                                              0  |
|  Post Processing Netlist      |               0  |               0  |                                             67  |
-------------------------------------------------------------------------------------------------------------------------



Starting Connectivity Check Task

Time (s): cpu = 00:00:00 ; elapsed = 00:00:00.001 . Memory (MB): peak = 1850.176 ; gain = 0.000
Ending Logic Optimization Task | Checksum: 17b39b5bc

Time (s): cpu = 00:00:00 ; elapsed = 00:00:00.140 . Memory (MB): peak = 1850.176 ; gain = 0.000

Starting Power Optimization Task
INFO: [Pwropt 34-132] Skipping clock gating for clocks with a period < 2.00 ns.
Ending Power Optimization Task | Checksum: 17b39b5bc

Time (s): cpu = 00:00:00 ; elapsed = 00:00:00.024 . Memory (MB): peak = 1850.176 ; gain = 0.000

Starting Final Cleanup Task
Ending Final Cleanup Task | Checksum: 17b39b5bc

Time (s): cpu = 00:00:00 ; elapsed = 00:00:00.001 . Memory (MB): peak = 1850.176 ; gain = 0.000

Starting Netlist Obfuscation Task
Netlist sorting complete. Time (s): cpu = 00:00:00 ; elapsed = 00:00:00.001 . Memory (MB): peak = 1850.176 ; gain = 0.000
Ending Netlist Obfuscation Task | Checksum: 17b39b5bc

Time (s): cpu = 00:00:00 ; elapsed = 00:00:00.001 . Memory (MB): peak = 1850.176 ; gain = 0.000
INFO: [Common 17-83] Releasing license: Implementation
33 Infos, 4 Warnings, 2 Critical Warnings and 0 Errors encountered.
opt_design completed successfully
INFO: [Timing 38-480] Writing timing data to binary archive.
Writing placer database...
Writing XDEF routing.
Writing XDEF routing logical nets.
Writing XDEF routing special nets.
Write XDEF Complete: Time (s): cpu = 00:00:00 ; elapsed = 00:00:00.053 . Memory (MB): peak = 1850.176 ; gain = 0.000
INFO: [Common 17-1381] The checkpoint 'C:/Users/ilpes/TDC_a35t/TDC_a35t_v10_RO_132_output_RO/TDC_a35t_v10_RO_132_output_RO.runs/impl_1/TDCchannel_opt.dcp' has been generated.
INFO: [runtcl-4] Executing : report_drc -file TDCchannel_drc_opted.rpt -pb TDCchannel_drc_opted.pb -rpx TDCchannel_drc_opted.rpx
Command: report_drc -file TDCchannel_drc_opted.rpt -pb TDCchannel_drc_opted.pb -rpx TDCchannel_drc_opted.rpx
INFO: [IP_Flow 19-1839] IP Catalog is up to date.
INFO: [Timing 38-35] Done setting XDC timing constraints.
INFO: [DRC 23-27] Running DRC with 2 threads
INFO: [Coretcl 2-168] The results of DRC are in file C:/Users/ilpes/TDC_a35t/TDC_a35t_v10_RO_132_output_RO/TDC_a35t_v10_RO_132_output_RO.runs/impl_1/TDCchannel_drc_opted.rpt.
report_drc completed successfully
Command: place_design
Attempting to get a license for feature 'Implementation' and/or device 'xc7a35t'
INFO: [Common 17-349] Got license for feature 'Implementation' and/or device 'xc7a35t'
INFO: [DRC 23-27] Running DRC with 2 threads
INFO: [Vivado_Tcl 4-198] DRC finished with 0 Errors
INFO: [Vivado_Tcl 4-199] Please refer to the DRC report (report_drc) for more information.
Running DRC as a precondition to command place_design
INFO: [DRC 23-27] Running DRC with 2 threads
WARNING: [DRC LUTLP-2] Combinatorial Loop Allowed: 67 LUT cells form a combinatorial loop. This can create a race condition. Timing analysis may not be accurate. The preferred resolution is to modify the design to remove combinatorial logic loops. This loop has been identified in the constraints as being known and understood by use of the ALLOW_COMBINATORIAL_LOOPS property on a net in the loop. The cells in the loop are: ro/nodes_inferred_i_1, ro/nodes_inferred_i_2, ro/nodes_inferred_i_3, ro/nodes_inferred_i_4, ro/nodes_inferred_i_5, ro/nodes_inferred_i_6, ro/nodes_inferred_i_7, ro/nodes_inferred_i_8, ro/nodes_inferred_i_9, ro/nodes_inferred_i_10, ro/nodes_inferred_i_11, ro/nodes_inferred_i_12, ro/nodes_inferred_i_13, ro/nodes_inferred_i_14, ro/nodes_inferred_i_15... and (the first 15 of 67 listed).
INFO: [Vivado_Tcl 4-198] DRC finished with 0 Errors, 1 Warnings
INFO: [Vivado_Tcl 4-199] Please refer to the DRC report (report_drc) for more information.

Starting Placer Task
INFO: [Place 30-611] Multithreading enabled for place_design using a maximum of 2 CPUs

Phase 1 Placer Initialization

Phase 1.1 Placer Initialization Netlist Sorting
Netlist sorting complete. Time (s): cpu = 00:00:00 ; elapsed = 00:00:00 . Memory (MB): peak = 1902.344 ; gain = 0.000
Phase 1.1 Placer Initialization Netlist Sorting | Checksum: 130e1f1c0

Time (s): cpu = 00:00:00 ; elapsed = 00:00:00.024 . Memory (MB): peak = 1902.344 ; gain = 0.000
Netlist sorting complete. Time (s): cpu = 00:00:00 ; elapsed = 00:00:00 . Memory (MB): peak = 1902.344 ; gain = 0.000

Phase 1.2 IO Placement/ Clock Placement/ Build Placer Device
WARNING: [Place 30-568] A LUT 'ro/nodes_orig0__63' is driving clock pin of 9 registers. This could lead to large hold time violations. First few involved registers are:
	count_reg_reg[4] {FDCE}
	count_reg_reg[2] {FDCE}
	count_reg_reg[0] {FDCE}
	count_reg_reg[1] {FDCE}
	count_reg_reg[7] {FDCE}
Phase 1.2 IO Placement/ Clock Placement/ Build Placer Device | Checksum: 10a2a5f08

Time (s): cpu = 00:00:00 ; elapsed = 00:00:00.175 . Memory (MB): peak = 1902.344 ; gain = 0.000

Phase 1.3 Build Placer Netlist Model
Phase 1.3 Build Placer Netlist Model | Checksum: 20df5e4ba

Time (s): cpu = 00:00:00 ; elapsed = 00:00:00.428 . Memory (MB): peak = 1902.344 ; gain = 0.000

Phase 1.4 Constrain Clocks/Macros
Phase 1.4 Constrain Clocks/Macros | Checksum: 20df5e4ba

Time (s): cpu = 00:00:00 ; elapsed = 00:00:00.434 . Memory (MB): peak = 1902.344 ; gain = 0.000
Phase 1 Placer Initialization | Checksum: 20df5e4ba

Time (s): cpu = 00:00:00 ; elapsed = 00:00:00.445 . Memory (MB): peak = 1902.344 ; gain = 0.000

Phase 2 Global Placement

Phase 2.1 Floorplanning
Phase 2.1 Floorplanning | Checksum: 20328ff47

Time (s): cpu = 00:00:01 ; elapsed = 00:00:00.653 . Memory (MB): peak = 1902.344 ; gain = 0.000

Phase 2.2 Update Timing before SLR Path Opt
Phase 2.2 Update Timing before SLR Path Opt | Checksum: 16c12075e

Time (s): cpu = 00:00:01 ; elapsed = 00:00:00.715 . Memory (MB): peak = 1902.344 ; gain = 0.000

Phase 2.3 Global Placement Core

Phase 2.3.1 Physical Synthesis In Placer
INFO: [Physopt 32-1035] Found 0 LUTNM shape to break, 5 LUT instances to create LUTNM shape
INFO: [Physopt 32-1044] Break lutnm for timing: one critical 0, two critical 0, total 0, new lutff created 0
INFO: [Physopt 32-775] End 1 Pass. Optimized 2 nets or cells. Created 0 new cell, deleted 2 existing cells and moved 0 existing cell
INFO: [Physopt 32-65] No nets found for high-fanout optimization.
INFO: [Physopt 32-232] Optimized 0 net. Created 0 new instance.
INFO: [Physopt 32-775] End 1 Pass. Optimized 0 net or cell. Created 0 new cell, deleted 0 existing cell and moved 0 existing cell
INFO: [Physopt 32-456] No candidate cells for DSP register optimization found in the design.
INFO: [Physopt 32-775] End 2 Pass. Optimized 0 net or cell. Created 0 new cell, deleted 0 existing cell and moved 0 existing cell
INFO: [Physopt 32-1123] No candidate cells found for Shift Register to Pipeline optimization
INFO: [Physopt 32-775] End 1 Pass. Optimized 0 net or cell. Created 0 new cell, deleted 0 existing cell and moved 0 existing cell
INFO: [Physopt 32-677] No candidate cells for Shift Register optimization found in the design
INFO: [Physopt 32-775] End 1 Pass. Optimized 0 net or cell. Created 0 new cell, deleted 0 existing cell and moved 0 existing cell
INFO: [Physopt 32-526] No candidate cells for BRAM register optimization found in the design
INFO: [Physopt 32-775] End 1 Pass. Optimized 0 net or cell. Created 0 new cell, deleted 0 existing cell and moved 0 existing cell
INFO: [Physopt 32-846] No candidate cells for URAM register optimization found in the design
INFO: [Physopt 32-775] End 2 Pass. Optimized 0 net or cell. Created 0 new cell, deleted 0 existing cell and moved 0 existing cell
INFO: [Physopt 32-949] No candidate nets found for dynamic/static region interface net replication
INFO: [Physopt 32-775] End 1 Pass. Optimized 0 net or cell. Created 0 new cell, deleted 0 existing cell and moved 0 existing cell
Netlist sorting complete. Time (s): cpu = 00:00:00 ; elapsed = 00:00:00 . Memory (MB): peak = 1902.344 ; gain = 0.000

Summary of Physical Synthesis Optimizations
============================================


-----------------------------------------------------------------------------------------------------------------------------------------------------------
|  Optimization                                     |  Added Cells  |  Removed Cells  |  Optimized Cells/Nets  |  Dont Touch  |  Iterations  |  Elapsed   |
-----------------------------------------------------------------------------------------------------------------------------------------------------------
|  LUT Combining                                    |            0  |              2  |                     2  |           0  |           1  |  00:00:00  |
|  Very High Fanout                                 |            0  |              0  |                     0  |           0  |           1  |  00:00:00  |
|  DSP Register                                     |            0  |              0  |                     0  |           0  |           1  |  00:00:00  |
|  Shift Register to Pipeline                       |            0  |              0  |                     0  |           0  |           1  |  00:00:00  |
|  Shift Register                                   |            0  |              0  |                     0  |           0  |           1  |  00:00:00  |
|  BRAM Register                                    |            0  |              0  |                     0  |           0  |           1  |  00:00:00  |
|  URAM Register                                    |            0  |              0  |                     0  |           0  |           1  |  00:00:00  |
|  Dynamic/Static Region Interface Net Replication  |            0  |              0  |                     0  |           0  |           1  |  00:00:00  |
|  Total                                            |            0  |              2  |                     2  |           0  |           8  |  00:00:00  |
-----------------------------------------------------------------------------------------------------------------------------------------------------------


Phase 2.3.1 Physical Synthesis In Placer | Checksum: 1faca44d1

Time (s): cpu = 00:00:02 ; elapsed = 00:00:03 . Memory (MB): peak = 1902.344 ; gain = 0.000
Phase 2.3 Global Placement Core | Checksum: 23f1c59fc

Time (s): cpu = 00:00:02 ; elapsed = 00:00:03 . Memory (MB): peak = 1902.344 ; gain = 0.000
Phase 2 Global Placement | Checksum: 23f1c59fc

Time (s): cpu = 00:00:02 ; elapsed = 00:00:03 . Memory (MB): peak = 1902.344 ; gain = 0.000

Phase 3 Detail Placement

Phase 3.1 Commit Multi Column Macros
Phase 3.1 Commit Multi Column Macros | Checksum: 1d4886b79

Time (s): cpu = 00:00:02 ; elapsed = 00:00:03 . Memory (MB): peak = 1902.344 ; gain = 0.000

Phase 3.2 Commit Most Macros & LUTRAMs
Phase 3.2 Commit Most Macros & LUTRAMs | Checksum: 1eb623c60

Time (s): cpu = 00:00:02 ; elapsed = 00:00:03 . Memory (MB): peak = 1902.344 ; gain = 0.000

Phase 3.3 Area Swap Optimization
Phase 3.3 Area Swap Optimization | Checksum: 1660fe373

Time (s): cpu = 00:00:02 ; elapsed = 00:00:03 . Memory (MB): peak = 1902.344 ; gain = 0.000

Phase 3.4 Pipeline Register Optimization
Phase 3.4 Pipeline Register Optimization | Checksum: 1a8adfb87

Time (s): cpu = 00:00:02 ; elapsed = 00:00:03 . Memory (MB): peak = 1902.344 ; gain = 0.000

Phase 3.5 Fast Optimization
Phase 3.5 Fast Optimization | Checksum: 224b112db

Time (s): cpu = 00:00:02 ; elapsed = 00:00:03 . Memory (MB): peak = 1902.344 ; gain = 0.000

Phase 3.6 Small Shape Detail Placement
Phase 3.6 Small Shape Detail Placement | Checksum: 1e7f716d5

Time (s): cpu = 00:00:03 ; elapsed = 00:00:03 . Memory (MB): peak = 1902.344 ; gain = 0.000

Phase 3.7 Re-assign LUT pins
Phase 3.7 Re-assign LUT pins | Checksum: 155959789

Time (s): cpu = 00:00:03 ; elapsed = 00:00:03 . Memory (MB): peak = 1902.344 ; gain = 0.000

Phase 3.8 Pipeline Register Optimization
Phase 3.8 Pipeline Register Optimization | Checksum: 195f3afb5

Time (s): cpu = 00:00:03 ; elapsed = 00:00:03 . Memory (MB): peak = 1902.344 ; gain = 0.000

Phase 3.9 Fast Optimization
Phase 3.9 Fast Optimization | Checksum: 2b3f44e18

Time (s): cpu = 00:00:03 ; elapsed = 00:00:04 . Memory (MB): peak = 1902.344 ; gain = 0.000
Phase 3 Detail Placement | Checksum: 2b3f44e18

Time (s): cpu = 00:00:03 ; elapsed = 00:00:04 . Memory (MB): peak = 1902.344 ; gain = 0.000

Phase 4 Post Placement Optimization and Clean-Up

Phase 4.1 Post Commit Optimization
INFO: [Timing 38-35] Done setting XDC timing constraints.

Phase 4.1.1 Post Placement Optimization
Post Placement Optimization Initialization | Checksum: 1108f8046

Phase 4.1.1.1 BUFG Insertion

Starting Physical Synthesis Task

Phase 1 Physical Synthesis Initialization
INFO: [Physopt 32-721] Multithreading enabled for phys_opt_design using a maximum of 2 CPUs
INFO: [Physopt 32-619] Estimated Timing Summary | WNS=-4.065 | TNS=-293.949 |
Phase 1 Physical Synthesis Initialization | Checksum: 8074d296

Time (s): cpu = 00:00:00 ; elapsed = 00:00:00.055 . Memory (MB): peak = 1902.344 ; gain = 0.000
INFO: [Place 46-56] BUFG insertion identified 0 candidate nets. Inserted BUFG: 0, Replicated BUFG Driver: 0, Skipped due to Placement/Routing Conflicts: 0, Skipped due to Timing Degradation: 0, Skipped due to Illegal Netlist: 0.
Ending Physical Synthesis Task | Checksum: 13f69964d

Time (s): cpu = 00:00:00 ; elapsed = 00:00:00.058 . Memory (MB): peak = 1902.344 ; gain = 0.000
Phase 4.1.1.1 BUFG Insertion | Checksum: 1108f8046

Time (s): cpu = 00:00:03 ; elapsed = 00:00:04 . Memory (MB): peak = 1902.344 ; gain = 0.000
INFO: [Place 30-746] Post Placement Timing Summary WNS=-4.065. For the most accurate timing information please run report_timing.

Time (s): cpu = 00:00:04 ; elapsed = 00:00:05 . Memory (MB): peak = 1902.344 ; gain = 0.000
Phase 4.1 Post Commit Optimization | Checksum: 17bd6bc0c

Time (s): cpu = 00:00:04 ; elapsed = 00:00:05 . Memory (MB): peak = 1902.344 ; gain = 0.000

Phase 4.2 Post Placement Cleanup
Phase 4.2 Post Placement Cleanup | Checksum: 17bd6bc0c

Time (s): cpu = 00:00:04 ; elapsed = 00:00:05 . Memory (MB): peak = 1902.344 ; gain = 0.000

Phase 4.3 Placer Reporting

Phase 4.3.1 Print Estimated Congestion
INFO: [Place 30-612] Post-Placement Estimated Congestion 
 ____________________________________________________
|           | Global Congestion | Short Congestion  |
| Direction | Region Size       | Region Size       |
|___________|___________________|___________________|
|      North|                1x1|                1x1|
|___________|___________________|___________________|
|      South|                1x1|                1x1|
|___________|___________________|___________________|
|       East|                1x1|                1x1|
|___________|___________________|___________________|
|       West|                1x1|                1x1|
|___________|___________________|___________________|

Phase 4.3.1 Print Estimated Congestion | Checksum: 17bd6bc0c

Time (s): cpu = 00:00:04 ; elapsed = 00:00:05 . Memory (MB): peak = 1902.344 ; gain = 0.000
Phase 4.3 Placer Reporting | Checksum: 17bd6bc0c

Time (s): cpu = 00:00:04 ; elapsed = 00:00:05 . Memory (MB): peak = 1902.344 ; gain = 0.000

Phase 4.4 Final Placement Cleanup
Netlist sorting complete. Time (s): cpu = 00:00:00 ; elapsed = 00:00:00 . Memory (MB): peak = 1902.344 ; gain = 0.000

Time (s): cpu = 00:00:04 ; elapsed = 00:00:05 . Memory (MB): peak = 1902.344 ; gain = 0.000
Phase 4 Post Placement Optimization and Clean-Up | Checksum: 1b80bb2aa

Time (s): cpu = 00:00:04 ; elapsed = 00:00:05 . Memory (MB): peak = 1902.344 ; gain = 0.000
Ending Placer Task | Checksum: 13146c8ef

Time (s): cpu = 00:00:04 ; elapsed = 00:00:05 . Memory (MB): peak = 1902.344 ; gain = 0.000
INFO: [Common 17-83] Releasing license: Implementation
73 Infos, 6 Warnings, 2 Critical Warnings and 0 Errors encountered.
place_design completed successfully
place_design: Time (s): cpu = 00:00:06 ; elapsed = 00:00:06 . Memory (MB): peak = 1902.344 ; gain = 1.004
INFO: [Timing 38-480] Writing timing data to binary archive.
Writing placer database...
Writing XDEF routing.
Writing XDEF routing logical nets.
Writing XDEF routing special nets.
Write XDEF Complete: Time (s): cpu = 00:00:01 ; elapsed = 00:00:00.104 . Memory (MB): peak = 1902.344 ; gain = 0.000
INFO: [Common 17-1381] The checkpoint 'C:/Users/ilpes/TDC_a35t/TDC_a35t_v10_RO_132_output_RO/TDC_a35t_v10_RO_132_output_RO.runs/impl_1/TDCchannel_placed.dcp' has been generated.
INFO: [runtcl-4] Executing : report_io -file TDCchannel_io_placed.rpt
report_io: Time (s): cpu = 00:00:00 ; elapsed = 00:00:00.020 . Memory (MB): peak = 1902.344 ; gain = 0.000
INFO: [runtcl-4] Executing : report_utilization -file TDCchannel_utilization_placed.rpt -pb TDCchannel_utilization_placed.pb
INFO: [runtcl-4] Executing : report_control_sets -verbose -file TDCchannel_control_sets_placed.rpt
report_control_sets: Time (s): cpu = 00:00:00 ; elapsed = 00:00:00.004 . Memory (MB): peak = 1902.344 ; gain = 0.000
Command: phys_opt_design
Attempting to get a license for feature 'Implementation' and/or device 'xc7a35t'
INFO: [Common 17-349] Got license for feature 'Implementation' and/or device 'xc7a35t'
Netlist sorting complete. Time (s): cpu = 00:00:00 ; elapsed = 00:00:00 . Memory (MB): peak = 1902.344 ; gain = 0.000

Starting Physical Synthesis Task

Phase 1 Physical Synthesis Initialization
INFO: [Physopt 32-721] Multithreading enabled for phys_opt_design using a maximum of 2 CPUs
INFO: [Physopt 32-619] Estimated Timing Summary | WNS=-4.065 | TNS=-293.949 |
Phase 1 Physical Synthesis Initialization | Checksum: 168ee9003

Time (s): cpu = 00:00:00 ; elapsed = 00:00:00.160 . Memory (MB): peak = 1902.344 ; gain = 0.000
INFO: [Physopt 32-619] Estimated Timing Summary | WNS=-4.065 | TNS=-293.949 |

Phase 2 DSP Register Optimization
INFO: [Physopt 32-456] No candidate cells for DSP register optimization found in the design.
INFO: [Physopt 32-775] End 2 Pass. Optimized 0 net or cell. Created 0 new cell, deleted 0 existing cell and moved 0 existing cell
Phase 2 DSP Register Optimization | Checksum: 168ee9003

Time (s): cpu = 00:00:00 ; elapsed = 00:00:00.168 . Memory (MB): peak = 1902.344 ; gain = 0.000

Phase 3 Critical Path Optimization
INFO: [Physopt 32-619] Estimated Timing Summary | WNS=-4.065 | TNS=-293.949 |
INFO: [Physopt 32-702] Processed net Delay_line/metaThermo[128]. Optimizations did not improve timing on the net.
INFO: [Physopt 32-662] Processed net Delay_line/CYINIT.  Did not re-place instance Delay_line/hitQ_reg
INFO: [Physopt 32-702] Processed net Delay_line/CYINIT. Optimizations did not improve timing on the net.
INFO: [Physopt 32-702] Processed net Delay_line/GEN_CarryChain[31].CARRY4_inst_n_0. Optimizations did not improve timing on the net.
INFO: [Physopt 32-702] Processed net Delay_line/GEN_CarryChain[30].CARRY4_inst_n_0. Optimizations did not improve timing on the net.
INFO: [Physopt 32-702] Processed net Delay_line/GEN_CarryChain[29].CARRY4_inst_n_0. Optimizations did not improve timing on the net.
INFO: [Physopt 32-702] Processed net Delay_line/GEN_CarryChain[28].CARRY4_inst_n_0. Optimizations did not improve timing on the net.
INFO: [Physopt 32-702] Processed net Delay_line/GEN_CarryChain[27].CARRY4_inst_n_0. Optimizations did not improve timing on the net.
INFO: [Physopt 32-702] Processed net Delay_line/GEN_CarryChain[26].CARRY4_inst_n_0. Optimizations did not improve timing on the net.
INFO: [Physopt 32-702] Processed net Delay_line/GEN_CarryChain[25].CARRY4_inst_n_0. Optimizations did not improve timing on the net.
INFO: [Physopt 32-702] Processed net Delay_line/GEN_CarryChain[24].CARRY4_inst_n_0. Optimizations did not improve timing on the net.
INFO: [Physopt 32-702] Processed net Delay_line/GEN_CarryChain[23].CARRY4_inst_n_0. Optimizations did not improve timing on the net.
INFO: [Physopt 32-702] Processed net Delay_line/GEN_CarryChain[22].CARRY4_inst_n_0. Optimizations did not improve timing on the net.
INFO: [Physopt 32-702] Processed net Delay_line/GEN_CarryChain[21].CARRY4_inst_n_0. Optimizations did not improve timing on the net.
INFO: [Physopt 32-702] Processed net Delay_line/GEN_CarryChain[20].CARRY4_inst_n_0. Optimizations did not improve timing on the net.
INFO: [Physopt 32-702] Processed net Delay_line/GEN_CarryChain[19].CARRY4_inst_n_0. Optimizations did not improve timing on the net.
INFO: [Physopt 32-702] Processed net Delay_line/GEN_CarryChain[18].CARRY4_inst_n_0. Optimizations did not improve timing on the net.
INFO: [Physopt 32-702] Processed net Delay_line/GEN_CarryChain[17].CARRY4_inst_n_0. Optimizations did not improve timing on the net.
INFO: [Physopt 32-702] Processed net Delay_line/GEN_CarryChain[16].CARRY4_inst_n_0. Optimizations did not improve timing on the net.
INFO: [Physopt 32-702] Processed net Delay_line/GEN_CarryChain[15].CARRY4_inst_n_0. Optimizations did not improve timing on the net.
INFO: [Physopt 32-702] Processed net Delay_line/GEN_CarryChain[14].CARRY4_inst_n_0. Optimizations did not improve timing on the net.
INFO: [Physopt 32-702] Processed net Delay_line/GEN_CarryChain[13].CARRY4_inst_n_0. Optimizations did not improve timing on the net.
INFO: [Physopt 32-702] Processed net Delay_line/GEN_CarryChain[12].CARRY4_inst_n_0. Optimizations did not improve timing on the net.
INFO: [Physopt 32-702] Processed net Delay_line/GEN_CarryChain[11].CARRY4_inst_n_0. Optimizations did not improve timing on the net.
INFO: [Physopt 32-702] Processed net Delay_line/GEN_CarryChain[10].CARRY4_inst_n_0. Optimizations did not improve timing on the net.
INFO: [Physopt 32-702] Processed net Delay_line/GEN_CarryChain[9].CARRY4_inst_n_0. Optimizations did not improve timing on the net.
INFO: [Physopt 32-702] Processed net Delay_line/GEN_CarryChain[8].CARRY4_inst_n_0. Optimizations did not improve timing on the net.
INFO: [Physopt 32-702] Processed net Delay_line/GEN_CarryChain[7].CARRY4_inst_n_0. Optimizations did not improve timing on the net.
INFO: [Physopt 32-702] Processed net Delay_line/GEN_CarryChain[6].CARRY4_inst_n_0. Optimizations did not improve timing on the net.
INFO: [Physopt 32-702] Processed net Delay_line/GEN_CarryChain[5].CARRY4_inst_n_0. Optimizations did not improve timing on the net.
INFO: [Physopt 32-702] Processed net Delay_line/GEN_CarryChain[4].CARRY4_inst_n_0. Optimizations did not improve timing on the net.
INFO: [Physopt 32-702] Processed net Delay_line/GEN_CarryChain[3].CARRY4_inst_n_0. Optimizations did not improve timing on the net.
INFO: [Physopt 32-702] Processed net Delay_line/GEN_CarryChain[2].CARRY4_inst_n_0. Optimizations did not improve timing on the net.
INFO: [Physopt 32-702] Processed net Delay_line/GEN_CarryChain[1].CARRY4_inst_n_0. Optimizations did not improve timing on the net.
INFO: [Physopt 32-702] Processed net Delay_line/CI. Optimizations did not improve timing on the net.
INFO: [Physopt 32-702] Processed net Delay_line/CO[0]. Optimizations did not improve timing on the net.
INFO: [Physopt 32-702] Processed net Delay_line/metaThermo[128]. Optimizations did not improve timing on the net.
INFO: [Physopt 32-662] Processed net Delay_line/CYINIT.  Did not re-place instance Delay_line/hitQ_reg
INFO: [Physopt 32-702] Processed net Delay_line/CYINIT. Optimizations did not improve timing on the net.
INFO: [Physopt 32-702] Processed net Delay_line/GEN_CarryChain[31].CARRY4_inst_n_0. Optimizations did not improve timing on the net.
INFO: [Physopt 32-702] Processed net Delay_line/GEN_CarryChain[30].CARRY4_inst_n_0. Optimizations did not improve timing on the net.
INFO: [Physopt 32-702] Processed net Delay_line/GEN_CarryChain[29].CARRY4_inst_n_0. Optimizations did not improve timing on the net.
INFO: [Physopt 32-702] Processed net Delay_line/GEN_CarryChain[28].CARRY4_inst_n_0. Optimizations did not improve timing on the net.
INFO: [Physopt 32-702] Processed net Delay_line/GEN_CarryChain[27].CARRY4_inst_n_0. Optimizations did not improve timing on the net.
INFO: [Physopt 32-702] Processed net Delay_line/GEN_CarryChain[26].CARRY4_inst_n_0. Optimizations did not improve timing on the net.
INFO: [Physopt 32-702] Processed net Delay_line/GEN_CarryChain[25].CARRY4_inst_n_0. Optimizations did not improve timing on the net.
INFO: [Physopt 32-702] Processed net Delay_line/GEN_CarryChain[24].CARRY4_inst_n_0. Optimizations did not improve timing on the net.
INFO: [Physopt 32-702] Processed net Delay_line/GEN_CarryChain[23].CARRY4_inst_n_0. Optimizations did not improve timing on the net.
INFO: [Physopt 32-702] Processed net Delay_line/GEN_CarryChain[22].CARRY4_inst_n_0. Optimizations did not improve timing on the net.
INFO: [Physopt 32-702] Processed net Delay_line/GEN_CarryChain[21].CARRY4_inst_n_0. Optimizations did not improve timing on the net.
INFO: [Physopt 32-702] Processed net Delay_line/GEN_CarryChain[20].CARRY4_inst_n_0. Optimizations did not improve timing on the net.
INFO: [Physopt 32-702] Processed net Delay_line/GEN_CarryChain[19].CARRY4_inst_n_0. Optimizations did not improve timing on the net.
INFO: [Physopt 32-702] Processed net Delay_line/GEN_CarryChain[18].CARRY4_inst_n_0. Optimizations did not improve timing on the net.
INFO: [Physopt 32-702] Processed net Delay_line/GEN_CarryChain[17].CARRY4_inst_n_0. Optimizations did not improve timing on the net.
INFO: [Physopt 32-702] Processed net Delay_line/GEN_CarryChain[16].CARRY4_inst_n_0. Optimizations did not improve timing on the net.
INFO: [Physopt 32-702] Processed net Delay_line/GEN_CarryChain[15].CARRY4_inst_n_0. Optimizations did not improve timing on the net.
INFO: [Physopt 32-702] Processed net Delay_line/GEN_CarryChain[14].CARRY4_inst_n_0. Optimizations did not improve timing on the net.
INFO: [Physopt 32-702] Processed net Delay_line/GEN_CarryChain[13].CARRY4_inst_n_0. Optimizations did not improve timing on the net.
INFO: [Physopt 32-702] Processed net Delay_line/GEN_CarryChain[12].CARRY4_inst_n_0. Optimizations did not improve timing on the net.
INFO: [Physopt 32-702] Processed net Delay_line/GEN_CarryChain[11].CARRY4_inst_n_0. Optimizations did not improve timing on the net.
INFO: [Physopt 32-702] Processed net Delay_line/GEN_CarryChain[10].CARRY4_inst_n_0. Optimizations did not improve timing on the net.
INFO: [Physopt 32-702] Processed net Delay_line/GEN_CarryChain[9].CARRY4_inst_n_0. Optimizations did not improve timing on the net.
INFO: [Physopt 32-702] Processed net Delay_line/GEN_CarryChain[8].CARRY4_inst_n_0. Optimizations did not improve timing on the net.
INFO: [Physopt 32-702] Processed net Delay_line/GEN_CarryChain[7].CARRY4_inst_n_0. Optimizations did not improve timing on the net.
INFO: [Physopt 32-702] Processed net Delay_line/GEN_CarryChain[6].CARRY4_inst_n_0. Optimizations did not improve timing on the net.
INFO: [Physopt 32-702] Processed net Delay_line/GEN_CarryChain[5].CARRY4_inst_n_0. Optimizations did not improve timing on the net.
INFO: [Physopt 32-702] Processed net Delay_line/GEN_CarryChain[4].CARRY4_inst_n_0. Optimizations did not improve timing on the net.
INFO: [Physopt 32-702] Processed net Delay_line/GEN_CarryChain[3].CARRY4_inst_n_0. Optimizations did not improve timing on the net.
INFO: [Physopt 32-702] Processed net Delay_line/GEN_CarryChain[2].CARRY4_inst_n_0. Optimizations did not improve timing on the net.
INFO: [Physopt 32-702] Processed net Delay_line/GEN_CarryChain[1].CARRY4_inst_n_0. Optimizations did not improve timing on the net.
INFO: [Physopt 32-702] Processed net Delay_line/CI. Optimizations did not improve timing on the net.
INFO: [Physopt 32-702] Processed net Delay_line/CO[0]. Optimizations did not improve timing on the net.
INFO: [Physopt 32-619] Estimated Timing Summary | WNS=-4.065 | TNS=-293.949 |
Phase 3 Critical Path Optimization | Checksum: 168ee9003

Time (s): cpu = 00:00:01 ; elapsed = 00:00:00.284 . Memory (MB): peak = 1902.344 ; gain = 0.000
Netlist sorting complete. Time (s): cpu = 00:00:00 ; elapsed = 00:00:00 . Memory (MB): peak = 1902.344 ; gain = 0.000
INFO: [Physopt 32-603] Post Physical Optimization Timing Summary | WNS=-4.065 | TNS=-293.949 |

Summary of Physical Synthesis Optimizations
============================================


-------------------------------------------------------------------------------------------------------------------------------------------------------------
|  Optimization   |  WNS Gain (ns)  |  TNS Gain (ns)  |  Added Cells  |  Removed Cells  |  Optimized Cells/Nets  |  Dont Touch  |  Iterations  |  Elapsed   |
-------------------------------------------------------------------------------------------------------------------------------------------------------------
|  DSP Register   |          0.000  |          0.000  |            0  |              0  |                     0  |           0  |           1  |  00:00:00  |
|  Critical Path  |          0.000  |          0.000  |            0  |              0  |                     0  |           0  |           1  |  00:00:00  |
|  Total          |          0.000  |          0.000  |            0  |              0  |                     0  |           0  |           2  |  00:00:00  |
-------------------------------------------------------------------------------------------------------------------------------------------------------------


Netlist sorting complete. Time (s): cpu = 00:00:00 ; elapsed = 00:00:00 . Memory (MB): peak = 1902.344 ; gain = 0.000
Ending Physical Synthesis Task | Checksum: 1e48adfb2

Time (s): cpu = 00:00:01 ; elapsed = 00:00:00.289 . Memory (MB): peak = 1902.344 ; gain = 0.000
INFO: [Common 17-83] Releasing license: Implementation
160 Infos, 6 Warnings, 2 Critical Warnings and 0 Errors encountered.
phys_opt_design completed successfully
INFO: [Timing 38-480] Writing timing data to binary archive.
Writing placer database...
Writing XDEF routing.
Writing XDEF routing logical nets.
Writing XDEF routing special nets.
Write XDEF Complete: Time (s): cpu = 00:00:00 ; elapsed = 00:00:00.094 . Memory (MB): peak = 1902.344 ; gain = 0.000
INFO: [Common 17-1381] The checkpoint 'C:/Users/ilpes/TDC_a35t/TDC_a35t_v10_RO_132_output_RO/TDC_a35t_v10_RO_132_output_RO.runs/impl_1/TDCchannel_physopt.dcp' has been generated.
Command: route_design
Attempting to get a license for feature 'Implementation' and/or device 'xc7a35t'
INFO: [Common 17-349] Got license for feature 'Implementation' and/or device 'xc7a35t'
Running DRC as a precondition to command route_design
INFO: [DRC 23-27] Running DRC with 2 threads
WARNING: [DRC LUTLP-2] Combinatorial Loop Allowed: 67 LUT cells form a combinatorial loop. This can create a race condition. Timing analysis may not be accurate. The preferred resolution is to modify the design to remove combinatorial logic loops. This loop has been identified in the constraints as being known and understood by use of the ALLOW_COMBINATORIAL_LOOPS property on a net in the loop. The cells in the loop are: ro/nodes_inferred_i_1, ro/nodes_inferred_i_2, ro/nodes_inferred_i_3, ro/nodes_inferred_i_4, ro/nodes_inferred_i_5, ro/nodes_inferred_i_6, ro/nodes_inferred_i_7, ro/nodes_inferred_i_8, ro/nodes_inferred_i_9, ro/nodes_inferred_i_10, ro/nodes_inferred_i_11, ro/nodes_inferred_i_12, ro/nodes_inferred_i_13, ro/nodes_inferred_i_14, ro/nodes_inferred_i_15... and (the first 15 of 67 listed).
INFO: [Vivado_Tcl 4-198] DRC finished with 0 Errors, 1 Warnings
INFO: [Vivado_Tcl 4-199] Please refer to the DRC report (report_drc) for more information.


Starting Routing Task
INFO: [Route 35-254] Multithreading enabled for route_design using a maximum of 2 CPUs
Checksum: PlaceDB: da7271ac ConstDB: 0 ShapeSum: bfc0aa0a RouteDB: 0

Phase 1 Build RT Design
Phase 1 Build RT Design | Checksum: 182c47732

Time (s): cpu = 00:00:15 ; elapsed = 00:00:14 . Memory (MB): peak = 1986.152 ; gain = 74.652
Post Restoration Checksum: NetGraph: 6bc6a3f6 NumContArr: 94e6d0ca Constraints: 82170272 Timing: 0

Phase 2 Router Initialization

Phase 2.1 Create Timer
Phase 2.1 Create Timer | Checksum: 182c47732

Time (s): cpu = 00:00:16 ; elapsed = 00:00:15 . Memory (MB): peak = 1986.152 ; gain = 74.652

Phase 2.2 Fix Topology Constraints
Phase 2.2 Fix Topology Constraints | Checksum: 182c47732

Time (s): cpu = 00:00:16 ; elapsed = 00:00:15 . Memory (MB): peak = 1992.148 ; gain = 80.648

Phase 2.3 Pre Route Cleanup
Phase 2.3 Pre Route Cleanup | Checksum: 182c47732

Time (s): cpu = 00:00:16 ; elapsed = 00:00:15 . Memory (MB): peak = 1992.148 ; gain = 80.648
 Number of Nodes with overlaps = 0

Phase 2.4 Update Timing
Phase 2.4 Update Timing | Checksum: 2dd66fb62

Time (s): cpu = 00:00:16 ; elapsed = 00:00:15 . Memory (MB): peak = 1998.992 ; gain = 87.492
INFO: [Route 35-416] Intermediate Timing Summary | WNS=-3.950 | TNS=-278.804| WHS=-0.367 | THS=-95.392|

Phase 2 Router Initialization | Checksum: 280dec973

Time (s): cpu = 00:00:16 ; elapsed = 00:00:15 . Memory (MB): peak = 1998.992 ; gain = 87.492

Router Utilization Summary
  Global Vertical Routing Utilization    = 0.00199314 %
  Global Horizontal Routing Utilization  = 0.00806871 %
  Routable Net Status*
  *Does not include unroutable nets such as driverless and loadless.
  Run report_route_status for detailed report.
  Number of Failed Nets               = 791
    (Failed Nets is the sum of unrouted and partially routed nets)
  Number of Unrouted Nets             = 791
  Number of Partially Routed Nets     = 0
  Number of Node Overlaps             = 5


Phase 3 Initial Routing

Phase 3.1 Global Routing
Phase 3.1 Global Routing | Checksum: 280dec973

Time (s): cpu = 00:00:16 ; elapsed = 00:00:15 . Memory (MB): peak = 1999.961 ; gain = 88.461
Phase 3 Initial Routing | Checksum: 1a7b4ae61

Time (s): cpu = 00:00:17 ; elapsed = 00:00:15 . Memory (MB): peak = 1999.961 ; gain = 88.461
INFO: [Route 35-580] Design has 3 pins with tight setup and hold constraints.

The top 5 pins with tight setup and hold constraints:

+--------------------------+--------------------------+----------------------------------------------------------------------------------------------------------+
|       Launch Clock       |      Capture Clock       |                                                 Pin                                                      |
+--------------------------+--------------------------+----------------------------------------------------------------------------------------------------------+
|           clk_out1_PLL_A |           clk_out1_PLL_A |                                                                         final_stage/char_to_send_reg[6]/D|
|           clk_out1_PLL_A |           clk_out1_PLL_A |                                                                         final_stage/char_to_send_reg[5]/D|
|           clk_out1_PLL_A |           clk_out1_PLL_A |                                                                         final_stage/char_to_send_reg[4]/D|
+--------------------------+--------------------------+----------------------------------------------------------------------------------------------------------+

File with complete list of pins: tight_setup_hold_pins.txt


Phase 4 Rip-up And Reroute

Phase 4.1 Global Iteration 0
 Number of Nodes with overlaps = 47
 Number of Nodes with overlaps = 5
 Number of Nodes with overlaps = 2
 Number of Nodes with overlaps = 0
INFO: [Route 35-416] Intermediate Timing Summary | WNS=-3.948 | TNS=-278.652| WHS=N/A    | THS=N/A    |

Phase 4.1 Global Iteration 0 | Checksum: 23cdcd7c0

Time (s): cpu = 00:00:17 ; elapsed = 00:00:16 . Memory (MB): peak = 1999.961 ; gain = 88.461
Phase 4 Rip-up And Reroute | Checksum: 23cdcd7c0

Time (s): cpu = 00:00:17 ; elapsed = 00:00:16 . Memory (MB): peak = 1999.961 ; gain = 88.461

Phase 5 Delay and Skew Optimization

Phase 5.1 Delay CleanUp

Phase 5.1.1 Update Timing
Phase 5.1.1 Update Timing | Checksum: 24555f90c

Time (s): cpu = 00:00:17 ; elapsed = 00:00:16 . Memory (MB): peak = 1999.961 ; gain = 88.461
INFO: [Route 35-416] Intermediate Timing Summary | WNS=-3.948 | TNS=-278.652| WHS=N/A    | THS=N/A    |

 Number of Nodes with overlaps = 0
Phase 5.1 Delay CleanUp | Checksum: 1cfc5def5

Time (s): cpu = 00:00:17 ; elapsed = 00:00:16 . Memory (MB): peak = 1999.961 ; gain = 88.461

Phase 5.2 Clock Skew Optimization
Phase 5.2 Clock Skew Optimization | Checksum: 1cfc5def5

Time (s): cpu = 00:00:17 ; elapsed = 00:00:16 . Memory (MB): peak = 1999.961 ; gain = 88.461
Phase 5 Delay and Skew Optimization | Checksum: 1cfc5def5

Time (s): cpu = 00:00:17 ; elapsed = 00:00:16 . Memory (MB): peak = 1999.961 ; gain = 88.461

Phase 6 Post Hold Fix

Phase 6.1 Hold Fix Iter

Phase 6.1.1 Update Timing
Phase 6.1.1 Update Timing | Checksum: 1f1535cd5

Time (s): cpu = 00:00:17 ; elapsed = 00:00:16 . Memory (MB): peak = 1999.961 ; gain = 88.461
INFO: [Route 35-416] Intermediate Timing Summary | WNS=-3.948 | TNS=-278.652| WHS=0.007  | THS=0.000  |

Phase 6.1 Hold Fix Iter | Checksum: 264162a4f

Time (s): cpu = 00:00:17 ; elapsed = 00:00:16 . Memory (MB): peak = 1999.961 ; gain = 88.461
Phase 6 Post Hold Fix | Checksum: 264162a4f

Time (s): cpu = 00:00:17 ; elapsed = 00:00:16 . Memory (MB): peak = 1999.961 ; gain = 88.461

Phase 7 Route finalize

Router Utilization Summary
  Global Vertical Routing Utilization    = 0.195488 %
  Global Horizontal Routing Utilization  = 0.200807 %
  Routable Net Status*
  *Does not include unroutable nets such as driverless and loadless.
  Run report_route_status for detailed report.
  Number of Failed Nets               = 0
    (Failed Nets is the sum of unrouted and partially routed nets)
  Number of Unrouted Nets             = 0
  Number of Partially Routed Nets     = 0
  Number of Node Overlaps             = 0

Congestion Report
North Dir 1x1 Area, Max Cong = 30.6306%, No Congested Regions.
South Dir 1x1 Area, Max Cong = 30.6306%, No Congested Regions.
East Dir 1x1 Area, Max Cong = 25%, No Congested Regions.
West Dir 1x1 Area, Max Cong = 22.0588%, No Congested Regions.

------------------------------
Reporting congestion hotspots
------------------------------
Direction: North
----------------
Congested clusters found at Level 0
Effective congestion level: 0 Aspect Ratio: 1 Sparse Ratio: 0
Direction: South
----------------
Congested clusters found at Level 0
Effective congestion level: 0 Aspect Ratio: 1 Sparse Ratio: 0
Direction: East
----------------
Congested clusters found at Level 0
Effective congestion level: 0 Aspect Ratio: 1 Sparse Ratio: 0
Direction: West
----------------
Congested clusters found at Level 0
Effective congestion level: 0 Aspect Ratio: 1 Sparse Ratio: 0

Phase 7 Route finalize | Checksum: 25c953b50

Time (s): cpu = 00:00:17 ; elapsed = 00:00:16 . Memory (MB): peak = 1999.961 ; gain = 88.461

Phase 8 Verifying routed nets

 Verification completed successfully
Phase 8 Verifying routed nets | Checksum: 25c953b50

Time (s): cpu = 00:00:17 ; elapsed = 00:00:16 . Memory (MB): peak = 2000.621 ; gain = 89.121

Phase 9 Depositing Routes
Phase 9 Depositing Routes | Checksum: 1ee04fe52

Time (s): cpu = 00:00:17 ; elapsed = 00:00:16 . Memory (MB): peak = 2000.621 ; gain = 89.121

Phase 10 Post Router Timing
INFO: [Route 35-57] Estimated Timing Summary | WNS=-3.948 | TNS=-278.652| WHS=0.007  | THS=0.000  |

WARNING: [Route 35-328] Router estimated timing not met.
Resolution: For a complete and accurate timing signoff, report_timing_summary must be run after route_design. Alternatively, route_design can be run with the -timing_summary option to enable a complete timing signoff at the end of route_design.
Phase 10 Post Router Timing | Checksum: 1ee04fe52

Time (s): cpu = 00:00:17 ; elapsed = 00:00:16 . Memory (MB): peak = 2000.621 ; gain = 89.121
INFO: [Route 35-16] Router Completed Successfully

Time (s): cpu = 00:00:17 ; elapsed = 00:00:16 . Memory (MB): peak = 2000.621 ; gain = 89.121

Routing Is Done.
INFO: [Common 17-83] Releasing license: Implementation
175 Infos, 8 Warnings, 2 Critical Warnings and 0 Errors encountered.
route_design completed successfully
route_design: Time (s): cpu = 00:00:19 ; elapsed = 00:00:17 . Memory (MB): peak = 2000.621 ; gain = 98.277
INFO: [Timing 38-480] Writing timing data to binary archive.
Writing placer database...
Writing XDEF routing.
Writing XDEF routing logical nets.
Writing XDEF routing special nets.
Write XDEF Complete: Time (s): cpu = 00:00:01 ; elapsed = 00:00:00.135 . Memory (MB): peak = 2010.512 ; gain = 9.891
INFO: [Common 17-1381] The checkpoint 'C:/Users/ilpes/TDC_a35t/TDC_a35t_v10_RO_132_output_RO/TDC_a35t_v10_RO_132_output_RO.runs/impl_1/TDCchannel_routed.dcp' has been generated.
INFO: [runtcl-4] Executing : report_drc -file TDCchannel_drc_routed.rpt -pb TDCchannel_drc_routed.pb -rpx TDCchannel_drc_routed.rpx
Command: report_drc -file TDCchannel_drc_routed.rpt -pb TDCchannel_drc_routed.pb -rpx TDCchannel_drc_routed.rpx
INFO: [IP_Flow 19-1839] IP Catalog is up to date.
INFO: [DRC 23-27] Running DRC with 2 threads
INFO: [Coretcl 2-168] The results of DRC are in file C:/Users/ilpes/TDC_a35t/TDC_a35t_v10_RO_132_output_RO/TDC_a35t_v10_RO_132_output_RO.runs/impl_1/TDCchannel_drc_routed.rpt.
report_drc completed successfully
INFO: [runtcl-4] Executing : report_methodology -file TDCchannel_methodology_drc_routed.rpt -pb TDCchannel_methodology_drc_routed.pb -rpx TDCchannel_methodology_drc_routed.rpx
Command: report_methodology -file TDCchannel_methodology_drc_routed.rpt -pb TDCchannel_methodology_drc_routed.pb -rpx TDCchannel_methodology_drc_routed.rpx
INFO: [Timing 38-35] Done setting XDC timing constraints.
INFO: [DRC 23-133] Running Methodology with 2 threads
INFO: [Coretcl 2-1520] The results of Report Methodology are in file C:/Users/ilpes/TDC_a35t/TDC_a35t_v10_RO_132_output_RO/TDC_a35t_v10_RO_132_output_RO.runs/impl_1/TDCchannel_methodology_drc_routed.rpt.
report_methodology completed successfully
INFO: [runtcl-4] Executing : report_power -file TDCchannel_power_routed.rpt -pb TDCchannel_power_summary_routed.pb -rpx TDCchannel_power_routed.rpx
Command: report_power -file TDCchannel_power_routed.rpt -pb TDCchannel_power_summary_routed.pb -rpx TDCchannel_power_routed.rpx
INFO: [Timing 38-35] Done setting XDC timing constraints.
Running Vector-less Activity Propagation...

Finished Running Vector-less Activity Propagation
187 Infos, 8 Warnings, 2 Critical Warnings and 0 Errors encountered.
report_power completed successfully
INFO: [runtcl-4] Executing : report_route_status -file TDCchannel_route_status.rpt -pb TDCchannel_route_status.pb
INFO: [runtcl-4] Executing : report_timing_summary -max_paths 10 -file TDCchannel_timing_summary_routed.rpt -pb TDCchannel_timing_summary_routed.pb -rpx TDCchannel_timing_summary_routed.rpx -warn_on_violation 
INFO: [Timing 38-91] UpdateTimingParams: Speed grade: -1, Delay Type: min_max.
INFO: [Timing 38-191] Multithreading enabled for timing update using a maximum of 2 CPUs
CRITICAL WARNING: [Timing 38-282] The design failed to meet the timing requirements. Please see the timing summary report for details on the timing violations.
INFO: [runtcl-4] Executing : report_incremental_reuse -file TDCchannel_incremental_reuse_routed.rpt
INFO: [Vivado_Tcl 4-1062] Incremental flow is disabled. No incremental reuse Info to report.
INFO: [runtcl-4] Executing : report_clock_utilization -file TDCchannel_clock_utilization_routed.rpt
INFO: [runtcl-4] Executing : report_bus_skew -warn_on_violation -file TDCchannel_bus_skew_routed.rpt -pb TDCchannel_bus_skew_routed.pb -rpx TDCchannel_bus_skew_routed.rpx
INFO: [Timing 38-91] UpdateTimingParams: Speed grade: -1, Delay Type: min_max.
INFO: [Timing 38-191] Multithreading enabled for timing update using a maximum of 2 CPUs
Command: write_bitstream -force TDCchannel.bit
Attempting to get a license for feature 'Implementation' and/or device 'xc7a35t'
INFO: [Common 17-349] Got license for feature 'Implementation' and/or device 'xc7a35t'
Running DRC as a precondition to command write_bitstream
INFO: [IP_Flow 19-1839] IP Catalog is up to date.
INFO: [DRC 23-27] Running DRC with 2 threads
WARNING: [DRC CFGBVS-1] Missing CFGBVS and CONFIG_VOLTAGE Design Properties: Neither the CFGBVS nor CONFIG_VOLTAGE voltage property is set in the current_design.  Configuration bank voltage select (CFGBVS) must be set to VCCO or GND, and CONFIG_VOLTAGE must be set to the correct configuration voltage, in order to determine the I/O voltage support for the pins in bank 0.  It is suggested to specify these either using the 'Edit Device Properties' function in the GUI or directly in the XDC file using the following syntax:

 set_property CFGBVS value1 [current_design]
 #where value1 is either VCCO or GND

 set_property CONFIG_VOLTAGE value2 [current_design]
 #where value2 is the voltage provided to configuration bank 0

Refer to the device configuration user guide for more information.
WARNING: [DRC LUTLP-2] Combinatorial Loop Allowed: 67 LUT cells form a combinatorial loop. This can create a race condition. Timing analysis may not be accurate. The preferred resolution is to modify the design to remove combinatorial logic loops. This loop has been identified in the constraints as being known and understood by use of the ALLOW_COMBINATORIAL_LOOPS property on a net in the loop. The cells in the loop are: ro/nodes_inferred_i_1, ro/nodes_inferred_i_2, ro/nodes_inferred_i_3, ro/nodes_inferred_i_4, ro/nodes_inferred_i_5, ro/nodes_inferred_i_6, ro/nodes_inferred_i_7, ro/nodes_inferred_i_8, ro/nodes_inferred_i_9, ro/nodes_inferred_i_10, ro/nodes_inferred_i_11, ro/nodes_inferred_i_12, ro/nodes_inferred_i_13, ro/nodes_inferred_i_14, ro/nodes_inferred_i_15... and (the first 15 of 67 listed).
WARNING: [DRC PDRC-153] Gated clock check: Net ro/nodes[66] is a gated clock net sourced by a combinational pin ro/nodes_orig0__63/O, cell ro/nodes_orig0__63. This is not good design practice and will likely impact performance. For SLICE registers, for example, use the CE pin to control the loading of data.
WARNING: [DRC PLHOLDVIO-2] Non-Optimal connections which could lead to hold violations: A LUT ro/nodes_orig0__63 is driving clock pin of 9 cells. This could lead to large hold time violations. Involved cells are:
Delay_line/hitQ_reg, count_reg_reg[0], count_reg_reg[1], count_reg_reg[2], count_reg_reg[3], count_reg_reg[4], count_reg_reg[5], count_reg_reg[6], and count_reg_reg[7]
INFO: [Vivado 12-3199] DRC finished with 0 Errors, 4 Warnings
INFO: [Vivado 12-3200] Please refer to the DRC report (report_drc) for more information.
INFO: [Designutils 20-2272] Running write_bitstream with 2 threads.
Loading data files...
Loading site data...
Loading route data...
Processing options...
Creating bitmap...
Creating bitstream...
Bitstream compression saved 14426304 bits.
Writing bitstream ./TDCchannel.bit...
INFO: [Vivado 12-1842] Bitgen Completed Successfully.
INFO: [Common 17-83] Releasing license: Implementation
11 Infos, 4 Warnings, 0 Critical Warnings and 0 Errors encountered.
write_bitstream completed successfully
write_bitstream: Time (s): cpu = 00:00:11 ; elapsed = 00:00:11 . Memory (MB): peak = 2473.020 ; gain = 428.301
INFO: [Common 17-206] Exiting Vivado at Tue Feb 24 09:31:10 2026...
