Copyright 1986-2020 Xilinx, Inc. All Rights Reserved.
------------------------------------------------------------------------------------------------------------------------
| Tool Version : Vivado v.2020.2 (win64) Build 3064766 Wed Nov 18 09:12:45 MST 2020
| Date         : Tue Feb 24 09:30:57 2026
| Host         : LAPTOP-IMI5H5SA running 64-bit major release  (build 9200)
| Command      : report_drc -file TDCchannel_drc_routed.rpt -pb TDCchannel_drc_routed.pb -rpx TDCchannel_drc_routed.rpx
| Design       : TDCchannel
| Device       : xc7a35tcpg236-1
| Speed File   : -1
| Design State : Fully Routed
------------------------------------------------------------------------------------------------------------------------

Report DRC

Table of Contents
-----------------
1. REPORT SUMMARY
2. REPORT DETAILS

1. REPORT SUMMARY
-----------------
            Netlist: netlist
          Floorplan: design_1
      Design limits: <entire design considered>
           Ruledeck: default
             Max violations: <unlimited>
             Violations found: 4
+-------------+----------+-------------------------------------------------------------+------------+
| Rule        | Severity | Description                                                 | Violations |
+-------------+----------+-------------------------------------------------------------+------------+
| CFGBVS-1    | Warning  | Missing CFGBVS and CONFIG_VOLTAGE Design Properties         | 1          |
| LUTLP-2     | Warning  | Combinatorial Loop Allowed                                  | 1          |
| PDRC-153    | Warning  | Gated clock check                                           | 1          |
| PLHOLDVIO-2 | Warning  | Non-Optimal connections which could lead to hold violations | 1          |
+-------------+----------+-------------------------------------------------------------+------------+

2. REPORT DETAILS
-----------------
CFGBVS-1#1 Warning
Missing CFGBVS and CONFIG_VOLTAGE Design Properties  
Neither the CFGBVS nor CONFIG_VOLTAGE voltage property is set in the current_design.  Configuration bank voltage select (CFGBVS) must be set to VCCO or GND, and CONFIG_VOLTAGE must be set to the correct configuration voltage, in order to determine the I/O voltage support for the pins in bank 0.  It is suggested to specify these either using the 'Edit Device Properties' function in the GUI or directly in the XDC file using the following syntax:

 set_property CFGBVS value1 [current_design]
 #where value1 is either VCCO or GND

 set_property CONFIG_VOLTAGE value2 [current_design]
 #where value2 is the voltage provided to configuration bank 0

Refer to the device configuration user guide for more information.
Related violations: <none>

LUTLP-2#1 Warning
Combinatorial Loop Allowed  
67 LUT cells form a combinatorial loop. This can create a race condition. Timing analysis may not be accurate. The preferred resolution is to modify the design to remove combinatorial logic loops. This loop has been identified in the constraints as being known and understood by use of the ALLOW_COMBINATORIAL_LOOPS property on a net in the loop. The cells in the loop are: ro/nodes_inferred_i_1, ro/nodes_inferred_i_10, ro/nodes_inferred_i_11,
ro/nodes_inferred_i_12, ro/nodes_inferred_i_13, ro/nodes_inferred_i_14,
ro/nodes_inferred_i_15, ro/nodes_inferred_i_2, ro/nodes_inferred_i_3,
ro/nodes_inferred_i_4, ro/nodes_inferred_i_5, ro/nodes_inferred_i_6,
ro/nodes_inferred_i_7, ro/nodes_inferred_i_8, ro/nodes_inferred_i_9
 (the first 15 of 67 listed).
Related violations: <none>

PDRC-153#1 Warning
Gated clock check  
Net ro/nodes[66] is a gated clock net sourced by a combinational pin ro/nodes_orig0__63/O, cell ro/nodes_orig0__63. This is not good design practice and will likely impact performance. For SLICE registers, for example, use the CE pin to control the loading of data.
Related violations: <none>

PLHOLDVIO-2#1 Warning
Non-Optimal connections which could lead to hold violations  
A LUT ro/nodes_orig0__63 is driving clock pin of 9 cells. This could lead to large hold time violations. Involved cells are:
Delay_line/hitQ_reg, count_reg_reg[0], count_reg_reg[1], count_reg_reg[2],
count_reg_reg[3], count_reg_reg[4], count_reg_reg[5], count_reg_reg[6]
count_reg_reg[7]
Related violations: <none>


