Copyright 1986-2020 Xilinx, Inc. All Rights Reserved.
---------------------------------------------------------------------------------------
| Tool Version : Vivado v.2020.2 (win64) Build 3064766 Wed Nov 18 09:12:45 MST 2020
| Date         : Tue Feb 24 09:30:37 2026
| Host         : LAPTOP-IMI5H5SA running 64-bit major release  (build 9200)
| Command      : report_control_sets -verbose -file TDCchannel_control_sets_placed.rpt
| Design       : TDCchannel
| Device       : xc7a35t
---------------------------------------------------------------------------------------

Control Set Information

Table of Contents
-----------------
1. Summary
2. Histogram
3. Flip-Flop Distribution
4. Detailed Control Set Information

1. Summary
----------

+----------------------------------------------------------+-------+
|                          Status                          | Count |
+----------------------------------------------------------+-------+
| Total control sets                                       |    12 |
|    Minimum number of control sets                        |    12 |
|    Addition due to synthesis replication                 |     0 |
|    Addition due to physical synthesis replication        |     0 |
| Unused register locations in slices containing registers |    42 |
+----------------------------------------------------------+-------+
* Control sets can be merged at opt_design using control_set_merge or merge_equivalent_drivers
** Run report_qor_suggestions for automated merging and remapping suggestions


2. Histogram
------------

+--------------------+-------+
|       Fanout       | Count |
+--------------------+-------+
| Total control sets |    12 |
| >= 0 to < 4        |     2 |
| >= 4 to < 6        |     3 |
| >= 6 to < 8        |     1 |
| >= 8 to < 10       |     2 |
| >= 10 to < 12      |     0 |
| >= 12 to < 14      |     0 |
| >= 14 to < 16      |     1 |
| >= 16              |     3 |
+--------------------+-------+
* Control sets can be remapped at either synth_design or opt_design


3. Flip-Flop Distribution
-------------------------

+--------------+-----------------------+------------------------+-----------------+--------------+
| Clock Enable | Synchronous Set/Reset | Asynchronous Set/Reset | Total Registers | Total Slices |
+--------------+-----------------------+------------------------+-----------------+--------------+
| No           | No                    | No                     |             473 |          118 |
| No           | No                    | Yes                    |               9 |            3 |
| No           | Yes                   | No                     |               0 |            0 |
| Yes          | No                    | No                     |              88 |           26 |
| Yes          | No                    | Yes                    |              20 |            6 |
| Yes          | Yes                   | No                     |               0 |            0 |
+--------------+-----------------------+------------------------+-----------------+--------------+


4. Detailed Control Set Information
-----------------------------------

+---------------------+-------------------------------------+-------------------------+------------------+----------------+--------------+
|     Clock Signal    |            Enable Signal            |     Set/Reset Signal    | Slice Load Count | Bel Load Count | Bels / Slice |
+---------------------+-------------------------------------+-------------------------+------------------+----------------+--------------+
|  ro/nodes[66]       |                                     | Delay_line/hitQ_i_1_n_0 |                1 |              1 |         1.00 |
|  plla/inst/clk_out1 | final_stage/state__0[0]             | reset_IBUF              |                1 |              1 |         1.00 |
|  plla/inst/clk_out1 | final_stage/bit_idx0                |                         |                1 |              4 |         4.00 |
|  plla/inst/clk_out1 | final_stage/char_idx0               |                         |                3 |              4 |         1.33 |
|  plla/inst/clk_out1 | final_stage/state                   | reset_IBUF              |                2 |              4 |         2.00 |
|  plla/inst/clk_out1 | final_stage/char_to_send[6]_i_1_n_0 |                         |                6 |              7 |         1.17 |
|  ro/nodes[66]       |                                     | reset_IBUF              |                2 |              8 |         4.00 |
|  plla/inst/clk_out1 | final_stage/tx_shift_reg0           |                         |                2 |              9 |         4.50 |
|  plla/inst/clk_out1 | final_stage/state__1[1]             | reset_IBUF              |                3 |             15 |         5.00 |
|  plla/inst/clk_out1 | final_stage/coarse_reg0             |                         |                7 |             32 |         4.57 |
|  plla/inst/clk_out1 | encoder/E[0]                        |                         |                7 |             32 |         4.57 |
|  plla/inst/clk_out1 |                                     |                         |              118 |            474 |         4.02 |
+---------------------+-------------------------------------+-------------------------+------------------+----------------+--------------+


