Copyright 1986-2020 Xilinx, Inc. All Rights Reserved.
--------------------------------------------------------------------------------------------------------------------------------------------------------------------
| Tool Version : Vivado v.2020.2 (win64) Build 3064766 Wed Nov 18 09:12:45 MST 2020
| Date         : Thu Feb 19 14:29:13 2026
| Host         : LAPTOP-IMI5H5SA running 64-bit major release  (build 9200)
| Command      : report_methodology -file TDCchannel_methodology_drc_routed.rpt -pb TDCchannel_methodology_drc_routed.pb -rpx TDCchannel_methodology_drc_routed.rpx
| Design       : TDCchannel
| Device       : xc7a35tcpg236-1
| Speed File   : -1
| Design State : Fully Routed
--------------------------------------------------------------------------------------------------------------------------------------------------------------------

Report Methodology

Table of Contents
-----------------
1. REPORT SUMMARY
2. REPORT DETAILS

1. REPORT SUMMARY
-----------------
            Netlist: netlist
          Floorplan: design_1
      Design limits: <entire design considered>
             Max violations: <unlimited>
             Violations found: 75
+-----------+------------------+------------------------------------------------------------------+------------+
| Rule      | Severity         | Description                                                      | Violations |
+-----------+------------------+------------------------------------------------------------------+------------+
| TIMING-6  | Critical Warning | No common primary clock between related clocks                   | 4          |
| TIMING-8  | Critical Warning | No common period between related clocks                          | 2          |
| TIMING-17 | Critical Warning | Non-clocked sequential cell                                      | 1          |
| LUTAR-1   | Warning          | LUT drives async reset alert                                     | 1          |
| TIMING-16 | Warning          | Large setup violation                                            | 64         |
| TIMING-56 | Warning          | Missing logically or physically excluded clock groups constraint | 3          |
+-----------+------------------+------------------------------------------------------------------+------------+

2. REPORT DETAILS
-----------------
TIMING-6#1 Critical Warning
No common primary clock between related clocks  
The clocks clk_out1_PLL_A and clk_out1_PLL_A_1 are related (timed together) but they have no common primary clock. The design could fail in hardware. To find a timing path between these clocks, run the following command: report_timing -from [get_clocks clk_out1_PLL_A] -to [get_clocks clk_out1_PLL_A_1]
Related violations: <none>

TIMING-6#2 Critical Warning
No common primary clock between related clocks  
The clocks clk_out1_PLL_A_1 and clk_out1_PLL_A are related (timed together) but they have no common primary clock. The design could fail in hardware. To find a timing path between these clocks, run the following command: report_timing -from [get_clocks clk_out1_PLL_A_1] -to [get_clocks clk_out1_PLL_A]
Related violations: <none>

TIMING-6#3 Critical Warning
No common primary clock between related clocks  
The clocks clk_slow_PLL_A and clk_slow_PLL_A_1 are related (timed together) but they have no common primary clock. The design could fail in hardware. To find a timing path between these clocks, run the following command: report_timing -from [get_clocks clk_slow_PLL_A] -to [get_clocks clk_slow_PLL_A_1]
Related violations: <none>

TIMING-6#4 Critical Warning
No common primary clock between related clocks  
The clocks clk_slow_PLL_A_1 and clk_slow_PLL_A are related (timed together) but they have no common primary clock. The design could fail in hardware. To find a timing path between these clocks, run the following command: report_timing -from [get_clocks clk_slow_PLL_A_1] -to [get_clocks clk_slow_PLL_A]
Related violations: <none>

TIMING-8#1 Critical Warning
No common period between related clocks  
The clocks clk_slow_PLL_A and clk_slow_PLL_A_1 are found related (timed together) but have no common (expandable) period
Related violations: <none>

TIMING-8#2 Critical Warning
No common period between related clocks  
The clocks clk_slow_PLL_A_1 and clk_slow_PLL_A are found related (timed together) but have no common (expandable) period
Related violations: <none>

TIMING-17#1 Critical Warning
Non-clocked sequential cell  
The clock pin Delay_line/hitQ_reg/C is not reached by a timing clock
Related violations: <none>

LUTAR-1#1 Warning
LUT drives async reset alert  
LUT cell Delay_line/hitQ_i_1, with 2 or more inputs, drives asynchronous preset/clear pin(s) Delay_line/hitQ_reg/CLR. The LUT may glitch and trigger an unexpected reset, even if it is a properly timed path.
Related violations: <none>

TIMING-16#1 Warning
Large setup violation  
There is a large setup violation of -2.331 ns between counter_reg[0]/C (clocked by clk_slow_PLL_A_1) and counter_reg[5]/D (clocked by clk_slow_PLL_A). Large setup violations at the end of those stages might be difficult to fix during the post-placement implementation flow and could be the result of non-optimal XDC constraints or non-optimal design architecture
Related violations: <none>

TIMING-16#2 Warning
Large setup violation  
There is a large setup violation of -2.347 ns between counter_reg[0]/C (clocked by clk_slow_PLL_A_1) and counter_reg[7]/D (clocked by clk_slow_PLL_A). Large setup violations at the end of those stages might be difficult to fix during the post-placement implementation flow and could be the result of non-optimal XDC constraints or non-optimal design architecture
Related violations: <none>

TIMING-16#3 Warning
Large setup violation  
There is a large setup violation of -2.421 ns between counter_reg[0]/C (clocked by clk_slow_PLL_A_1) and counter_reg[8]/D (clocked by clk_slow_PLL_A). Large setup violations at the end of those stages might be difficult to fix during the post-placement implementation flow and could be the result of non-optimal XDC constraints or non-optimal design architecture
Related violations: <none>

TIMING-16#4 Warning
Large setup violation  
There is a large setup violation of -2.442 ns between counter_reg[0]/C (clocked by clk_slow_PLL_A_1) and counter_reg[6]/D (clocked by clk_slow_PLL_A). Large setup violations at the end of those stages might be difficult to fix during the post-placement implementation flow and could be the result of non-optimal XDC constraints or non-optimal design architecture
Related violations: <none>

TIMING-16#5 Warning
Large setup violation  
There is a large setup violation of -2.624 ns between counter_reg[6]/C (clocked by clk_slow_PLL_A_1) and counter_reg[13]/D (clocked by clk_slow_PLL_A). Large setup violations at the end of those stages might be difficult to fix during the post-placement implementation flow and could be the result of non-optimal XDC constraints or non-optimal design architecture
Related violations: <none>

TIMING-16#6 Warning
Large setup violation  
There is a large setup violation of -2.640 ns between counter_reg[6]/C (clocked by clk_slow_PLL_A_1) and counter_reg[15]/D (clocked by clk_slow_PLL_A). Large setup violations at the end of those stages might be difficult to fix during the post-placement implementation flow and could be the result of non-optimal XDC constraints or non-optimal design architecture
Related violations: <none>

TIMING-16#7 Warning
Large setup violation  
There is a large setup violation of -2.714 ns between counter_reg[6]/C (clocked by clk_slow_PLL_A_1) and counter_reg[16]/D (clocked by clk_slow_PLL_A). Large setup violations at the end of those stages might be difficult to fix during the post-placement implementation flow and could be the result of non-optimal XDC constraints or non-optimal design architecture
Related violations: <none>

TIMING-16#8 Warning
Large setup violation  
There is a large setup violation of -2.735 ns between counter_reg[6]/C (clocked by clk_slow_PLL_A_1) and counter_reg[14]/D (clocked by clk_slow_PLL_A). Large setup violations at the end of those stages might be difficult to fix during the post-placement implementation flow and could be the result of non-optimal XDC constraints or non-optimal design architecture
Related violations: <none>

TIMING-16#9 Warning
Large setup violation  
There is a large setup violation of -2.736 ns between counter_reg[6]/C (clocked by clk_slow_PLL_A_1) and counter_reg[17]/D (clocked by clk_slow_PLL_A). Large setup violations at the end of those stages might be difficult to fix during the post-placement implementation flow and could be the result of non-optimal XDC constraints or non-optimal design architecture
Related violations: <none>

TIMING-16#10 Warning
Large setup violation  
There is a large setup violation of -2.752 ns between counter_reg[6]/C (clocked by clk_slow_PLL_A_1) and counter_reg[19]/D (clocked by clk_slow_PLL_A). Large setup violations at the end of those stages might be difficult to fix during the post-placement implementation flow and could be the result of non-optimal XDC constraints or non-optimal design architecture
Related violations: <none>

TIMING-16#11 Warning
Large setup violation  
There is a large setup violation of -2.826 ns between counter_reg[6]/C (clocked by clk_slow_PLL_A_1) and counter_reg[20]/D (clocked by clk_slow_PLL_A). Large setup violations at the end of those stages might be difficult to fix during the post-placement implementation flow and could be the result of non-optimal XDC constraints or non-optimal design architecture
Related violations: <none>

TIMING-16#12 Warning
Large setup violation  
There is a large setup violation of -2.847 ns between counter_reg[6]/C (clocked by clk_slow_PLL_A_1) and counter_reg[18]/D (clocked by clk_slow_PLL_A). Large setup violations at the end of those stages might be difficult to fix during the post-placement implementation flow and could be the result of non-optimal XDC constraints or non-optimal design architecture
Related violations: <none>

TIMING-16#13 Warning
Large setup violation  
There is a large setup violation of -2.922 ns between counter_reg[0]/C (clocked by clk_slow_PLL_A_1) and counter_reg[1]/D (clocked by clk_slow_PLL_A). Large setup violations at the end of those stages might be difficult to fix during the post-placement implementation flow and could be the result of non-optimal XDC constraints or non-optimal design architecture
Related violations: <none>

TIMING-16#14 Warning
Large setup violation  
There is a large setup violation of -2.942 ns between counter_reg[2]/C (clocked by clk_slow_PLL_A_1) and counter_reg[4]/D (clocked by clk_slow_PLL_A). Large setup violations at the end of those stages might be difficult to fix during the post-placement implementation flow and could be the result of non-optimal XDC constraints or non-optimal design architecture
Related violations: <none>

TIMING-16#15 Warning
Large setup violation  
There is a large setup violation of -2.987 ns between counter_reg[23]/C (clocked by clk_slow_PLL_A_1) and trigger_out_reg/D (clocked by clk_slow_PLL_A). Large setup violations at the end of those stages might be difficult to fix during the post-placement implementation flow and could be the result of non-optimal XDC constraints or non-optimal design architecture
Related violations: <none>

TIMING-16#16 Warning
Large setup violation  
There is a large setup violation of -3.038 ns between counter_reg[0]/C (clocked by clk_slow_PLL_A_1) and counter_reg[2]/D (clocked by clk_slow_PLL_A). Large setup violations at the end of those stages might be difficult to fix during the post-placement implementation flow and could be the result of non-optimal XDC constraints or non-optimal design architecture
Related violations: <none>

TIMING-16#17 Warning
Large setup violation  
There is a large setup violation of -3.046 ns between counter_reg[0]/C (clocked by clk_slow_PLL_A_1) and counter_reg[3]/D (clocked by clk_slow_PLL_A). Large setup violations at the end of those stages might be difficult to fix during the post-placement implementation flow and could be the result of non-optimal XDC constraints or non-optimal design architecture
Related violations: <none>

TIMING-16#18 Warning
Large setup violation  
There is a large setup violation of -3.113 ns between counter_reg[23]/C (clocked by clk_slow_PLL_A_1) and counter_reg[0]/D (clocked by clk_slow_PLL_A). Large setup violations at the end of those stages might be difficult to fix during the post-placement implementation flow and could be the result of non-optimal XDC constraints or non-optimal design architecture
Related violations: <none>

TIMING-16#19 Warning
Large setup violation  
There is a large setup violation of -3.125 ns between counter_reg[6]/C (clocked by clk_slow_PLL_A_1) and counter_reg[11]/D (clocked by clk_slow_PLL_A). Large setup violations at the end of those stages might be difficult to fix during the post-placement implementation flow and could be the result of non-optimal XDC constraints or non-optimal design architecture
Related violations: <none>

TIMING-16#20 Warning
Large setup violation  
There is a large setup violation of -3.259 ns between counter_reg[6]/C (clocked by clk_slow_PLL_A_1) and counter_reg[10]/D (clocked by clk_slow_PLL_A). Large setup violations at the end of those stages might be difficult to fix during the post-placement implementation flow and could be the result of non-optimal XDC constraints or non-optimal design architecture
Related violations: <none>

TIMING-16#21 Warning
Large setup violation  
There is a large setup violation of -3.294 ns between counter_reg[6]/C (clocked by clk_slow_PLL_A_1) and counter_reg[9]/D (clocked by clk_slow_PLL_A). Large setup violations at the end of those stages might be difficult to fix during the post-placement implementation flow and could be the result of non-optimal XDC constraints or non-optimal design architecture
Related violations: <none>

TIMING-16#22 Warning
Large setup violation  
There is a large setup violation of -3.364 ns between counter_reg[6]/C (clocked by clk_slow_PLL_A_1) and counter_reg[12]/D (clocked by clk_slow_PLL_A). Large setup violations at the end of those stages might be difficult to fix during the post-placement implementation flow and could be the result of non-optimal XDC constraints or non-optimal design architecture
Related violations: <none>

TIMING-16#23 Warning
Large setup violation  
There is a large setup violation of -3.580 ns between counter_reg[6]/C (clocked by clk_slow_PLL_A_1) and counter_reg[23]/D (clocked by clk_slow_PLL_A). Large setup violations at the end of those stages might be difficult to fix during the post-placement implementation flow and could be the result of non-optimal XDC constraints or non-optimal design architecture
Related violations: <none>

TIMING-16#24 Warning
Large setup violation  
There is a large setup violation of -3.691 ns between counter_reg[6]/C (clocked by clk_slow_PLL_A_1) and counter_reg[26]/D (clocked by clk_slow_PLL_A). Large setup violations at the end of those stages might be difficult to fix during the post-placement implementation flow and could be the result of non-optimal XDC constraints or non-optimal design architecture
Related violations: <none>

TIMING-16#25 Warning
Large setup violation  
There is a large setup violation of -3.734 ns between counter_reg[6]/C (clocked by clk_slow_PLL_A_1) and counter_reg[28]/D (clocked by clk_slow_PLL_A). Large setup violations at the end of those stages might be difficult to fix during the post-placement implementation flow and could be the result of non-optimal XDC constraints or non-optimal design architecture
Related violations: <none>

TIMING-16#26 Warning
Large setup violation  
There is a large setup violation of -3.739 ns between counter_reg[6]/C (clocked by clk_slow_PLL_A_1) and counter_reg[27]/D (clocked by clk_slow_PLL_A). Large setup violations at the end of those stages might be difficult to fix during the post-placement implementation flow and could be the result of non-optimal XDC constraints or non-optimal design architecture
Related violations: <none>

TIMING-16#27 Warning
Large setup violation  
There is a large setup violation of -3.771 ns between counter_reg[6]/C (clocked by clk_slow_PLL_A_1) and counter_reg[21]/D (clocked by clk_slow_PLL_A). Large setup violations at the end of those stages might be difficult to fix during the post-placement implementation flow and could be the result of non-optimal XDC constraints or non-optimal design architecture
Related violations: <none>

TIMING-16#28 Warning
Large setup violation  
There is a large setup violation of -3.787 ns between counter_reg[6]/C (clocked by clk_slow_PLL_A_1) and counter_reg[22]/D (clocked by clk_slow_PLL_A). Large setup violations at the end of those stages might be difficult to fix during the post-placement implementation flow and could be the result of non-optimal XDC constraints or non-optimal design architecture
Related violations: <none>

TIMING-16#29 Warning
Large setup violation  
There is a large setup violation of -3.793 ns between counter_reg[6]/C (clocked by clk_slow_PLL_A_1) and counter_reg[24]/D (clocked by clk_slow_PLL_A). Large setup violations at the end of those stages might be difficult to fix during the post-placement implementation flow and could be the result of non-optimal XDC constraints or non-optimal design architecture
Related violations: <none>

TIMING-16#30 Warning
Large setup violation  
There is a large setup violation of -3.807 ns between counter_reg[6]/C (clocked by clk_slow_PLL_A_1) and counter_reg[30]/D (clocked by clk_slow_PLL_A). Large setup violations at the end of those stages might be difficult to fix during the post-placement implementation flow and could be the result of non-optimal XDC constraints or non-optimal design architecture
Related violations: <none>

TIMING-16#31 Warning
Large setup violation  
There is a large setup violation of -3.820 ns between counter_reg[6]/C (clocked by clk_slow_PLL_A_1) and counter_reg[25]/D (clocked by clk_slow_PLL_A). Large setup violations at the end of those stages might be difficult to fix during the post-placement implementation flow and could be the result of non-optimal XDC constraints or non-optimal design architecture
Related violations: <none>

TIMING-16#32 Warning
Large setup violation  
There is a large setup violation of -3.832 ns between counter_reg[6]/C (clocked by clk_slow_PLL_A_1) and counter_reg[29]/D (clocked by clk_slow_PLL_A). Large setup violations at the end of those stages might be difficult to fix during the post-placement implementation flow and could be the result of non-optimal XDC constraints or non-optimal design architecture
Related violations: <none>

TIMING-16#33 Warning
Large setup violation  
There is a large setup violation of -3.862 ns between counter_reg[23]/C (clocked by clk_slow_PLL_A_1) and counter_reg[10]/R (clocked by clk_slow_PLL_A). Large setup violations at the end of those stages might be difficult to fix during the post-placement implementation flow and could be the result of non-optimal XDC constraints or non-optimal design architecture
Related violations: <none>

TIMING-16#34 Warning
Large setup violation  
There is a large setup violation of -3.862 ns between counter_reg[23]/C (clocked by clk_slow_PLL_A_1) and counter_reg[12]/R (clocked by clk_slow_PLL_A). Large setup violations at the end of those stages might be difficult to fix during the post-placement implementation flow and could be the result of non-optimal XDC constraints or non-optimal design architecture
Related violations: <none>

TIMING-16#35 Warning
Large setup violation  
There is a large setup violation of -3.862 ns between counter_reg[23]/C (clocked by clk_slow_PLL_A_1) and counter_reg[13]/R (clocked by clk_slow_PLL_A). Large setup violations at the end of those stages might be difficult to fix during the post-placement implementation flow and could be the result of non-optimal XDC constraints or non-optimal design architecture
Related violations: <none>

TIMING-16#36 Warning
Large setup violation  
There is a large setup violation of -3.862 ns between counter_reg[23]/C (clocked by clk_slow_PLL_A_1) and counter_reg[14]/R (clocked by clk_slow_PLL_A). Large setup violations at the end of those stages might be difficult to fix during the post-placement implementation flow and could be the result of non-optimal XDC constraints or non-optimal design architecture
Related violations: <none>

TIMING-16#37 Warning
Large setup violation  
There is a large setup violation of -3.862 ns between counter_reg[23]/C (clocked by clk_slow_PLL_A_1) and counter_reg[15]/R (clocked by clk_slow_PLL_A). Large setup violations at the end of those stages might be difficult to fix during the post-placement implementation flow and could be the result of non-optimal XDC constraints or non-optimal design architecture
Related violations: <none>

TIMING-16#38 Warning
Large setup violation  
There is a large setup violation of -3.862 ns between counter_reg[23]/C (clocked by clk_slow_PLL_A_1) and counter_reg[16]/R (clocked by clk_slow_PLL_A). Large setup violations at the end of those stages might be difficult to fix during the post-placement implementation flow and could be the result of non-optimal XDC constraints or non-optimal design architecture
Related violations: <none>

TIMING-16#39 Warning
Large setup violation  
There is a large setup violation of -3.862 ns between counter_reg[23]/C (clocked by clk_slow_PLL_A_1) and counter_reg[21]/R (clocked by clk_slow_PLL_A). Large setup violations at the end of those stages might be difficult to fix during the post-placement implementation flow and could be the result of non-optimal XDC constraints or non-optimal design architecture
Related violations: <none>

TIMING-16#40 Warning
Large setup violation  
There is a large setup violation of -3.863 ns between counter_reg[6]/C (clocked by clk_slow_PLL_A_1) and counter_reg[31]/D (clocked by clk_slow_PLL_A). Large setup violations at the end of those stages might be difficult to fix during the post-placement implementation flow and could be the result of non-optimal XDC constraints or non-optimal design architecture
Related violations: <none>

TIMING-16#41 Warning
Large setup violation  
There is a large setup violation of -3.913 ns between counter_reg[23]/C (clocked by clk_slow_PLL_A_1) and counter_reg[28]/R (clocked by clk_slow_PLL_A). Large setup violations at the end of those stages might be difficult to fix during the post-placement implementation flow and could be the result of non-optimal XDC constraints or non-optimal design architecture
Related violations: <none>

TIMING-16#42 Warning
Large setup violation  
There is a large setup violation of -3.913 ns between counter_reg[23]/C (clocked by clk_slow_PLL_A_1) and counter_reg[31]/R (clocked by clk_slow_PLL_A). Large setup violations at the end of those stages might be difficult to fix during the post-placement implementation flow and could be the result of non-optimal XDC constraints or non-optimal design architecture
Related violations: <none>

TIMING-16#43 Warning
Large setup violation  
There is a large setup violation of -3.980 ns between counter_reg[24]/C (clocked by clk_slow_PLL_A_1) and counter_reg[23]/R (clocked by clk_slow_PLL_A). Large setup violations at the end of those stages might be difficult to fix during the post-placement implementation flow and could be the result of non-optimal XDC constraints or non-optimal design architecture
Related violations: <none>

TIMING-16#44 Warning
Large setup violation  
There is a large setup violation of -3.980 ns between counter_reg[24]/C (clocked by clk_slow_PLL_A_1) and counter_reg[25]/R (clocked by clk_slow_PLL_A). Large setup violations at the end of those stages might be difficult to fix during the post-placement implementation flow and could be the result of non-optimal XDC constraints or non-optimal design architecture
Related violations: <none>

TIMING-16#45 Warning
Large setup violation  
There is a large setup violation of -4.002 ns between counter_reg[23]/C (clocked by clk_slow_PLL_A_1) and counter_reg[22]/R (clocked by clk_slow_PLL_A). Large setup violations at the end of those stages might be difficult to fix during the post-placement implementation flow and could be the result of non-optimal XDC constraints or non-optimal design architecture
Related violations: <none>

TIMING-16#46 Warning
Large setup violation  
There is a large setup violation of -4.002 ns between counter_reg[23]/C (clocked by clk_slow_PLL_A_1) and counter_reg[30]/R (clocked by clk_slow_PLL_A). Large setup violations at the end of those stages might be difficult to fix during the post-placement implementation flow and could be the result of non-optimal XDC constraints or non-optimal design architecture
Related violations: <none>

TIMING-16#47 Warning
Large setup violation  
There is a large setup violation of -4.005 ns between counter_reg[23]/C (clocked by clk_slow_PLL_A_1) and counter_reg[24]/R (clocked by clk_slow_PLL_A). Large setup violations at the end of those stages might be difficult to fix during the post-placement implementation flow and could be the result of non-optimal XDC constraints or non-optimal design architecture
Related violations: <none>

TIMING-16#48 Warning
Large setup violation  
There is a large setup violation of -4.006 ns between counter_reg[23]/C (clocked by clk_slow_PLL_A_1) and counter_reg[17]/R (clocked by clk_slow_PLL_A). Large setup violations at the end of those stages might be difficult to fix during the post-placement implementation flow and could be the result of non-optimal XDC constraints or non-optimal design architecture
Related violations: <none>

TIMING-16#49 Warning
Large setup violation  
There is a large setup violation of -4.006 ns between counter_reg[23]/C (clocked by clk_slow_PLL_A_1) and counter_reg[18]/R (clocked by clk_slow_PLL_A). Large setup violations at the end of those stages might be difficult to fix during the post-placement implementation flow and could be the result of non-optimal XDC constraints or non-optimal design architecture
Related violations: <none>

TIMING-16#50 Warning
Large setup violation  
There is a large setup violation of -4.006 ns between counter_reg[23]/C (clocked by clk_slow_PLL_A_1) and counter_reg[19]/R (clocked by clk_slow_PLL_A). Large setup violations at the end of those stages might be difficult to fix during the post-placement implementation flow and could be the result of non-optimal XDC constraints or non-optimal design architecture
Related violations: <none>

TIMING-16#51 Warning
Large setup violation  
There is a large setup violation of -4.006 ns between counter_reg[23]/C (clocked by clk_slow_PLL_A_1) and counter_reg[20]/R (clocked by clk_slow_PLL_A). Large setup violations at the end of those stages might be difficult to fix during the post-placement implementation flow and could be the result of non-optimal XDC constraints or non-optimal design architecture
Related violations: <none>

TIMING-16#52 Warning
Large setup violation  
There is a large setup violation of -4.006 ns between counter_reg[23]/C (clocked by clk_slow_PLL_A_1) and counter_reg[26]/R (clocked by clk_slow_PLL_A). Large setup violations at the end of those stages might be difficult to fix during the post-placement implementation flow and could be the result of non-optimal XDC constraints or non-optimal design architecture
Related violations: <none>

TIMING-16#53 Warning
Large setup violation  
There is a large setup violation of -4.006 ns between counter_reg[23]/C (clocked by clk_slow_PLL_A_1) and counter_reg[27]/R (clocked by clk_slow_PLL_A). Large setup violations at the end of those stages might be difficult to fix during the post-placement implementation flow and could be the result of non-optimal XDC constraints or non-optimal design architecture
Related violations: <none>

TIMING-16#54 Warning
Large setup violation  
There is a large setup violation of -4.010 ns between counter_reg[23]/C (clocked by clk_slow_PLL_A_1) and counter_reg[29]/R (clocked by clk_slow_PLL_A). Large setup violations at the end of those stages might be difficult to fix during the post-placement implementation flow and could be the result of non-optimal XDC constraints or non-optimal design architecture
Related violations: <none>

TIMING-16#55 Warning
Large setup violation  
There is a large setup violation of -4.019 ns between counter_reg[23]/C (clocked by clk_slow_PLL_A_1) and counter_reg[1]/R (clocked by clk_slow_PLL_A). Large setup violations at the end of those stages might be difficult to fix during the post-placement implementation flow and could be the result of non-optimal XDC constraints or non-optimal design architecture
Related violations: <none>

TIMING-16#56 Warning
Large setup violation  
There is a large setup violation of -4.019 ns between counter_reg[23]/C (clocked by clk_slow_PLL_A_1) and counter_reg[2]/R (clocked by clk_slow_PLL_A). Large setup violations at the end of those stages might be difficult to fix during the post-placement implementation flow and could be the result of non-optimal XDC constraints or non-optimal design architecture
Related violations: <none>

TIMING-16#57 Warning
Large setup violation  
There is a large setup violation of -4.019 ns between counter_reg[23]/C (clocked by clk_slow_PLL_A_1) and counter_reg[3]/R (clocked by clk_slow_PLL_A). Large setup violations at the end of those stages might be difficult to fix during the post-placement implementation flow and could be the result of non-optimal XDC constraints or non-optimal design architecture
Related violations: <none>

TIMING-16#58 Warning
Large setup violation  
There is a large setup violation of -4.149 ns between counter_reg[23]/C (clocked by clk_slow_PLL_A_1) and counter_reg[11]/R (clocked by clk_slow_PLL_A). Large setup violations at the end of those stages might be difficult to fix during the post-placement implementation flow and could be the result of non-optimal XDC constraints or non-optimal design architecture
Related violations: <none>

TIMING-16#59 Warning
Large setup violation  
There is a large setup violation of -4.149 ns between counter_reg[23]/C (clocked by clk_slow_PLL_A_1) and counter_reg[4]/R (clocked by clk_slow_PLL_A). Large setup violations at the end of those stages might be difficult to fix during the post-placement implementation flow and could be the result of non-optimal XDC constraints or non-optimal design architecture
Related violations: <none>

TIMING-16#60 Warning
Large setup violation  
There is a large setup violation of -4.149 ns between counter_reg[23]/C (clocked by clk_slow_PLL_A_1) and counter_reg[5]/R (clocked by clk_slow_PLL_A). Large setup violations at the end of those stages might be difficult to fix during the post-placement implementation flow and could be the result of non-optimal XDC constraints or non-optimal design architecture
Related violations: <none>

TIMING-16#61 Warning
Large setup violation  
There is a large setup violation of -4.149 ns between counter_reg[23]/C (clocked by clk_slow_PLL_A_1) and counter_reg[6]/R (clocked by clk_slow_PLL_A). Large setup violations at the end of those stages might be difficult to fix during the post-placement implementation flow and could be the result of non-optimal XDC constraints or non-optimal design architecture
Related violations: <none>

TIMING-16#62 Warning
Large setup violation  
There is a large setup violation of -4.149 ns between counter_reg[23]/C (clocked by clk_slow_PLL_A_1) and counter_reg[7]/R (clocked by clk_slow_PLL_A). Large setup violations at the end of those stages might be difficult to fix during the post-placement implementation flow and could be the result of non-optimal XDC constraints or non-optimal design architecture
Related violations: <none>

TIMING-16#63 Warning
Large setup violation  
There is a large setup violation of -4.149 ns between counter_reg[23]/C (clocked by clk_slow_PLL_A_1) and counter_reg[8]/R (clocked by clk_slow_PLL_A). Large setup violations at the end of those stages might be difficult to fix during the post-placement implementation flow and could be the result of non-optimal XDC constraints or non-optimal design architecture
Related violations: <none>

TIMING-16#64 Warning
Large setup violation  
There is a large setup violation of -4.149 ns between counter_reg[23]/C (clocked by clk_slow_PLL_A_1) and counter_reg[9]/R (clocked by clk_slow_PLL_A). Large setup violations at the end of those stages might be difficult to fix during the post-placement implementation flow and could be the result of non-optimal XDC constraints or non-optimal design architecture
Related violations: <none>

TIMING-56#1 Warning
Missing logically or physically excluded clock groups constraint  
Multiple clocks are user generated or auto-derived on the source pin plla/inst/mmcm_adv_inst/CLKFBOUT but are not logically or physically exclusive with respect to one another. To have the static timing analysis match the behavior in hardware, there cannot be multiple clocks generated on the same pin and when such situation occurs, the clocks should be defined as physically or logically exclusive. The list of clocks generated on the source pin is: clkfbout_PLL_A, clkfbout_PLL_A_1
Related violations: <none>

TIMING-56#2 Warning
Missing logically or physically excluded clock groups constraint  
Multiple clocks are user generated or auto-derived on the source pin plla/inst/mmcm_adv_inst/CLKOUT0 but are not logically or physically exclusive with respect to one another. To have the static timing analysis match the behavior in hardware, there cannot be multiple clocks generated on the same pin and when such situation occurs, the clocks should be defined as physically or logically exclusive. The list of clocks generated on the source pin is: clk_out1_PLL_A, clk_out1_PLL_A_1
Related violations: <none>

TIMING-56#3 Warning
Missing logically or physically excluded clock groups constraint  
Multiple clocks are user generated or auto-derived on the source pin plla/inst/mmcm_adv_inst/CLKOUT1 but are not logically or physically exclusive with respect to one another. To have the static timing analysis match the behavior in hardware, there cannot be multiple clocks generated on the same pin and when such situation occurs, the clocks should be defined as physically or logically exclusive. The list of clocks generated on the source pin is: clk_slow_PLL_A, clk_slow_PLL_A_1
Related violations: <none>


