Copyright 1986-2020 Xilinx, Inc. All Rights Reserved.
---------------------------------------------------------------------------------------
| Tool Version : Vivado v.2020.2 (win64) Build 3064766 Wed Nov 18 09:12:45 MST 2020
| Date         : Thu Feb 19 14:28:32 2026
| Host         : LAPTOP-IMI5H5SA running 64-bit major release  (build 9200)
| Command      : report_control_sets -verbose -file TDCchannel_control_sets_placed.rpt
| Design       : TDCchannel
| Device       : xc7a35t
---------------------------------------------------------------------------------------

Control Set Information

Table of Contents
-----------------
1. Summary
2. Histogram
3. Flip-Flop Distribution
4. Detailed Control Set Information

1. Summary
----------

+----------------------------------------------------------+-------+
|                          Status                          | Count |
+----------------------------------------------------------+-------+
| Total control sets                                       |    13 |
|    Minimum number of control sets                        |    13 |
|    Addition due to synthesis replication                 |     0 |
|    Addition due to physical synthesis replication        |     0 |
| Unused register locations in slices containing registers |    51 |
+----------------------------------------------------------+-------+
* Control sets can be merged at opt_design using control_set_merge or merge_equivalent_drivers
** Run report_qor_suggestions for automated merging and remapping suggestions


2. Histogram
------------

+--------------------+-------+
|       Fanout       | Count |
+--------------------+-------+
| Total control sets |    13 |
| >= 0 to < 4        |     3 |
| >= 4 to < 6        |     3 |
| >= 6 to < 8        |     1 |
| >= 8 to < 10       |     1 |
| >= 10 to < 12      |     0 |
| >= 12 to < 14      |     0 |
| >= 14 to < 16      |     1 |
| >= 16              |     4 |
+--------------------+-------+
* Control sets can be remapped at either synth_design or opt_design


3. Flip-Flop Distribution
-------------------------

+--------------+-----------------------+------------------------+-----------------+--------------+
| Clock Enable | Synchronous Set/Reset | Asynchronous Set/Reset | Total Registers | Total Slices |
+--------------+-----------------------+------------------------+-----------------+--------------+
| No           | No                    | No                     |             344 |           74 |
| No           | No                    | Yes                    |               1 |            1 |
| No           | Yes                   | No                     |              31 |            8 |
| Yes          | No                    | No                     |              97 |           30 |
| Yes          | No                    | Yes                    |              20 |            7 |
| Yes          | Yes                   | No                     |               0 |            0 |
+--------------+-----------------------+------------------------+-----------------+--------------+


4. Detailed Control Set Information
-----------------------------------

+----------------------+-------------------------------------+-------------------------+------------------+----------------+--------------+
|     Clock Signal     |            Enable Signal            |     Set/Reset Signal    | Slice Load Count | Bel Load Count | Bels / Slice |
+----------------------+-------------------------------------+-------------------------+------------------+----------------+--------------+
|  trigger_out_reg_n_0 |                                     | Delay_line/hitQ_i_1_n_0 |                1 |              1 |         1.00 |
|  plla/inst/clk_out1  | final_stage/state__0[0]             | reset_IBUF              |                1 |              1 |         1.00 |
|  plla/inst/clk_slow  |                                     |                         |                2 |              2 |         1.00 |
|  plla/inst/clk_out1  | final_stage/char_idx0               |                         |                4 |              4 |         1.00 |
|  plla/inst/clk_out1  | final_stage/bit_idx0                |                         |                3 |              4 |         1.33 |
|  plla/inst/clk_out1  | final_stage/state                   | reset_IBUF              |                3 |              4 |         1.33 |
|  plla/inst/clk_out1  | final_stage/char_to_send[6]_i_1_n_0 |                         |                3 |              7 |         2.33 |
|  plla/inst/clk_out1  | final_stage/tx_shift_reg0           |                         |                2 |              9 |         4.50 |
|  plla/inst/clk_out1  | final_stage/state__1[1]             | reset_IBUF              |                3 |             15 |         5.00 |
|  plla/inst/clk_slow  |                                     | counter[31]_i_1_n_0     |                8 |             31 |         3.88 |
|  plla/inst/clk_out1  | final_stage/coarse_reg0             |                         |                9 |             31 |         3.44 |
|  plla/inst/clk_out1  | encoder/validOut                    |                         |                9 |             42 |         4.67 |
|  plla/inst/clk_out1  |                                     |                         |               72 |            343 |         4.76 |
+----------------------+-------------------------------------+-------------------------+------------------+----------------+--------------+


