Copyright 1986-2020 Xilinx, Inc. All Rights Reserved.
------------------------------------------------------------------------------------
| Tool Version : Vivado v.2020.2 (win64) Build 3064766 Wed Nov 18 09:12:45 MST 2020
| Date         : Mon Nov 17 22:47:48 2025
| Host         : LAPTOP-IMI5H5SA running 64-bit major release  (build 9200)
| Command      : upgrade_ip
| Device       : xc7a35tcpg236-1
------------------------------------------------------------------------------------

Upgrade Log for IP 'blk_mem_gen_0'

1. Summary
----------

SUCCESS in the upgrade of blk_mem_gen_0 (xilinx.com:ip:blk_mem_gen:8.4) from (Rev. 1) to (Rev. 4)






Copyright 1986-2020 Xilinx, Inc. All Rights Reserved.
------------------------------------------------------------------------------------
| Tool Version : Vivado v.2020.2 (win64) Build 3064766 Wed Nov 18 09:12:45 MST 2020
| Date         : Mon Nov 17 22:47:47 2025
| Host         : LAPTOP-IMI5H5SA running 64-bit major release  (build 9200)
| Command      : upgrade_ip
| Device       : xc7a35tcpg236-1
------------------------------------------------------------------------------------

Upgrade Log for IP 'axi_gpio_0'

1. Summary
----------

SUCCESS in the upgrade of axi_gpio_0 (xilinx.com:ip:axi_gpio:2.0) from (Rev. 19) to (Rev. 24)






Copyright 1986-2020 Xilinx, Inc. All Rights Reserved.
------------------------------------------------------------------------------------
| Tool Version : Vivado v.2020.2 (win64) Build 3064766 Wed Nov 18 09:12:45 MST 2020
| Date         : Mon Nov 17 22:47:47 2025
| Host         : LAPTOP-IMI5H5SA running 64-bit major release  (build 9200)
| Command      : upgrade_ip
| Device       : xc7a35tcpg236-1
------------------------------------------------------------------------------------

Upgrade Log for IP 'axi_bram_ctrl_0'

1. Summary
----------

CAUTION (success, with warnings) in the upgrade of axi_bram_ctrl_0 from xilinx.com:ip:axi_bram_ctrl:4.0 (Rev. 14) to xilinx.com:ip:axi_bram_ctrl:4.1 (Rev. 4)

After upgrade, an IP may have parameter differences compared to the original customization. Please review the parameters within the IP customization GUI to ensure proper functionality.

2. Upgrade messages
-------------------

Removed parameter C_SELECT_XPM

3. Customization warnings
-------------------------

An attempt to modify the value of disabled parameter 'ECC_TYPE' from 'Hamming' to '0' has been ignored for IP 'axi_bram_ctrl_0'


4. Debug Commands
-----------------

  The following debug information can be passed to Vivado as Tcl commands,
in order to validate or debug the output of the upgrade flow.
  You may consult any warnings from within this upgrade, and alter or remove
the configuration parameter(s) which caused the warning; then execute the Tcl
commands, and use the IP Customization GUI to verify the IP configuration.

create_ip -vlnv xilinx.com:ip:axi_bram_ctrl:4.1 -user_name axi_bram_ctrl_0
set_property -dict "\
  CONFIG.BMG_INSTANCE {EXTERNAL} \
  CONFIG.BRAM_PORTA.MASTER_TYPE {BRAM_CTRL} \
  CONFIG.BRAM_PORTA.MEM_ECC {NONE} \
  CONFIG.BRAM_PORTA.MEM_SIZE {8192} \
  CONFIG.BRAM_PORTA.MEM_WIDTH {32} \
  CONFIG.BRAM_PORTA.READ_LATENCY {1} \
  CONFIG.BRAM_PORTA.READ_WRITE_MODE {} \
  CONFIG.CLKIF.ASSOCIATED_BUSIF {S_AXI:S_AXI_CTRL} \
  CONFIG.CLKIF.ASSOCIATED_RESET {s_axi_aresetn} \
  CONFIG.CLKIF.CLK_DOMAIN {} \
  CONFIG.CLKIF.FREQ_HZ {100000000} \
  CONFIG.CLKIF.FREQ_TOLERANCE_HZ {0} \
  CONFIG.CLKIF.INSERT_VIP {0} \
  CONFIG.CLKIF.PHASE {0.000} \
  CONFIG.Component_Name {axi_bram_ctrl_0} \
  CONFIG.DATA_WIDTH {32} \
  CONFIG.ECC_ONOFF_RESET_VALUE {0} \
  CONFIG.ECC_TYPE {0} \
  CONFIG.FAULT_INJECT {0} \
  CONFIG.ID_WIDTH {12} \
  CONFIG.MEM_DEPTH {4096} \
  CONFIG.PROTOCOL {AXI4} \
  CONFIG.RSTIF.INSERT_VIP {0} \
  CONFIG.RSTIF.POLARITY {ACTIVE_LOW} \
  CONFIG.SINGLE_PORT_BRAM {1} \
  CONFIG.SUPPORTS_NARROW_BURST {0} \
  CONFIG.S_AXI.ADDR_WIDTH {14} \
  CONFIG.S_AXI.ARUSER_WIDTH {0} \
  CONFIG.S_AXI.AWUSER_WIDTH {0} \
  CONFIG.S_AXI.BUSER_WIDTH {0} \
  CONFIG.S_AXI.CLK_DOMAIN {} \
  CONFIG.S_AXI.DATA_WIDTH {32} \
  CONFIG.S_AXI.FREQ_HZ {100000000} \
  CONFIG.S_AXI.HAS_BRESP {1} \
  CONFIG.S_AXI.HAS_BURST {1} \
  CONFIG.S_AXI.HAS_CACHE {1} \
  CONFIG.S_AXI.HAS_LOCK {1} \
  CONFIG.S_AXI.HAS_PROT {1} \
  CONFIG.S_AXI.HAS_QOS {0} \
  CONFIG.S_AXI.HAS_REGION {0} \
  CONFIG.S_AXI.HAS_RRESP {1} \
  CONFIG.S_AXI.HAS_WSTRB {1} \
  CONFIG.S_AXI.ID_WIDTH {12} \
  CONFIG.S_AXI.INSERT_VIP {0} \
  CONFIG.S_AXI.MAX_BURST_LENGTH {256} \
  CONFIG.S_AXI.NUM_READ_OUTSTANDING {2} \
  CONFIG.S_AXI.NUM_READ_THREADS {1} \
  CONFIG.S_AXI.NUM_WRITE_OUTSTANDING {2} \
  CONFIG.S_AXI.NUM_WRITE_THREADS {1} \
  CONFIG.S_AXI.PHASE {0.000} \
  CONFIG.S_AXI.PROTOCOL {AXI4} \
  CONFIG.S_AXI.READ_WRITE_MODE {READ_WRITE} \
  CONFIG.S_AXI.RUSER_BITS_PER_BYTE {0} \
  CONFIG.S_AXI.RUSER_WIDTH {0} \
  CONFIG.S_AXI.SUPPORTS_NARROW_BURST {1} \
  CONFIG.S_AXI.WUSER_BITS_PER_BYTE {0} \
  CONFIG.S_AXI.WUSER_WIDTH {0} \
  CONFIG.USE_ECC {0} " [get_ips axi_bram_ctrl_0]


