22:44:15 **** Incremental Build of configuration Debug for project test_emcv1 ****
make all 
'Building target: test_emcv1.elf'
'Invoking: MicroBlaze gcc linker'
mb-gcc -Wl,-T -Wl,../src/lscript.ld -LC:/Users/ilpes/Desktop/Antenne_e_clocks/project_MicroBlaze_simple/microv2_INTC_emc/export/microv2_INTC_emc/sw/microv2_INTC_emc/standalone_domain/bsplib/lib -mlittle-endian -mxl-barrel-shift -mxl-pattern-compare -mcpu=v11.0 -mno-xl-soft-mul -Wl,--no-relax -Wl,--gc-sections -o "test_emcv1.elf"  ./src/helloworld.o ./src/platform.o   -Wl,--start-group,-lxil,-lgcc,-lc,--end-group
'Finished building target: test_emcv1.elf'
' '
'Invoking: MicroBlaze Print Size'
mb-size test_emcv1.elf  |tee "test_emcv1.elf.size"
   text	   data	    bss	    dec	    hex	filename
   2496	    332	   3108	   5936	   1730	test_emcv1.elf
'Finished building: test_emcv1.elf.size'
' '

22:44:16 Build Finished (took 1s.665ms)

