Copyright 1986-2020 Xilinx, Inc. All Rights Reserved.
----------------------------------------------------------------------------------------------------------------------------------------------------------------------
| Tool Version     : Vivado v.2020.2 (win64) Build 3064766 Wed Nov 18 09:12:45 MST 2020
| Date             : Tue Aug 26 16:13:02 2025
| Host             : LAPTOP-IMI5H5SA running 64-bit major release  (build 9200)
| Command          : report_power -file user_35t_wrapper_power_routed.rpt -pb user_35t_wrapper_power_summary_routed.pb -rpx user_35t_wrapper_power_routed.rpx
| Design           : user_35t_wrapper
| Device           : xc7a35tcpg236-1
| Design State     : routed
| Grade            : commercial
| Process          : typical
| Characterization : Production
----------------------------------------------------------------------------------------------------------------------------------------------------------------------

Power Report

Table of Contents
-----------------
1. Summary
1.1 On-Chip Components
1.2 Power Supply Summary
1.3 Confidence Level
2. Settings
2.1 Environment
2.2 Clock Constraints
3. Detailed Reports
3.1 By Hierarchy

1. Summary
----------

+--------------------------+--------------+
| Total On-Chip Power (W)  | 0.384        |
| Design Power Budget (W)  | Unspecified* |
| Power Budget Margin (W)  | NA           |
| Dynamic (W)              | 0.310        |
| Device Static (W)        | 0.074        |
| Effective TJA (C/W)      | 5.0          |
| Max Ambient (C)          | 83.1         |
| Junction Temperature (C) | 26.9         |
| Confidence Level         | Low          |
| Setting File             | ---          |
| Simulation Activity File | ---          |
| Design Nets Matched      | NA           |
+--------------------------+--------------+
* Specify Design Power Budget using, set_operating_conditions -design_power_budget <value in Watts>


1.1 On-Chip Components
----------------------

+--------------------------+-----------+----------+-----------+-----------------+
| On-Chip                  | Power (W) | Used     | Available | Utilization (%) |
+--------------------------+-----------+----------+-----------+-----------------+
| Clocks                   |     0.079 |        9 |       --- |             --- |
| Slice Logic              |     0.025 |    51500 |       --- |             --- |
|   LUT as Logic           |     0.021 |    16835 |     20800 |           80.94 |
|   Register               |     0.002 |    24430 |     41600 |           58.73 |
|   CARRY4                 |     0.001 |      828 |      8150 |           10.16 |
|   LUT as Shift Register  |    <0.001 |     1644 |      9600 |           17.13 |
|   F7/F8 Muxes            |    <0.001 |      619 |     32600 |            1.90 |
|   LUT as Distributed RAM |    <0.001 |      228 |      9600 |            2.38 |
|   Others                 |    <0.001 |     2441 |       --- |             --- |
| Signals                  |     0.041 |    37354 |       --- |             --- |
| Block RAM                |     0.034 |       41 |        50 |           82.00 |
| MMCM                     |     0.104 |        1 |         5 |           20.00 |
| DSPs                     |     0.002 |        4 |        90 |            4.44 |
| I/O                      |     0.024 |       55 |       106 |           51.89 |
| XADC                     |     0.002 |        1 |       --- |             --- |
| Static Power             |     0.074 |          |           |                 |
| Total                    |     0.384 |          |           |                 |
+--------------------------+-----------+----------+-----------+-----------------+


1.2 Power Supply Summary
------------------------

+-----------+-------------+-----------+-------------+------------+-------------+-------------+------------+
| Source    | Voltage (V) | Total (A) | Dynamic (A) | Static (A) | Powerup (A) | Budget (A)  | Margin (A) |
+-----------+-------------+-----------+-------------+------------+-------------+-------------+------------+
| Vccint    |       1.000 |     0.191 |       0.180 |      0.011 |       NA    | Unspecified | NA         |
| Vccaux    |       1.800 |     0.071 |       0.059 |      0.013 |       NA    | Unspecified | NA         |
| Vcco33    |       3.300 |     0.007 |       0.006 |      0.001 |       NA    | Unspecified | NA         |
| Vcco25    |       2.500 |     0.000 |       0.000 |      0.000 |       NA    | Unspecified | NA         |
| Vcco18    |       1.800 |     0.000 |       0.000 |      0.000 |       NA    | Unspecified | NA         |
| Vcco15    |       1.500 |     0.000 |       0.000 |      0.000 |       NA    | Unspecified | NA         |
| Vcco135   |       1.350 |     0.000 |       0.000 |      0.000 |       NA    | Unspecified | NA         |
| Vcco12    |       1.200 |     0.000 |       0.000 |      0.000 |       NA    | Unspecified | NA         |
| Vccaux_io |       1.800 |     0.000 |       0.000 |      0.000 |       NA    | Unspecified | NA         |
| Vccbram   |       1.000 |     0.004 |       0.002 |      0.001 |       NA    | Unspecified | NA         |
| MGTAVcc   |       1.000 |     0.000 |       0.000 |      0.000 |       NA    | Unspecified | NA         |
| MGTAVtt   |       1.200 |     0.000 |       0.000 |      0.000 |       NA    | Unspecified | NA         |
| Vccadc    |       1.800 |     0.021 |       0.001 |      0.020 |       NA    | Unspecified | NA         |
+-----------+-------------+-----------+-------------+------------+-------------+-------------+------------+


1.3 Confidence Level
--------------------

+-----------------------------+------------+--------------------------------------------------------+------------------------------------------------------------------------------------------------------------+
| User Input Data             | Confidence | Details                                                | Action                                                                                                     |
+-----------------------------+------------+--------------------------------------------------------+------------------------------------------------------------------------------------------------------------+
| Design implementation state | High       | Design is routed                                       |                                                                                                            |
| Clock nodes activity        | High       | User specified more than 95% of clocks                 |                                                                                                            |
| I/O nodes activity          | Low        | More than 75% of inputs are missing user specification | Provide missing input activity with simulation results or by editing the "By Resource Type -> I/Os" view   |
| Internal nodes activity     | Medium     | User specified less than 25% of internal nodes         | Provide missing internal nodes activity with simulation results or by editing the "By Resource Type" views |
| Device models               | High       | Device models are Production                           |                                                                                                            |
|                             |            |                                                        |                                                                                                            |
| Overall confidence level    | Low        |                                                        |                                                                                                            |
+-----------------------------+------------+--------------------------------------------------------+------------------------------------------------------------------------------------------------------------+


2. Settings
-----------

2.1 Environment
---------------

+-----------------------+--------------------------+
| Ambient Temp (C)      | 25.0                     |
| ThetaJA (C/W)         | 5.0                      |
| Airflow (LFM)         | 250                      |
| Heat Sink             | medium (Medium Profile)  |
| ThetaSA (C/W)         | 4.6                      |
| Board Selection       | medium (10"x10")         |
| # of Board Layers     | 12to15 (12 to 15 Layers) |
| Board Temperature (C) | 25.0                     |
+-----------------------+--------------------------+


2.2 Clock Constraints
---------------------

+--------------------------------------------------------------------------------------------+----------------------------------------------------------------------+-----------------+
| Clock                                                                                      | Domain                                                               | Constraint (ns) |
+--------------------------------------------------------------------------------------------+----------------------------------------------------------------------+-----------------+
| clk_out1_user_35t_clk_wiz_0_0                                                              | user_35t_i/clk_wiz_0/inst/clk_out1_user_35t_clk_wiz_0_0              |            10.0 |
| clkfbout_user_35t_clk_wiz_0_0                                                              | user_35t_i/clk_wiz_0/inst/clkfbout_user_35t_clk_wiz_0_0              |            83.3 |
| dbg_hub/inst/BSCANID.u_xsdbm_id/SWITCH_N_EXT_BSCAN.bscan_inst/SERIES7_BSCAN.bscan_inst/TCK | dbg_hub/inst/BSCANID.u_xsdbm_id/SWITCH_N_EXT_BSCAN.bscan_inst/tck_bs |            33.0 |
| sys_clk_pin                                                                                | sys_clock                                                            |            83.3 |
| sys_clk_pin                                                                                | sys_clock_IBUF_BUFG                                                  |            83.3 |
| user_35t_i/mdm_1/U0/Use_E2.BSCAN_I/Use_E2.BSCANE2_I/DRCK                                   | user_35t_i/mdm_1/U0/Use_E2.BSCAN_I/DRCK                              |            33.3 |
| user_35t_i/mdm_1/U0/Use_E2.BSCAN_I/Use_E2.BSCANE2_I/UPDATE                                 | user_35t_i/mdm_1/U0/Use_E2.BSCAN_I/Dbg_Update_0                      |            33.3 |
+--------------------------------------------------------------------------------------------+----------------------------------------------------------------------+-----------------+


3. Detailed Reports
-------------------

3.1 By Hierarchy
----------------

+-------------------------------+-----------+
| Name                          | Power (W) |
+-------------------------------+-----------+
| user_35t_wrapper              |     0.310 |
|   dbg_hub                     |     0.003 |
|     inst                      |     0.003 |
|       BSCANID.u_xsdbm_id      |     0.003 |
|   user_35t_i                  |     0.283 |
|     axi_dma_0                 |     0.004 |
|       U0                      |     0.004 |
|     axi_dma_1                 |     0.003 |
|       U0                      |     0.003 |
|     axi_dma_16counters        |     0.011 |
|       U0                      |     0.011 |
|     axi_emc_0                 |     0.011 |
|       U0                      |     0.011 |
|     axi_iic                   |     0.002 |
|       U0                      |     0.002 |
|     axi_intc_0                |     0.001 |
|       U0                      |     0.001 |
|     axi_interconnect_0        |     0.032 |
|       m00_couplers            |     0.009 |
|       s01_couplers            |     0.001 |
|       s02_couplers            |     0.006 |
|       s03_couplers            |     0.004 |
|       s04_couplers            |     0.001 |
|       xbar                    |     0.011 |
|     axi_interconnect_1        |     0.002 |
|       xbar                    |     0.002 |
|     axi_quad_spi_0            |     0.005 |
|       U0                      |     0.005 |
|     axi_timer_0               |     0.003 |
|       U0                      |     0.003 |
|     axis_data_fifo_0          |     0.003 |
|       inst                    |     0.003 |
|     axis_data_fifo_1          |     0.002 |
|       inst                    |     0.002 |
|     clk_wiz_0                 |     0.104 |
|       inst                    |     0.104 |
|     gpio_1_cnt_axidata_fifo   |     0.001 |
|       U0                      |     0.001 |
|     ila_TF                    |     0.007 |
|       inst                    |     0.007 |
|     ila_XADC                  |     0.007 |
|       inst                    |     0.007 |
|     ila_ch0                   |     0.007 |
|       inst                    |     0.007 |
|     ila_combiner              |     0.024 |
|       inst                    |     0.024 |
|     microblaze_0              |     0.039 |
|       U0                      |     0.039 |
|     microblaze_0_local_memory |     0.002 |
|       lmb_bram                |     0.002 |
|     xadc_wiz_0                |     0.005 |
|       inst                    |     0.005 |
+-------------------------------+-----------+


