
*** Running vivado
    with args -log TDCchannel.vdi -applog -m64 -product Vivado -messageDb vivado.pb -mode batch -source TDCchannel.tcl -notrace



****** Vivado v2020.2 (64-bit)
  **** SW Build 3064766 on Wed Nov 18 09:12:45 MST 2020
  **** IP Build 3064653 on Wed Nov 18 14:17:31 MST 2020
    ** Copyright 1986-2020 Xilinx, Inc. All Rights Reserved.

source TDCchannel.tcl -notrace
Command: link_design -top TDCchannel -part xc7a35tcpg236-1
Design is defaulting to srcset: sources_1
Design is defaulting to constrset: constrs_1
INFO: [Device 21-403] Loading part xc7a35tcpg236-1
INFO: [Project 1-454] Reading design checkpoint 'c:/Users/ilpes/TDC_a35t/TDC_a35t_v9_RO_132_TAP/TDC_a35t_v9_RO_132_TAP.gen/sources_1/ip/PLL_A/PLL_A.dcp' for cell 'plla'
Netlist sorting complete. Time (s): cpu = 00:00:00 ; elapsed = 00:00:00.006 . Memory (MB): peak = 1145.184 ; gain = 0.000
INFO: [Netlist 29-17] Analyzing 52 Unisim elements for replacement
INFO: [Netlist 29-28] Unisim Transformation completed in 0 CPU seconds
INFO: [Project 1-479] Netlist was created with Vivado 2020.2
INFO: [Project 1-570] Preparing netlist for logic optimization
Parsing XDC File [c:/Users/ilpes/TDC_a35t/TDC_a35t_v9_RO_132_TAP/TDC_a35t_v9_RO_132_TAP.gen/sources_1/ip/PLL_A/PLL_A_board.xdc] for cell 'plla/inst'
Finished Parsing XDC File [c:/Users/ilpes/TDC_a35t/TDC_a35t_v9_RO_132_TAP/TDC_a35t_v9_RO_132_TAP.gen/sources_1/ip/PLL_A/PLL_A_board.xdc] for cell 'plla/inst'
Parsing XDC File [c:/Users/ilpes/TDC_a35t/TDC_a35t_v9_RO_132_TAP/TDC_a35t_v9_RO_132_TAP.gen/sources_1/ip/PLL_A/PLL_A.xdc] for cell 'plla/inst'
INFO: [Timing 38-35] Done setting XDC timing constraints. [c:/Users/ilpes/TDC_a35t/TDC_a35t_v9_RO_132_TAP/TDC_a35t_v9_RO_132_TAP.gen/sources_1/ip/PLL_A/PLL_A.xdc:57]
INFO: [Timing 38-2] Deriving generated clocks [c:/Users/ilpes/TDC_a35t/TDC_a35t_v9_RO_132_TAP/TDC_a35t_v9_RO_132_TAP.gen/sources_1/ip/PLL_A/PLL_A.xdc:57]
get_clocks: Time (s): cpu = 00:00:06 ; elapsed = 00:00:06 . Memory (MB): peak = 1627.824 ; gain = 482.641
WARNING: [Vivado 12-2489] -input_jitter contains time 0.833330 which will be rounded to 0.833 to ensure it is an integer multiple of 1 picosecond [c:/Users/ilpes/TDC_a35t/TDC_a35t_v9_RO_132_TAP/TDC_a35t_v9_RO_132_TAP.gen/sources_1/ip/PLL_A/PLL_A.xdc:57]
Finished Parsing XDC File [c:/Users/ilpes/TDC_a35t/TDC_a35t_v9_RO_132_TAP/TDC_a35t_v9_RO_132_TAP.gen/sources_1/ip/PLL_A/PLL_A.xdc] for cell 'plla/inst'
Parsing XDC File [C:/Users/ilpes/TDC_a35t/TDC_a35t_v9_RO_132_TAP/TDC_a35t_v9_RO_132_TAP.srcs/constrs_1/imports/Downloads/Cmod-A7-Master.xdc]
WARNING: [Vivado 12-180] No cells matched 'trigger_out_reg'. [C:/Users/ilpes/TDC_a35t/TDC_a35t_v9_RO_132_TAP/TDC_a35t_v9_RO_132_TAP.srcs/constrs_1/imports/Downloads/Cmod-A7-Master.xdc:8]
CRITICAL WARNING: [Vivado 12-4739] set_false_path:No valid object(s) found for '-from [get_cells trigger_out_reg]'. [C:/Users/ilpes/TDC_a35t/TDC_a35t_v9_RO_132_TAP/TDC_a35t_v9_RO_132_TAP.srcs/constrs_1/imports/Downloads/Cmod-A7-Master.xdc:8]
Resolution: Check if the specified object(s) exists in the current design. If it does, ensure that the correct design hierarchy was specified for the object. If you are working with clocks, make sure create_clock was used to create the clock object before it is referenced.
WARNING: [Vivado 12-180] No cells matched 'counter_reg*'. [C:/Users/ilpes/TDC_a35t/TDC_a35t_v9_RO_132_TAP/TDC_a35t_v9_RO_132_TAP.srcs/constrs_1/imports/Downloads/Cmod-A7-Master.xdc:22]
CRITICAL WARNING: [Vivado 12-1433] Expecting a non-empty list of cells to be added to the pblock.  Please verify the correctness of the <cells> argument. [C:/Users/ilpes/TDC_a35t/TDC_a35t_v9_RO_132_TAP/TDC_a35t_v9_RO_132_TAP.srcs/constrs_1/imports/Downloads/Cmod-A7-Master.xdc:22]
WARNING: [Vivado 12-4775] These ranges will be aligned to a tile boundary: SLICE_X0Y0:SLICE_X4Y10 [C:/Users/ilpes/TDC_a35t/TDC_a35t_v9_RO_132_TAP/TDC_a35t_v9_RO_132_TAP.srcs/constrs_1/imports/Downloads/Cmod-A7-Master.xdc:549]
WARNING: [Vivado 12-507] No nets matched 'trigger_out'. [C:/Users/ilpes/TDC_a35t/TDC_a35t_v9_RO_132_TAP/TDC_a35t_v9_RO_132_TAP.srcs/constrs_1/imports/Downloads/Cmod-A7-Master.xdc:552]
CRITICAL WARNING: [Vivado 12-4739] create_clock:No valid object(s) found for '-objects [get_nets trigger_out]'. [C:/Users/ilpes/TDC_a35t/TDC_a35t_v9_RO_132_TAP/TDC_a35t_v9_RO_132_TAP.srcs/constrs_1/imports/Downloads/Cmod-A7-Master.xdc:552]
Resolution: Check if the specified object(s) exists in the current design. If it does, ensure that the correct design hierarchy was specified for the object. If you are working with clocks, make sure create_clock was used to create the clock object before it is referenced.
Finished Parsing XDC File [C:/Users/ilpes/TDC_a35t/TDC_a35t_v9_RO_132_TAP/TDC_a35t_v9_RO_132_TAP.srcs/constrs_1/imports/Downloads/Cmod-A7-Master.xdc]
INFO: [Opt 31-138] Pushed 0 inverter(s) to 0 load pin(s).
Netlist sorting complete. Time (s): cpu = 00:00:00 ; elapsed = 00:00:00 . Memory (MB): peak = 1627.824 ; gain = 0.000
INFO: [Project 1-111] Unisim Transformation Summary:
No Unisim elements were transformed.

10 Infos, 5 Warnings, 3 Critical Warnings and 0 Errors encountered.
link_design completed successfully
link_design: Time (s): cpu = 00:00:11 ; elapsed = 00:00:13 . Memory (MB): peak = 1627.824 ; gain = 482.641
Command: opt_design
Attempting to get a license for feature 'Implementation' and/or device 'xc7a35t'
INFO: [Common 17-349] Got license for feature 'Implementation' and/or device 'xc7a35t'
Running DRC as a precondition to command opt_design

Starting DRC Task
INFO: [DRC 23-27] Running DRC with 2 threads
INFO: [Project 1-461] DRC finished with 0 Errors
INFO: [Project 1-462] Please refer to the DRC report (report_drc) for more information.

Time (s): cpu = 00:00:01 ; elapsed = 00:00:01 . Memory (MB): peak = 1627.824 ; gain = 0.000

Starting Cache Timing Information Task
INFO: [Timing 38-35] Done setting XDC timing constraints.
INFO: [Timing 38-2] Deriving generated clocks
Ending Cache Timing Information Task | Checksum: 168a90d91

Time (s): cpu = 00:00:00 ; elapsed = 00:00:00.046 . Memory (MB): peak = 1648.738 ; gain = 20.914

Starting Logic Optimization Task

Phase 1 Retarget
INFO: [Opt 31-138] Pushed 0 inverter(s) to 0 load pin(s).
INFO: [Opt 31-49] Retargeted 0 cell(s).
Phase 1 Retarget | Checksum: 168a90d91

Time (s): cpu = 00:00:00 ; elapsed = 00:00:00.056 . Memory (MB): peak = 1855.750 ; gain = 0.000
INFO: [Opt 31-389] Phase Retarget created 0 cells and removed 0 cells
INFO: [Opt 31-1021] In phase Retarget, 68 netlist objects are constrained preventing optimization. Please run opt_design with -debug_log to get more detail. 

Phase 2 Constant propagation
INFO: [Opt 31-138] Pushed 0 inverter(s) to 0 load pin(s).
Phase 2 Constant propagation | Checksum: 168a90d91

Time (s): cpu = 00:00:00 ; elapsed = 00:00:00.063 . Memory (MB): peak = 1855.750 ; gain = 0.000
INFO: [Opt 31-389] Phase Constant propagation created 0 cells and removed 0 cells
INFO: [Opt 31-1021] In phase Constant propagation, 67 netlist objects are constrained preventing optimization. Please run opt_design with -debug_log to get more detail. 

Phase 3 Sweep
Phase 3 Sweep | Checksum: 109ddd436

Time (s): cpu = 00:00:00 ; elapsed = 00:00:00.076 . Memory (MB): peak = 1855.750 ; gain = 0.000
INFO: [Opt 31-389] Phase Sweep created 0 cells and removed 1 cells
INFO: [Opt 31-1021] In phase Sweep, 67 netlist objects are constrained preventing optimization. Please run opt_design with -debug_log to get more detail. 

Phase 4 BUFG optimization
Phase 4 BUFG optimization | Checksum: 109ddd436

Time (s): cpu = 00:00:00 ; elapsed = 00:00:00.088 . Memory (MB): peak = 1855.750 ; gain = 0.000
INFO: [Opt 31-662] Phase BUFG optimization created 0 cells of which 0 are BUFGs and removed 0 cells.
INFO: [Opt 31-1021] In phase BUFG optimization, 1 netlist objects are constrained preventing optimization. Please run opt_design with -debug_log to get more detail. 

Phase 5 Shift Register Optimization
INFO: [Opt 31-1064] SRL Remap converted 0 SRLs to 0 registers and converted 0 registers of register chains to 0 SRLs
Phase 5 Shift Register Optimization | Checksum: 109ddd436

Time (s): cpu = 00:00:00 ; elapsed = 00:00:00.092 . Memory (MB): peak = 1855.750 ; gain = 0.000
INFO: [Opt 31-389] Phase Shift Register Optimization created 0 cells and removed 0 cells

Phase 6 Post Processing Netlist
Phase 6 Post Processing Netlist | Checksum: 109ddd436

Time (s): cpu = 00:00:00 ; elapsed = 00:00:00.098 . Memory (MB): peak = 1855.750 ; gain = 0.000
INFO: [Opt 31-389] Phase Post Processing Netlist created 0 cells and removed 0 cells
INFO: [Opt 31-1021] In phase Post Processing Netlist, 67 netlist objects are constrained preventing optimization. Please run opt_design with -debug_log to get more detail. 
Opt_design Change Summary
=========================


-------------------------------------------------------------------------------------------------------------------------
|  Phase                        |  #Cells created  |  #Cells Removed  |  #Constrained objects preventing optimizations  |
-------------------------------------------------------------------------------------------------------------------------
|  Retarget                     |               0  |               0  |                                             68  |
|  Constant propagation         |               0  |               0  |                                             67  |
|  Sweep                        |               0  |               1  |                                             67  |
|  BUFG optimization            |               0  |               0  |                                              1  |
|  Shift Register Optimization  |               0  |               0  |                                              0  |
|  Post Processing Netlist      |               0  |               0  |                                             67  |
-------------------------------------------------------------------------------------------------------------------------



Starting Connectivity Check Task

Time (s): cpu = 00:00:00 ; elapsed = 00:00:00.001 . Memory (MB): peak = 1855.750 ; gain = 0.000
Ending Logic Optimization Task | Checksum: 17db0f2f5

Time (s): cpu = 00:00:00 ; elapsed = 00:00:00.109 . Memory (MB): peak = 1855.750 ; gain = 0.000

Starting Power Optimization Task
INFO: [Pwropt 34-132] Skipping clock gating for clocks with a period < 2.00 ns.
Ending Power Optimization Task | Checksum: 17db0f2f5

Time (s): cpu = 00:00:00 ; elapsed = 00:00:00.038 . Memory (MB): peak = 1855.750 ; gain = 0.000

Starting Final Cleanup Task
Ending Final Cleanup Task | Checksum: 17db0f2f5

Time (s): cpu = 00:00:00 ; elapsed = 00:00:00 . Memory (MB): peak = 1855.750 ; gain = 0.000

Starting Netlist Obfuscation Task
Netlist sorting complete. Time (s): cpu = 00:00:00 ; elapsed = 00:00:00 . Memory (MB): peak = 1855.750 ; gain = 0.000
Ending Netlist Obfuscation Task | Checksum: 17db0f2f5

Time (s): cpu = 00:00:00 ; elapsed = 00:00:00 . Memory (MB): peak = 1855.750 ; gain = 0.000
INFO: [Common 17-83] Releasing license: Implementation
33 Infos, 5 Warnings, 3 Critical Warnings and 0 Errors encountered.
opt_design completed successfully
INFO: [Timing 38-480] Writing timing data to binary archive.
Writing placer database...
Writing XDEF routing.
Writing XDEF routing logical nets.
Writing XDEF routing special nets.
Write XDEF Complete: Time (s): cpu = 00:00:00 ; elapsed = 00:00:00.055 . Memory (MB): peak = 1855.750 ; gain = 0.000
INFO: [Common 17-1381] The checkpoint 'C:/Users/ilpes/TDC_a35t/TDC_a35t_v9_RO_132_TAP/TDC_a35t_v9_RO_132_TAP.runs/impl_1/TDCchannel_opt.dcp' has been generated.
INFO: [runtcl-4] Executing : report_drc -file TDCchannel_drc_opted.rpt -pb TDCchannel_drc_opted.pb -rpx TDCchannel_drc_opted.rpx
Command: report_drc -file TDCchannel_drc_opted.rpt -pb TDCchannel_drc_opted.pb -rpx TDCchannel_drc_opted.rpx
INFO: [IP_Flow 19-1839] IP Catalog is up to date.
INFO: [Timing 38-35] Done setting XDC timing constraints.
INFO: [DRC 23-27] Running DRC with 2 threads
INFO: [Coretcl 2-168] The results of DRC are in file C:/Users/ilpes/TDC_a35t/TDC_a35t_v9_RO_132_TAP/TDC_a35t_v9_RO_132_TAP.runs/impl_1/TDCchannel_drc_opted.rpt.
report_drc completed successfully
report_drc: Time (s): cpu = 00:00:03 ; elapsed = 00:00:06 . Memory (MB): peak = 1896.000 ; gain = 40.250
Command: place_design
Attempting to get a license for feature 'Implementation' and/or device 'xc7a35t'
INFO: [Common 17-349] Got license for feature 'Implementation' and/or device 'xc7a35t'
INFO: [DRC 23-27] Running DRC with 2 threads
INFO: [Vivado_Tcl 4-198] DRC finished with 0 Errors
INFO: [Vivado_Tcl 4-199] Please refer to the DRC report (report_drc) for more information.
Running DRC as a precondition to command place_design
INFO: [DRC 23-27] Running DRC with 2 threads
WARNING: [DRC LUTLP-2] Combinatorial Loop Allowed: 67 LUT cells form a combinatorial loop. This can create a race condition. Timing analysis may not be accurate. The preferred resolution is to modify the design to remove combinatorial logic loops. This loop has been identified in the constraints as being known and understood by use of the ALLOW_COMBINATORIAL_LOOPS property on a net in the loop. The cells in the loop are: ro/nodes_inferred_i_1, ro/nodes_inferred_i_2, ro/nodes_inferred_i_3, ro/nodes_inferred_i_4, ro/nodes_inferred_i_5, ro/nodes_inferred_i_6, ro/nodes_inferred_i_7, ro/nodes_inferred_i_8, ro/nodes_inferred_i_9, ro/nodes_inferred_i_10, ro/nodes_inferred_i_11, ro/nodes_inferred_i_12, ro/nodes_inferred_i_13, ro/nodes_inferred_i_14, ro/nodes_inferred_i_15... and (the first 15 of 67 listed).
INFO: [Vivado_Tcl 4-198] DRC finished with 0 Errors, 1 Warnings
INFO: [Vivado_Tcl 4-199] Please refer to the DRC report (report_drc) for more information.

Starting Placer Task
INFO: [Place 30-611] Multithreading enabled for place_design using a maximum of 2 CPUs

Phase 1 Placer Initialization

Phase 1.1 Placer Initialization Netlist Sorting
Netlist sorting complete. Time (s): cpu = 00:00:00 ; elapsed = 00:00:00.001 . Memory (MB): peak = 1909.859 ; gain = 0.000
Phase 1.1 Placer Initialization Netlist Sorting | Checksum: 880b2e00

Time (s): cpu = 00:00:00 ; elapsed = 00:00:00.031 . Memory (MB): peak = 1909.859 ; gain = 0.000
Netlist sorting complete. Time (s): cpu = 00:00:00 ; elapsed = 00:00:00 . Memory (MB): peak = 1909.859 ; gain = 0.000

Phase 1.2 IO Placement/ Clock Placement/ Build Placer Device
WARNING: [Place 30-568] A LUT 'ro/nodes_orig0__64' is driving clock pin of 1 registers. This could lead to large hold time violations. First few involved registers are:
	Delay_line/hitQ_reg {FDCE}
Phase 1.2 IO Placement/ Clock Placement/ Build Placer Device | Checksum: caafe579

Time (s): cpu = 00:00:00 ; elapsed = 00:00:00.151 . Memory (MB): peak = 1909.859 ; gain = 0.000

Phase 1.3 Build Placer Netlist Model
Phase 1.3 Build Placer Netlist Model | Checksum: 1979cfa14

Time (s): cpu = 00:00:00 ; elapsed = 00:00:00.324 . Memory (MB): peak = 1909.859 ; gain = 0.000

Phase 1.4 Constrain Clocks/Macros
Phase 1.4 Constrain Clocks/Macros | Checksum: 1979cfa14

Time (s): cpu = 00:00:00 ; elapsed = 00:00:00.328 . Memory (MB): peak = 1909.859 ; gain = 0.000
Phase 1 Placer Initialization | Checksum: 1979cfa14

Time (s): cpu = 00:00:00 ; elapsed = 00:00:00.335 . Memory (MB): peak = 1909.859 ; gain = 0.000

Phase 2 Global Placement

Phase 2.1 Floorplanning
Phase 2.1 Floorplanning | Checksum: 15d1b34ff

Time (s): cpu = 00:00:00 ; elapsed = 00:00:00.512 . Memory (MB): peak = 1909.859 ; gain = 0.000

Phase 2.2 Update Timing before SLR Path Opt
Phase 2.2 Update Timing before SLR Path Opt | Checksum: 1aec48fca

Time (s): cpu = 00:00:00 ; elapsed = 00:00:00.585 . Memory (MB): peak = 1909.859 ; gain = 0.000

Phase 2.3 Global Placement Core

Phase 2.3.1 Physical Synthesis In Placer
INFO: [Physopt 32-1035] Found 0 LUTNM shape to break, 5 LUT instances to create LUTNM shape
INFO: [Physopt 32-1044] Break lutnm for timing: one critical 0, two critical 0, total 0, new lutff created 0
INFO: [Physopt 32-775] End 1 Pass. Optimized 2 nets or cells. Created 0 new cell, deleted 2 existing cells and moved 0 existing cell
INFO: [Physopt 32-65] No nets found for high-fanout optimization.
INFO: [Physopt 32-232] Optimized 0 net. Created 0 new instance.
INFO: [Physopt 32-775] End 1 Pass. Optimized 0 net or cell. Created 0 new cell, deleted 0 existing cell and moved 0 existing cell
INFO: [Physopt 32-456] No candidate cells for DSP register optimization found in the design.
INFO: [Physopt 32-775] End 2 Pass. Optimized 0 net or cell. Created 0 new cell, deleted 0 existing cell and moved 0 existing cell
INFO: [Physopt 32-1123] No candidate cells found for Shift Register to Pipeline optimization
INFO: [Physopt 32-775] End 1 Pass. Optimized 0 net or cell. Created 0 new cell, deleted 0 existing cell and moved 0 existing cell
INFO: [Physopt 32-677] No candidate cells for Shift Register optimization found in the design
INFO: [Physopt 32-775] End 1 Pass. Optimized 0 net or cell. Created 0 new cell, deleted 0 existing cell and moved 0 existing cell
INFO: [Physopt 32-526] No candidate cells for BRAM register optimization found in the design
INFO: [Physopt 32-775] End 1 Pass. Optimized 0 net or cell. Created 0 new cell, deleted 0 existing cell and moved 0 existing cell
INFO: [Physopt 32-846] No candidate cells for URAM register optimization found in the design
INFO: [Physopt 32-775] End 2 Pass. Optimized 0 net or cell. Created 0 new cell, deleted 0 existing cell and moved 0 existing cell
INFO: [Physopt 32-949] No candidate nets found for dynamic/static region interface net replication
INFO: [Physopt 32-775] End 1 Pass. Optimized 0 net or cell. Created 0 new cell, deleted 0 existing cell and moved 0 existing cell
Netlist sorting complete. Time (s): cpu = 00:00:00 ; elapsed = 00:00:00 . Memory (MB): peak = 1909.859 ; gain = 0.000

Summary of Physical Synthesis Optimizations
============================================


-----------------------------------------------------------------------------------------------------------------------------------------------------------
|  Optimization                                     |  Added Cells  |  Removed Cells  |  Optimized Cells/Nets  |  Dont Touch  |  Iterations  |  Elapsed   |
-----------------------------------------------------------------------------------------------------------------------------------------------------------
|  LUT Combining                                    |            0  |              2  |                     2  |           0  |           1  |  00:00:00  |
|  Very High Fanout                                 |            0  |              0  |                     0  |           0  |           1  |  00:00:00  |
|  DSP Register                                     |            0  |              0  |                     0  |           0  |           1  |  00:00:00  |
|  Shift Register to Pipeline                       |            0  |              0  |                     0  |           0  |           1  |  00:00:00  |
|  Shift Register                                   |            0  |              0  |                     0  |           0  |           1  |  00:00:00  |
|  BRAM Register                                    |            0  |              0  |                     0  |           0  |           1  |  00:00:00  |
|  URAM Register                                    |            0  |              0  |                     0  |           0  |           1  |  00:00:00  |
|  Dynamic/Static Region Interface Net Replication  |            0  |              0  |                     0  |           0  |           1  |  00:00:00  |
|  Total                                            |            0  |              2  |                     2  |           0  |           8  |  00:00:00  |
-----------------------------------------------------------------------------------------------------------------------------------------------------------


Phase 2.3.1 Physical Synthesis In Placer | Checksum: 134e8249c

Time (s): cpu = 00:00:01 ; elapsed = 00:00:02 . Memory (MB): peak = 1909.859 ; gain = 0.000
Phase 2.3 Global Placement Core | Checksum: 110b04424

Time (s): cpu = 00:00:01 ; elapsed = 00:00:02 . Memory (MB): peak = 1909.859 ; gain = 0.000
Phase 2 Global Placement | Checksum: 110b04424

Time (s): cpu = 00:00:01 ; elapsed = 00:00:02 . Memory (MB): peak = 1909.859 ; gain = 0.000

Phase 3 Detail Placement

Phase 3.1 Commit Multi Column Macros
Phase 3.1 Commit Multi Column Macros | Checksum: 117b972c5

Time (s): cpu = 00:00:01 ; elapsed = 00:00:02 . Memory (MB): peak = 1909.859 ; gain = 0.000

Phase 3.2 Commit Most Macros & LUTRAMs
Phase 3.2 Commit Most Macros & LUTRAMs | Checksum: 15334a1b9

Time (s): cpu = 00:00:01 ; elapsed = 00:00:02 . Memory (MB): peak = 1909.859 ; gain = 0.000

Phase 3.3 Area Swap Optimization
Phase 3.3 Area Swap Optimization | Checksum: 1452f5ec8

Time (s): cpu = 00:00:01 ; elapsed = 00:00:02 . Memory (MB): peak = 1909.859 ; gain = 0.000

Phase 3.4 Pipeline Register Optimization
Phase 3.4 Pipeline Register Optimization | Checksum: 17b66ba94

Time (s): cpu = 00:00:01 ; elapsed = 00:00:02 . Memory (MB): peak = 1909.859 ; gain = 0.000

Phase 3.5 Fast Optimization
Phase 3.5 Fast Optimization | Checksum: 18d178bff

Time (s): cpu = 00:00:02 ; elapsed = 00:00:02 . Memory (MB): peak = 1909.859 ; gain = 0.000

Phase 3.6 Small Shape Detail Placement
Phase 3.6 Small Shape Detail Placement | Checksum: 686e9e8a

Time (s): cpu = 00:00:02 ; elapsed = 00:00:02 . Memory (MB): peak = 1909.859 ; gain = 0.000

Phase 3.7 Re-assign LUT pins
Phase 3.7 Re-assign LUT pins | Checksum: 8c5b9cb3

Time (s): cpu = 00:00:02 ; elapsed = 00:00:02 . Memory (MB): peak = 1909.859 ; gain = 0.000

Phase 3.8 Pipeline Register Optimization
Phase 3.8 Pipeline Register Optimization | Checksum: 1196509e8

Time (s): cpu = 00:00:02 ; elapsed = 00:00:02 . Memory (MB): peak = 1909.859 ; gain = 0.000

Phase 3.9 Fast Optimization
Phase 3.9 Fast Optimization | Checksum: 6da8ff86

Time (s): cpu = 00:00:02 ; elapsed = 00:00:03 . Memory (MB): peak = 1909.859 ; gain = 0.000
Phase 3 Detail Placement | Checksum: 6da8ff86

Time (s): cpu = 00:00:02 ; elapsed = 00:00:03 . Memory (MB): peak = 1909.859 ; gain = 0.000

Phase 4 Post Placement Optimization and Clean-Up

Phase 4.1 Post Commit Optimization
INFO: [Timing 38-35] Done setting XDC timing constraints.

Phase 4.1.1 Post Placement Optimization
Post Placement Optimization Initialization | Checksum: 13176a8e6

Phase 4.1.1.1 BUFG Insertion

Starting Physical Synthesis Task

Phase 1 Physical Synthesis Initialization
INFO: [Physopt 32-721] Multithreading enabled for phys_opt_design using a maximum of 2 CPUs
INFO: [Physopt 32-619] Estimated Timing Summary | WNS=0.429 | TNS=0.000 |
Phase 1 Physical Synthesis Initialization | Checksum: 1e677eb78

Time (s): cpu = 00:00:00 ; elapsed = 00:00:00.038 . Memory (MB): peak = 1909.859 ; gain = 0.000
INFO: [Place 46-56] BUFG insertion identified 0 candidate nets. Inserted BUFG: 0, Replicated BUFG Driver: 0, Skipped due to Placement/Routing Conflicts: 0, Skipped due to Timing Degradation: 0, Skipped due to Illegal Netlist: 0.
Ending Physical Synthesis Task | Checksum: 1a6e1dede

Time (s): cpu = 00:00:00 ; elapsed = 00:00:00.041 . Memory (MB): peak = 1909.859 ; gain = 0.000
Phase 4.1.1.1 BUFG Insertion | Checksum: 13176a8e6

Time (s): cpu = 00:00:02 ; elapsed = 00:00:03 . Memory (MB): peak = 1909.859 ; gain = 0.000
INFO: [Place 30-746] Post Placement Timing Summary WNS=0.559. For the most accurate timing information please run report_timing.

Time (s): cpu = 00:00:02 ; elapsed = 00:00:03 . Memory (MB): peak = 1909.859 ; gain = 0.000
Phase 4.1 Post Commit Optimization | Checksum: 19665dc61

Time (s): cpu = 00:00:02 ; elapsed = 00:00:03 . Memory (MB): peak = 1909.859 ; gain = 0.000

Phase 4.2 Post Placement Cleanup
Phase 4.2 Post Placement Cleanup | Checksum: 19665dc61

Time (s): cpu = 00:00:02 ; elapsed = 00:00:03 . Memory (MB): peak = 1909.859 ; gain = 0.000

Phase 4.3 Placer Reporting

Phase 4.3.1 Print Estimated Congestion
INFO: [Place 30-612] Post-Placement Estimated Congestion 
 ____________________________________________________
|           | Global Congestion | Short Congestion  |
| Direction | Region Size       | Region Size       |
|___________|___________________|___________________|
|      North|                1x1|                1x1|
|___________|___________________|___________________|
|      South|                1x1|                1x1|
|___________|___________________|___________________|
|       East|                1x1|                1x1|
|___________|___________________|___________________|
|       West|                1x1|                1x1|
|___________|___________________|___________________|

Phase 4.3.1 Print Estimated Congestion | Checksum: 19665dc61

Time (s): cpu = 00:00:02 ; elapsed = 00:00:03 . Memory (MB): peak = 1909.859 ; gain = 0.000
Phase 4.3 Placer Reporting | Checksum: 19665dc61

Time (s): cpu = 00:00:02 ; elapsed = 00:00:03 . Memory (MB): peak = 1909.859 ; gain = 0.000

Phase 4.4 Final Placement Cleanup
Netlist sorting complete. Time (s): cpu = 00:00:00 ; elapsed = 00:00:00 . Memory (MB): peak = 1909.859 ; gain = 0.000

Time (s): cpu = 00:00:02 ; elapsed = 00:00:03 . Memory (MB): peak = 1909.859 ; gain = 0.000
Phase 4 Post Placement Optimization and Clean-Up | Checksum: 1d6cb3935

Time (s): cpu = 00:00:02 ; elapsed = 00:00:03 . Memory (MB): peak = 1909.859 ; gain = 0.000
Ending Placer Task | Checksum: ff44e115

Time (s): cpu = 00:00:02 ; elapsed = 00:00:03 . Memory (MB): peak = 1909.859 ; gain = 0.000
INFO: [Common 17-83] Releasing license: Implementation
73 Infos, 7 Warnings, 3 Critical Warnings and 0 Errors encountered.
place_design completed successfully
INFO: [Timing 38-480] Writing timing data to binary archive.
Writing placer database...
Writing XDEF routing.
Writing XDEF routing logical nets.
Writing XDEF routing special nets.
Write XDEF Complete: Time (s): cpu = 00:00:01 ; elapsed = 00:00:00.083 . Memory (MB): peak = 1909.859 ; gain = 0.000
INFO: [Common 17-1381] The checkpoint 'C:/Users/ilpes/TDC_a35t/TDC_a35t_v9_RO_132_TAP/TDC_a35t_v9_RO_132_TAP.runs/impl_1/TDCchannel_placed.dcp' has been generated.
INFO: [runtcl-4] Executing : report_io -file TDCchannel_io_placed.rpt
report_io: Time (s): cpu = 00:00:00 ; elapsed = 00:00:00.023 . Memory (MB): peak = 1909.859 ; gain = 0.000
INFO: [runtcl-4] Executing : report_utilization -file TDCchannel_utilization_placed.rpt -pb TDCchannel_utilization_placed.pb
INFO: [runtcl-4] Executing : report_control_sets -verbose -file TDCchannel_control_sets_placed.rpt
report_control_sets: Time (s): cpu = 00:00:00 ; elapsed = 00:00:00.004 . Memory (MB): peak = 1909.859 ; gain = 0.000
Command: phys_opt_design
Attempting to get a license for feature 'Implementation' and/or device 'xc7a35t'
INFO: [Common 17-349] Got license for feature 'Implementation' and/or device 'xc7a35t'
INFO: [Vivado_Tcl 4-383] Design worst setup slack (WNS) is greater than or equal to 0.000 ns. Skipping all physical synthesis optimizations.
INFO: [Vivado_Tcl 4-232] No setup violation found. The netlist was not modified.
INFO: [Common 17-83] Releasing license: Implementation
82 Infos, 7 Warnings, 3 Critical Warnings and 0 Errors encountered.
phys_opt_design completed successfully
INFO: [Timing 38-480] Writing timing data to binary archive.
Writing placer database...
Writing XDEF routing.
Writing XDEF routing logical nets.
Writing XDEF routing special nets.
Write XDEF Complete: Time (s): cpu = 00:00:00 ; elapsed = 00:00:00.107 . Memory (MB): peak = 1909.859 ; gain = 0.000
INFO: [Common 17-1381] The checkpoint 'C:/Users/ilpes/TDC_a35t/TDC_a35t_v9_RO_132_TAP/TDC_a35t_v9_RO_132_TAP.runs/impl_1/TDCchannel_physopt.dcp' has been generated.
Command: route_design
Attempting to get a license for feature 'Implementation' and/or device 'xc7a35t'
INFO: [Common 17-349] Got license for feature 'Implementation' and/or device 'xc7a35t'
Running DRC as a precondition to command route_design
INFO: [DRC 23-27] Running DRC with 2 threads
WARNING: [DRC LUTLP-2] Combinatorial Loop Allowed: 67 LUT cells form a combinatorial loop. This can create a race condition. Timing analysis may not be accurate. The preferred resolution is to modify the design to remove combinatorial logic loops. This loop has been identified in the constraints as being known and understood by use of the ALLOW_COMBINATORIAL_LOOPS property on a net in the loop. The cells in the loop are: ro/nodes_inferred_i_1, ro/nodes_inferred_i_2, ro/nodes_inferred_i_3, ro/nodes_inferred_i_4, ro/nodes_inferred_i_5, ro/nodes_inferred_i_6, ro/nodes_inferred_i_7, ro/nodes_inferred_i_8, ro/nodes_inferred_i_9, ro/nodes_inferred_i_10, ro/nodes_inferred_i_11, ro/nodes_inferred_i_12, ro/nodes_inferred_i_13, ro/nodes_inferred_i_14, ro/nodes_inferred_i_15... and (the first 15 of 67 listed).
INFO: [Vivado_Tcl 4-198] DRC finished with 0 Errors, 1 Warnings
INFO: [Vivado_Tcl 4-199] Please refer to the DRC report (report_drc) for more information.


Starting Routing Task
INFO: [Route 35-254] Multithreading enabled for route_design using a maximum of 2 CPUs
Checksum: PlaceDB: 4e47ecbb ConstDB: 0 ShapeSum: b0fcf45a RouteDB: 0

Phase 1 Build RT Design
Phase 1 Build RT Design | Checksum: 1a14eaa7e

Time (s): cpu = 00:00:13 ; elapsed = 00:00:12 . Memory (MB): peak = 1984.215 ; gain = 67.164
Post Restoration Checksum: NetGraph: bd63b0e2 NumContArr: 8c580334 Constraints: 5792f668 Timing: 0

Phase 2 Router Initialization

Phase 2.1 Create Timer
Phase 2.1 Create Timer | Checksum: 1a14eaa7e

Time (s): cpu = 00:00:13 ; elapsed = 00:00:12 . Memory (MB): peak = 1984.215 ; gain = 67.164

Phase 2.2 Fix Topology Constraints
Phase 2.2 Fix Topology Constraints | Checksum: 1a14eaa7e

Time (s): cpu = 00:00:13 ; elapsed = 00:00:12 . Memory (MB): peak = 1990.191 ; gain = 73.141

Phase 2.3 Pre Route Cleanup
Phase 2.3 Pre Route Cleanup | Checksum: 1a14eaa7e

Time (s): cpu = 00:00:13 ; elapsed = 00:00:12 . Memory (MB): peak = 1990.191 ; gain = 73.141
 Number of Nodes with overlaps = 0

Phase 2.4 Update Timing
Phase 2.4 Update Timing | Checksum: 18fcf42af

Time (s): cpu = 00:00:13 ; elapsed = 00:00:12 . Memory (MB): peak = 1996.895 ; gain = 79.844
INFO: [Route 35-416] Intermediate Timing Summary | WNS=0.598  | TNS=0.000  | WHS=-0.365 | THS=-96.650|

Phase 2 Router Initialization | Checksum: 195cbb903

Time (s): cpu = 00:00:14 ; elapsed = 00:00:13 . Memory (MB): peak = 1996.895 ; gain = 79.844

Router Utilization Summary
  Global Vertical Routing Utilization    = 0.00167424 %
  Global Horizontal Routing Utilization  = 0.00156169 %
  Routable Net Status*
  *Does not include unroutable nets such as driverless and loadless.
  Run report_route_status for detailed report.
  Number of Failed Nets               = 775
    (Failed Nets is the sum of unrouted and partially routed nets)
  Number of Unrouted Nets             = 774
  Number of Partially Routed Nets     = 1
  Number of Node Overlaps             = 18


Phase 3 Initial Routing

Phase 3.1 Global Routing
Phase 3.1 Global Routing | Checksum: 195cbb903

Time (s): cpu = 00:00:14 ; elapsed = 00:00:13 . Memory (MB): peak = 1997.316 ; gain = 80.266
Phase 3 Initial Routing | Checksum: eaa068da

Time (s): cpu = 00:00:14 ; elapsed = 00:00:13 . Memory (MB): peak = 1997.316 ; gain = 80.266

Phase 4 Rip-up And Reroute

Phase 4.1 Global Iteration 0
 Number of Nodes with overlaps = 82
 Number of Nodes with overlaps = 12
 Number of Nodes with overlaps = 4
 Number of Nodes with overlaps = 2
 Number of Nodes with overlaps = 1
 Number of Nodes with overlaps = 1
 Number of Nodes with overlaps = 0
INFO: [Route 35-416] Intermediate Timing Summary | WNS=1.078  | TNS=0.000  | WHS=N/A    | THS=N/A    |

Phase 4.1 Global Iteration 0 | Checksum: 15f0c0a93

Time (s): cpu = 00:00:14 ; elapsed = 00:00:13 . Memory (MB): peak = 1997.316 ; gain = 80.266
Phase 4 Rip-up And Reroute | Checksum: 15f0c0a93

Time (s): cpu = 00:00:14 ; elapsed = 00:00:13 . Memory (MB): peak = 1997.316 ; gain = 80.266

Phase 5 Delay and Skew Optimization

Phase 5.1 Delay CleanUp

Phase 5.1.1 Update Timing
Phase 5.1.1 Update Timing | Checksum: 165aa181f

Time (s): cpu = 00:00:14 ; elapsed = 00:00:13 . Memory (MB): peak = 1997.316 ; gain = 80.266
INFO: [Route 35-416] Intermediate Timing Summary | WNS=1.157  | TNS=0.000  | WHS=N/A    | THS=N/A    |

Phase 5.1 Delay CleanUp | Checksum: 165aa181f

Time (s): cpu = 00:00:14 ; elapsed = 00:00:13 . Memory (MB): peak = 1997.316 ; gain = 80.266

Phase 5.2 Clock Skew Optimization
Phase 5.2 Clock Skew Optimization | Checksum: 165aa181f

Time (s): cpu = 00:00:14 ; elapsed = 00:00:13 . Memory (MB): peak = 1997.316 ; gain = 80.266
Phase 5 Delay and Skew Optimization | Checksum: 165aa181f

Time (s): cpu = 00:00:14 ; elapsed = 00:00:13 . Memory (MB): peak = 1997.316 ; gain = 80.266

Phase 6 Post Hold Fix

Phase 6.1 Hold Fix Iter

Phase 6.1.1 Update Timing
Phase 6.1.1 Update Timing | Checksum: 1bb68204b

Time (s): cpu = 00:00:15 ; elapsed = 00:00:13 . Memory (MB): peak = 1997.316 ; gain = 80.266
INFO: [Route 35-416] Intermediate Timing Summary | WNS=1.157  | TNS=0.000  | WHS=0.010  | THS=0.000  |

Phase 6.1 Hold Fix Iter | Checksum: 1e74c2dbb

Time (s): cpu = 00:00:15 ; elapsed = 00:00:13 . Memory (MB): peak = 1997.316 ; gain = 80.266
Phase 6 Post Hold Fix | Checksum: 1e74c2dbb

Time (s): cpu = 00:00:15 ; elapsed = 00:00:13 . Memory (MB): peak = 1997.316 ; gain = 80.266

Phase 7 Route finalize

Router Utilization Summary
  Global Vertical Routing Utilization    = 0.197082 %
  Global Horizontal Routing Utilization  = 0.207965 %
  Routable Net Status*
  *Does not include unroutable nets such as driverless and loadless.
  Run report_route_status for detailed report.
  Number of Failed Nets               = 0
    (Failed Nets is the sum of unrouted and partially routed nets)
  Number of Unrouted Nets             = 0
  Number of Partially Routed Nets     = 0
  Number of Node Overlaps             = 0

Phase 7 Route finalize | Checksum: 217face99

Time (s): cpu = 00:00:15 ; elapsed = 00:00:13 . Memory (MB): peak = 1997.316 ; gain = 80.266

Phase 8 Verifying routed nets

 Verification completed successfully
Phase 8 Verifying routed nets | Checksum: 217face99

Time (s): cpu = 00:00:15 ; elapsed = 00:00:13 . Memory (MB): peak = 1997.961 ; gain = 80.910

Phase 9 Depositing Routes
Phase 9 Depositing Routes | Checksum: 214ff1137

Time (s): cpu = 00:00:15 ; elapsed = 00:00:13 . Memory (MB): peak = 1997.961 ; gain = 80.910

Phase 10 Post Router Timing
INFO: [Route 35-57] Estimated Timing Summary | WNS=1.157  | TNS=0.000  | WHS=0.010  | THS=0.000  |

INFO: [Route 35-327] The final timing numbers are based on the router estimated timing analysis. For a complete and accurate timing signoff, please run report_timing_summary.
Phase 10 Post Router Timing | Checksum: 214ff1137

Time (s): cpu = 00:00:15 ; elapsed = 00:00:13 . Memory (MB): peak = 1997.961 ; gain = 80.910
INFO: [Route 35-16] Router Completed Successfully

Time (s): cpu = 00:00:15 ; elapsed = 00:00:13 . Memory (MB): peak = 1997.961 ; gain = 80.910

Routing Is Done.
INFO: [Common 17-83] Releasing license: Implementation
97 Infos, 8 Warnings, 3 Critical Warnings and 0 Errors encountered.
route_design completed successfully
route_design: Time (s): cpu = 00:00:17 ; elapsed = 00:00:14 . Memory (MB): peak = 1997.961 ; gain = 88.102
INFO: [Timing 38-480] Writing timing data to binary archive.
Writing placer database...
Writing XDEF routing.
Writing XDEF routing logical nets.
Writing XDEF routing special nets.
Write XDEF Complete: Time (s): cpu = 00:00:00 ; elapsed = 00:00:00.134 . Memory (MB): peak = 2007.875 ; gain = 9.914
INFO: [Common 17-1381] The checkpoint 'C:/Users/ilpes/TDC_a35t/TDC_a35t_v9_RO_132_TAP/TDC_a35t_v9_RO_132_TAP.runs/impl_1/TDCchannel_routed.dcp' has been generated.
INFO: [runtcl-4] Executing : report_drc -file TDCchannel_drc_routed.rpt -pb TDCchannel_drc_routed.pb -rpx TDCchannel_drc_routed.rpx
Command: report_drc -file TDCchannel_drc_routed.rpt -pb TDCchannel_drc_routed.pb -rpx TDCchannel_drc_routed.rpx
INFO: [IP_Flow 19-1839] IP Catalog is up to date.
INFO: [DRC 23-27] Running DRC with 2 threads
INFO: [Coretcl 2-168] The results of DRC are in file C:/Users/ilpes/TDC_a35t/TDC_a35t_v9_RO_132_TAP/TDC_a35t_v9_RO_132_TAP.runs/impl_1/TDCchannel_drc_routed.rpt.
report_drc completed successfully
INFO: [runtcl-4] Executing : report_methodology -file TDCchannel_methodology_drc_routed.rpt -pb TDCchannel_methodology_drc_routed.pb -rpx TDCchannel_methodology_drc_routed.rpx
Command: report_methodology -file TDCchannel_methodology_drc_routed.rpt -pb TDCchannel_methodology_drc_routed.pb -rpx TDCchannel_methodology_drc_routed.rpx
INFO: [Timing 38-35] Done setting XDC timing constraints.
INFO: [DRC 23-133] Running Methodology with 2 threads
INFO: [Coretcl 2-1520] The results of Report Methodology are in file C:/Users/ilpes/TDC_a35t/TDC_a35t_v9_RO_132_TAP/TDC_a35t_v9_RO_132_TAP.runs/impl_1/TDCchannel_methodology_drc_routed.rpt.
report_methodology completed successfully
INFO: [runtcl-4] Executing : report_power -file TDCchannel_power_routed.rpt -pb TDCchannel_power_summary_routed.pb -rpx TDCchannel_power_routed.rpx
Command: report_power -file TDCchannel_power_routed.rpt -pb TDCchannel_power_summary_routed.pb -rpx TDCchannel_power_routed.rpx
INFO: [Timing 38-35] Done setting XDC timing constraints.
Running Vector-less Activity Propagation...

Finished Running Vector-less Activity Propagation
109 Infos, 8 Warnings, 3 Critical Warnings and 0 Errors encountered.
report_power completed successfully
INFO: [runtcl-4] Executing : report_route_status -file TDCchannel_route_status.rpt -pb TDCchannel_route_status.pb
INFO: [runtcl-4] Executing : report_timing_summary -max_paths 10 -file TDCchannel_timing_summary_routed.rpt -pb TDCchannel_timing_summary_routed.pb -rpx TDCchannel_timing_summary_routed.rpx -warn_on_violation 
INFO: [Timing 38-91] UpdateTimingParams: Speed grade: -1, Delay Type: min_max.
INFO: [Timing 38-191] Multithreading enabled for timing update using a maximum of 2 CPUs
INFO: [runtcl-4] Executing : report_incremental_reuse -file TDCchannel_incremental_reuse_routed.rpt
INFO: [Vivado_Tcl 4-1062] Incremental flow is disabled. No incremental reuse Info to report.
INFO: [runtcl-4] Executing : report_clock_utilization -file TDCchannel_clock_utilization_routed.rpt
INFO: [runtcl-4] Executing : report_bus_skew -warn_on_violation -file TDCchannel_bus_skew_routed.rpt -pb TDCchannel_bus_skew_routed.pb -rpx TDCchannel_bus_skew_routed.rpx
INFO: [Timing 38-91] UpdateTimingParams: Speed grade: -1, Delay Type: min_max.
INFO: [Timing 38-191] Multithreading enabled for timing update using a maximum of 2 CPUs
Command: write_bitstream -force TDCchannel.bit
Attempting to get a license for feature 'Implementation' and/or device 'xc7a35t'
INFO: [Common 17-349] Got license for feature 'Implementation' and/or device 'xc7a35t'
Running DRC as a precondition to command write_bitstream
INFO: [IP_Flow 19-1839] IP Catalog is up to date.
INFO: [DRC 23-27] Running DRC with 2 threads
WARNING: [DRC CFGBVS-1] Missing CFGBVS and CONFIG_VOLTAGE Design Properties: Neither the CFGBVS nor CONFIG_VOLTAGE voltage property is set in the current_design.  Configuration bank voltage select (CFGBVS) must be set to VCCO or GND, and CONFIG_VOLTAGE must be set to the correct configuration voltage, in order to determine the I/O voltage support for the pins in bank 0.  It is suggested to specify these either using the 'Edit Device Properties' function in the GUI or directly in the XDC file using the following syntax:

 set_property CFGBVS value1 [current_design]
 #where value1 is either VCCO or GND

 set_property CONFIG_VOLTAGE value2 [current_design]
 #where value2 is the voltage provided to configuration bank 0

Refer to the device configuration user guide for more information.
WARNING: [DRC LUTLP-2] Combinatorial Loop Allowed: 67 LUT cells form a combinatorial loop. This can create a race condition. Timing analysis may not be accurate. The preferred resolution is to modify the design to remove combinatorial logic loops. This loop has been identified in the constraints as being known and understood by use of the ALLOW_COMBINATORIAL_LOOPS property on a net in the loop. The cells in the loop are: ro/nodes_inferred_i_1, ro/nodes_inferred_i_2, ro/nodes_inferred_i_3, ro/nodes_inferred_i_4, ro/nodes_inferred_i_5, ro/nodes_inferred_i_6, ro/nodes_inferred_i_7, ro/nodes_inferred_i_8, ro/nodes_inferred_i_9, ro/nodes_inferred_i_10, ro/nodes_inferred_i_11, ro/nodes_inferred_i_12, ro/nodes_inferred_i_13, ro/nodes_inferred_i_14, ro/nodes_inferred_i_15... and (the first 15 of 67 listed).
WARNING: [DRC PDRC-153] Gated clock check: Net ro/nodes[66] is a gated clock net sourced by a combinational pin ro/nodes_orig0__64/O, cell ro/nodes_orig0__64. This is not good design practice and will likely impact performance. For SLICE registers, for example, use the CE pin to control the loading of data.
WARNING: [DRC PLHOLDVIO-2] Non-Optimal connections which could lead to hold violations: A LUT ro/nodes_orig0__64 is driving clock pin of 1 cells. This could lead to large hold time violations. Involved cells are:
Delay_line/hitQ_reg
INFO: [Vivado 12-3199] DRC finished with 0 Errors, 4 Warnings
INFO: [Vivado 12-3200] Please refer to the DRC report (report_drc) for more information.
INFO: [Designutils 20-2272] Running write_bitstream with 2 threads.
Loading data files...
Loading site data...
Loading route data...
Processing options...
Creating bitmap...
Creating bitstream...
Bitstream compression saved 14284224 bits.
Writing bitstream ./TDCchannel.bit...
INFO: [Vivado 12-1842] Bitgen Completed Successfully.
INFO: [Common 17-83] Releasing license: Implementation
11 Infos, 4 Warnings, 0 Critical Warnings and 0 Errors encountered.
write_bitstream completed successfully
write_bitstream: Time (s): cpu = 00:00:09 ; elapsed = 00:00:08 . Memory (MB): peak = 2456.703 ; gain = 414.859
INFO: [Common 17-206] Exiting Vivado at Fri Feb 20 14:39:21 2026...
