INFO: [VRFC 10-2263] Analyzing Verilog file "C:/Users/ilpes/TDC_a35t/TDC_a35t_v4_uart/TDC_a35t_v4_uart.sim/sim_1/impl/timing/xsim/TDCchannel_time_impl.v" into library xil_defaultlib
INFO: [VRFC 10-311] analyzing module RAM32M_UNIQ_BASE_
INFO: [VRFC 10-311] analyzing module RAM32M_HD73
INFO: [VRFC 10-311] analyzing module RAM32M_HD74
INFO: [VRFC 10-311] analyzing module RAM32M_HD75
INFO: [VRFC 10-311] analyzing module RAM32M_HD76
INFO: [VRFC 10-311] analyzing module RAM32M_HD77
INFO: [VRFC 10-311] analyzing module clk_x_pntrs
INFO: [VRFC 10-311] analyzing module clk_x_pntrs_7
INFO: [VRFC 10-311] analyzing module dbg_hub
INFO: [VRFC 10-311] analyzing module dmem
INFO: [VRFC 10-311] analyzing module dmem_13
INFO: [VRFC 10-311] analyzing module fifo_generator_ramfifo
INFO: [VRFC 10-311] analyzing module fifo_generator_ramfifo__parameterized0
INFO: [VRFC 10-311] analyzing module fifo_generator_top
INFO: [VRFC 10-311] analyzing module fifo_generator_top__parameterized0
INFO: [VRFC 10-311] analyzing module fifo_generator_v13_1_4
INFO: [VRFC 10-311] analyzing module fifo_generator_v13_1_4__parameterized0
INFO: [VRFC 10-311] analyzing module fifo_generator_v13_1_4_synth
INFO: [VRFC 10-311] analyzing module fifo_generator_v13_1_4_synth__parameterized0
INFO: [VRFC 10-311] analyzing module ila_v6_2_11_ila
INFO: [VRFC 10-311] analyzing module ltlib_v1_0_0_bscan
INFO: [VRFC 10-311] analyzing module memory
INFO: [VRFC 10-311] analyzing module memory__parameterized0
INFO: [VRFC 10-311] analyzing module rd_bin_cntr
INFO: [VRFC 10-311] analyzing module rd_bin_cntr_18
INFO: [VRFC 10-311] analyzing module rd_fwft
INFO: [VRFC 10-311] analyzing module rd_handshaking_flags
INFO: [VRFC 10-311] analyzing module rd_handshaking_flags__parameterized0
INFO: [VRFC 10-311] analyzing module rd_logic
INFO: [VRFC 10-311] analyzing module rd_logic__parameterized0
INFO: [VRFC 10-311] analyzing module rd_status_flags_as
INFO: [VRFC 10-311] analyzing module rd_status_flags_as_17
INFO: [VRFC 10-311] analyzing module reset_blk_ramfifo
INFO: [VRFC 10-311] analyzing module reset_blk_ramfifo_8
INFO: [VRFC 10-311] analyzing module synchronizer_ff
INFO: [VRFC 10-311] analyzing module synchronizer_ff_1
INFO: [VRFC 10-311] analyzing module synchronizer_ff_10
INFO: [VRFC 10-311] analyzing module synchronizer_ff_11
INFO: [VRFC 10-311] analyzing module synchronizer_ff_12
INFO: [VRFC 10-311] analyzing module synchronizer_ff_2
INFO: [VRFC 10-311] analyzing module synchronizer_ff_3
INFO: [VRFC 10-311] analyzing module synchronizer_ff_9
INFO: [VRFC 10-311] analyzing module synchronizer_ff__parameterized0
INFO: [VRFC 10-311] analyzing module synchronizer_ff__parameterized0_19
INFO: [VRFC 10-311] analyzing module synchronizer_ff__parameterized0_20
INFO: [VRFC 10-311] analyzing module synchronizer_ff__parameterized0_21
INFO: [VRFC 10-311] analyzing module synchronizer_ff__parameterized0_22
INFO: [VRFC 10-311] analyzing module synchronizer_ff__parameterized0_4
INFO: [VRFC 10-311] analyzing module synchronizer_ff__parameterized0_5
INFO: [VRFC 10-311] analyzing module synchronizer_ff__parameterized0_6
INFO: [VRFC 10-311] analyzing module u_ila_0
INFO: [VRFC 10-311] analyzing module wr_bin_cntr
INFO: [VRFC 10-311] analyzing module wr_bin_cntr_16
INFO: [VRFC 10-311] analyzing module wr_handshaking_flags
INFO: [VRFC 10-311] analyzing module wr_handshaking_flags_15
INFO: [VRFC 10-311] analyzing module wr_logic
INFO: [VRFC 10-311] analyzing module wr_logic__parameterized0
INFO: [VRFC 10-311] analyzing module wr_status_flags_as
INFO: [VRFC 10-311] analyzing module wr_status_flags_as_14
INFO: [VRFC 10-311] analyzing module xsdbm_v3_0_0_addr_ctl
INFO: [VRFC 10-311] analyzing module xsdbm_v3_0_0_bscan_switch
INFO: [VRFC 10-311] analyzing module xsdbm_v3_0_0_burst_wdlen_ctl
INFO: [VRFC 10-311] analyzing module xsdbm_v3_0_0_bus_ctl
INFO: [VRFC 10-311] analyzing module xsdbm_v3_0_0_bus_ctl_cnt
INFO: [VRFC 10-311] analyzing module xsdbm_v3_0_0_bus_ctl_flg
INFO: [VRFC 10-311] analyzing module xsdbm_v3_0_0_bus_ctl_flg__parameterized0
INFO: [VRFC 10-311] analyzing module xsdbm_v3_0_0_bus_mstr2sl_if
INFO: [VRFC 10-311] analyzing module xsdbm_v3_0_0_cmd_decode
INFO: [VRFC 10-311] analyzing module xsdbm_v3_0_0_ctl_reg
INFO: [VRFC 10-311] analyzing module xsdbm_v3_0_0_ctl_reg__parameterized0
INFO: [VRFC 10-311] analyzing module xsdbm_v3_0_0_ctl_reg__parameterized1
INFO: [VRFC 10-311] analyzing module xsdbm_v3_0_0_ctl_reg__parameterized2
INFO: [VRFC 10-311] analyzing module xsdbm_v3_0_0_icon
INFO: [VRFC 10-311] analyzing module xsdbm_v3_0_0_icon2xsdb
INFO: [VRFC 10-311] analyzing module xsdbm_v3_0_0_if
INFO: [VRFC 10-311] analyzing module xsdbm_v3_0_0_if_static_status
INFO: [VRFC 10-311] analyzing module xsdbm_v3_0_0_rdfifo
INFO: [VRFC 10-311] analyzing module xsdbm_v3_0_0_rdreg
INFO: [VRFC 10-311] analyzing module xsdbm_v3_0_0_stat
INFO: [VRFC 10-311] analyzing module xsdbm_v3_0_0_stat_reg
INFO: [VRFC 10-311] analyzing module xsdbm_v3_0_0_stat_reg__parameterized0
INFO: [VRFC 10-311] analyzing module xsdbm_v3_0_0_stat_reg__parameterized0_0
INFO: [VRFC 10-311] analyzing module xsdbm_v3_0_0_sync
INFO: [VRFC 10-311] analyzing module xsdbm_v3_0_0_wrfifo
INFO: [VRFC 10-311] analyzing module xsdbm_v3_0_0_wrreg
INFO: [VRFC 10-311] analyzing module xsdbm_v3_0_0_xsdbm
INFO: [VRFC 10-311] analyzing module xsdbm_v3_0_0_xsdbm_id
INFO: [VRFC 10-311] analyzing module PLL_A
INFO: [VRFC 10-311] analyzing module PLL_A_PLL_A_clk_wiz
INFO: [VRFC 10-311] analyzing module PLL_B
INFO: [VRFC 10-311] analyzing module PLL_B_PLL_B_clk_wiz
INFO: [VRFC 10-311] analyzing module TDCchannel
INFO: [VRFC 10-311] analyzing module adderTreeLegacy
INFO: [VRFC 10-311] analyzing module adderTreeLegacy__parameterized0
INFO: [VRFC 10-311] analyzing module adderTreeLegacy__parameterized1
INFO: [VRFC 10-311] analyzing module adderTreeLegacy__parameterized2
INFO: [VRFC 10-311] analyzing module counter
INFO: [VRFC 10-311] analyzing module delayLine
INFO: [VRFC 10-311] analyzing module encoder
INFO: [VRFC 10-311] analyzing module numbers2ascii_serial
INFO: [VRFC 10-311] analyzing module risingEdgeDetector
INFO: [VRFC 10-311] analyzing module CFGLUT5_UNIQ_BASE_
INFO: [VRFC 10-311] analyzing module CFGLUT5_HD100
INFO: [VRFC 10-311] analyzing module CFGLUT5_HD101
INFO: [VRFC 10-311] analyzing module CFGLUT5_HD102
INFO: [VRFC 10-311] analyzing module CFGLUT5_HD103
INFO: [VRFC 10-311] analyzing module CFGLUT5_HD104
INFO: [VRFC 10-311] analyzing module CFGLUT5_HD105
INFO: [VRFC 10-311] analyzing module CFGLUT5_HD106
INFO: [VRFC 10-311] analyzing module CFGLUT5_HD107
INFO: [VRFC 10-311] analyzing module CFGLUT5_HD108
INFO: [VRFC 10-311] analyzing module CFGLUT5_HD109
INFO: [VRFC 10-311] analyzing module CFGLUT5_HD110
INFO: [VRFC 10-311] analyzing module CFGLUT5_HD111
INFO: [VRFC 10-311] analyzing module CFGLUT5_HD112
INFO: [VRFC 10-311] analyzing module CFGLUT5_HD113
INFO: [VRFC 10-311] analyzing module CFGLUT5_HD114
INFO: [VRFC 10-311] analyzing module CFGLUT5_HD115
INFO: [VRFC 10-311] analyzing module CFGLUT5_HD116
INFO: [VRFC 10-311] analyzing module CFGLUT5_HD117
INFO: [VRFC 10-311] analyzing module CFGLUT5_HD118
INFO: [VRFC 10-311] analyzing module CFGLUT5_HD119
INFO: [VRFC 10-311] analyzing module CFGLUT5_HD120
INFO: [VRFC 10-311] analyzing module CFGLUT5_HD121
INFO: [VRFC 10-311] analyzing module CFGLUT5_HD122
INFO: [VRFC 10-311] analyzing module CFGLUT5_HD123
INFO: [VRFC 10-311] analyzing module CFGLUT5_HD124
INFO: [VRFC 10-311] analyzing module CFGLUT5_HD125
INFO: [VRFC 10-311] analyzing module CFGLUT5_HD126
INFO: [VRFC 10-311] analyzing module CFGLUT5_HD127
INFO: [VRFC 10-311] analyzing module CFGLUT5_HD128
INFO: [VRFC 10-311] analyzing module CFGLUT5_HD129
INFO: [VRFC 10-311] analyzing module CFGLUT5_HD130
INFO: [VRFC 10-311] analyzing module CFGLUT5_HD131
INFO: [VRFC 10-311] analyzing module CFGLUT5_HD132
INFO: [VRFC 10-311] analyzing module CFGLUT5_HD133
INFO: [VRFC 10-311] analyzing module CFGLUT5_HD134
INFO: [VRFC 10-311] analyzing module CFGLUT5_HD135
INFO: [VRFC 10-311] analyzing module CFGLUT5_HD136
INFO: [VRFC 10-311] analyzing module CFGLUT5_HD137
INFO: [VRFC 10-311] analyzing module CFGLUT5_HD138
INFO: [VRFC 10-311] analyzing module CFGLUT5_HD139
INFO: [VRFC 10-311] analyzing module CFGLUT5_HD140
INFO: [VRFC 10-311] analyzing module CFGLUT5_HD141
INFO: [VRFC 10-311] analyzing module CFGLUT5_HD142
INFO: [VRFC 10-311] analyzing module CFGLUT5_HD143
INFO: [VRFC 10-311] analyzing module CFGLUT5_HD144
INFO: [VRFC 10-311] analyzing module CFGLUT5_HD78
INFO: [VRFC 10-311] analyzing module CFGLUT5_HD79
INFO: [VRFC 10-311] analyzing module CFGLUT5_HD80
INFO: [VRFC 10-311] analyzing module CFGLUT5_HD81
INFO: [VRFC 10-311] analyzing module CFGLUT5_HD82
INFO: [VRFC 10-311] analyzing module CFGLUT5_HD83
INFO: [VRFC 10-311] analyzing module CFGLUT5_HD84
INFO: [VRFC 10-311] analyzing module CFGLUT5_HD85
INFO: [VRFC 10-311] analyzing module CFGLUT5_HD86
INFO: [VRFC 10-311] analyzing module CFGLUT5_HD87
INFO: [VRFC 10-311] analyzing module CFGLUT5_HD88
INFO: [VRFC 10-311] analyzing module CFGLUT5_HD89
INFO: [VRFC 10-311] analyzing module CFGLUT5_HD90
INFO: [VRFC 10-311] analyzing module CFGLUT5_HD91
INFO: [VRFC 10-311] analyzing module CFGLUT5_HD92
INFO: [VRFC 10-311] analyzing module CFGLUT5_HD93
INFO: [VRFC 10-311] analyzing module CFGLUT5_HD94
INFO: [VRFC 10-311] analyzing module CFGLUT5_HD95
INFO: [VRFC 10-311] analyzing module CFGLUT5_HD96
INFO: [VRFC 10-311] analyzing module CFGLUT5_HD97
INFO: [VRFC 10-311] analyzing module CFGLUT5_HD98
INFO: [VRFC 10-311] analyzing module CFGLUT5_HD99
INFO: [VRFC 10-311] analyzing module blk_mem_gen_v8_4_4
INFO: [VRFC 10-311] analyzing module blk_mem_gen_v8_4_4_blk_mem_gen_generic_cstr
INFO: [VRFC 10-311] analyzing module blk_mem_gen_v8_4_4_blk_mem_gen_prim_width
INFO: [VRFC 10-311] analyzing module blk_mem_gen_v8_4_4_blk_mem_gen_prim_width__parameterized0
INFO: [VRFC 10-311] analyzing module blk_mem_gen_v8_4_4_blk_mem_gen_prim_wrapper
INFO: [VRFC 10-311] analyzing module blk_mem_gen_v8_4_4_blk_mem_gen_prim_wrapper__parameterized0
INFO: [VRFC 10-311] analyzing module blk_mem_gen_v8_4_4_blk_mem_gen_top
INFO: [VRFC 10-311] analyzing module blk_mem_gen_v8_4_4_synth
INFO: [VRFC 10-311] analyzing module ila_v6_2_11_ila_cap_addrgen
INFO: [VRFC 10-311] analyzing module ila_v6_2_11_ila_cap_ctrl_legacy
INFO: [VRFC 10-311] analyzing module ila_v6_2_11_ila_cap_sample_counter
INFO: [VRFC 10-311] analyzing module ila_v6_2_11_ila_cap_window_counter
INFO: [VRFC 10-311] analyzing module ila_v6_2_11_ila_core
INFO: [VRFC 10-311] analyzing module ila_v6_2_11_ila_register
INFO: [VRFC 10-311] analyzing module ila_v6_2_11_ila_reset_ctrl
INFO: [VRFC 10-311] analyzing module ila_v6_2_11_ila_trace_memory
INFO: [VRFC 10-311] analyzing module ila_v6_2_11_ila_trig_match
INFO: [VRFC 10-311] analyzing module ila_v6_2_11_ila_trigger
INFO: [VRFC 10-311] analyzing module ltlib_v1_0_0_all_typeA
INFO: [VRFC 10-311] analyzing module ltlib_v1_0_0_all_typeA_14
INFO: [VRFC 10-311] analyzing module ltlib_v1_0_0_all_typeA_2
INFO: [VRFC 10-311] analyzing module ltlib_v1_0_0_all_typeA_5
INFO: [VRFC 10-311] analyzing module ltlib_v1_0_0_all_typeA_7
INFO: [VRFC 10-311] analyzing module ltlib_v1_0_0_all_typeA_9
INFO: [VRFC 10-311] analyzing module ltlib_v1_0_0_all_typeA__parameterized0
INFO: [VRFC 10-311] analyzing module ltlib_v1_0_0_all_typeA__parameterized1
INFO: [VRFC 10-311] analyzing module ltlib_v1_0_0_all_typeA__parameterized2
INFO: [VRFC 10-311] analyzing module ltlib_v1_0_0_all_typeA__parameterized2_41
INFO: [VRFC 10-311] analyzing module ltlib_v1_0_0_all_typeA__parameterized2_49
INFO: [VRFC 10-311] analyzing module ltlib_v1_0_0_all_typeA_slice
INFO: [VRFC 10-311] analyzing module ltlib_v1_0_0_all_typeA_slice_10
INFO: [VRFC 10-311] analyzing module ltlib_v1_0_0_all_typeA_slice_13
INFO: [VRFC 10-311] analyzing module ltlib_v1_0_0_all_typeA_slice_15
INFO: [VRFC 10-311] analyzing module ltlib_v1_0_0_all_typeA_slice_3
INFO: [VRFC 10-311] analyzing module ltlib_v1_0_0_all_typeA_slice_4
INFO: [VRFC 10-311] analyzing module ltlib_v1_0_0_all_typeA_slice_6
INFO: [VRFC 10-311] analyzing module ltlib_v1_0_0_all_typeA_slice_8
INFO: [VRFC 10-311] analyzing module ltlib_v1_0_0_all_typeA_slice__parameterized0
INFO: [VRFC 10-311] analyzing module ltlib_v1_0_0_all_typeA_slice__parameterized0_11
INFO: [VRFC 10-311] analyzing module ltlib_v1_0_0_all_typeA_slice__parameterized0_12
INFO: [VRFC 10-311] analyzing module ltlib_v1_0_0_all_typeA_slice__parameterized1
INFO: [VRFC 10-311] analyzing module ltlib_v1_0_0_all_typeA_slice__parameterized1_42
INFO: [VRFC 10-311] analyzing module ltlib_v1_0_0_all_typeA_slice__parameterized1_50
INFO: [VRFC 10-311] analyzing module ltlib_v1_0_0_all_typeA_slice__parameterized2
INFO: [VRFC 10-311] analyzing module ltlib_v1_0_0_all_typeA_slice__parameterized2_43
INFO: [VRFC 10-311] analyzing module ltlib_v1_0_0_all_typeA_slice__parameterized2_51
INFO: [VRFC 10-311] analyzing module ltlib_v1_0_0_allx_typeA
INFO: [VRFC 10-311] analyzing module ltlib_v1_0_0_allx_typeA__parameterized0
INFO: [VRFC 10-311] analyzing module ltlib_v1_0_0_allx_typeA__parameterized1
INFO: [VRFC 10-311] analyzing module ltlib_v1_0_0_allx_typeA__parameterized2
INFO: [VRFC 10-311] analyzing module ltlib_v1_0_0_allx_typeA__parameterized3
INFO: [VRFC 10-311] analyzing module ltlib_v1_0_0_allx_typeA__parameterized4
INFO: [VRFC 10-311] analyzing module ltlib_v1_0_0_allx_typeA__parameterized5
INFO: [VRFC 10-311] analyzing module ltlib_v1_0_0_allx_typeA__parameterized5_1
INFO: [VRFC 10-311] analyzing module ltlib_v1_0_0_allx_typeA_nodelay
INFO: [VRFC 10-311] analyzing module ltlib_v1_0_0_allx_typeA_nodelay_40
INFO: [VRFC 10-311] analyzing module ltlib_v1_0_0_allx_typeA_nodelay_48
INFO: [VRFC 10-311] analyzing module ltlib_v1_0_0_async_edge_xfer
INFO: [VRFC 10-311] analyzing module ltlib_v1_0_0_async_edge_xfer_16
INFO: [VRFC 10-311] analyzing module ltlib_v1_0_0_async_edge_xfer_17
INFO: [VRFC 10-311] analyzing module ltlib_v1_0_0_async_edge_xfer_18
INFO: [VRFC 10-311] analyzing module ltlib_v1_0_0_cfglut4
INFO: [VRFC 10-311] analyzing module ltlib_v1_0_0_cfglut4_44
INFO: [VRFC 10-311] analyzing module ltlib_v1_0_0_cfglut5
INFO: [VRFC 10-311] analyzing module ltlib_v1_0_0_cfglut5_38
INFO: [VRFC 10-311] analyzing module ltlib_v1_0_0_cfglut5_45
INFO: [VRFC 10-311] analyzing module ltlib_v1_0_0_cfglut6
INFO: [VRFC 10-311] analyzing module ltlib_v1_0_0_cfglut6_46
INFO: [VRFC 10-311] analyzing module ltlib_v1_0_0_cfglut6__parameterized0
INFO: [VRFC 10-311] analyzing module ltlib_v1_0_0_cfglut7
INFO: [VRFC 10-311] analyzing module ltlib_v1_0_0_cfglut7_37
INFO: [VRFC 10-311] analyzing module ltlib_v1_0_0_generic_memrd
INFO: [VRFC 10-311] analyzing module ltlib_v1_0_0_match
INFO: [VRFC 10-311] analyzing module ltlib_v1_0_0_match__parameterized0
INFO: [VRFC 10-311] analyzing module ltlib_v1_0_0_match__parameterized1
INFO: [VRFC 10-311] analyzing module ltlib_v1_0_0_match__parameterized2
INFO: [VRFC 10-311] analyzing module ltlib_v1_0_0_match__parameterized3
INFO: [VRFC 10-311] analyzing module ltlib_v1_0_0_match__parameterized4
INFO: [VRFC 10-311] analyzing module ltlib_v1_0_0_match__parameterized5
INFO: [VRFC 10-311] analyzing module ltlib_v1_0_0_match__parameterized5_0
INFO: [VRFC 10-311] analyzing module ltlib_v1_0_0_match_nodelay
INFO: [VRFC 10-311] analyzing module ltlib_v1_0_0_match_nodelay_39
INFO: [VRFC 10-311] analyzing module ltlib_v1_0_0_match_nodelay_47
INFO: [VRFC 10-311] analyzing module ltlib_v1_0_0_rising_edge_detection
INFO: [VRFC 10-311] analyzing module ltlib_v1_0_0_rising_edge_detection_19
INFO: [VRFC 10-311] analyzing module xsdbs_v1_0_2_reg__parameterized23
INFO: [VRFC 10-311] analyzing module xsdbs_v1_0_2_reg__parameterized24
INFO: [VRFC 10-311] analyzing module xsdbs_v1_0_2_reg__parameterized25
INFO: [VRFC 10-311] analyzing module xsdbs_v1_0_2_reg__parameterized26
INFO: [VRFC 10-311] analyzing module xsdbs_v1_0_2_reg__parameterized38
INFO: [VRFC 10-311] analyzing module xsdbs_v1_0_2_reg__parameterized39
INFO: [VRFC 10-311] analyzing module xsdbs_v1_0_2_reg__parameterized40
INFO: [VRFC 10-311] analyzing module xsdbs_v1_0_2_reg__parameterized41
INFO: [VRFC 10-311] analyzing module xsdbs_v1_0_2_reg__parameterized42
INFO: [VRFC 10-311] analyzing module xsdbs_v1_0_2_reg__parameterized43
INFO: [VRFC 10-311] analyzing module xsdbs_v1_0_2_reg__parameterized44
INFO: [VRFC 10-311] analyzing module xsdbs_v1_0_2_reg__parameterized45
INFO: [VRFC 10-311] analyzing module xsdbs_v1_0_2_reg__parameterized46
INFO: [VRFC 10-311] analyzing module xsdbs_v1_0_2_reg__parameterized47
INFO: [VRFC 10-311] analyzing module xsdbs_v1_0_2_reg__parameterized48
INFO: [VRFC 10-311] analyzing module xsdbs_v1_0_2_reg__parameterized49
INFO: [VRFC 10-311] analyzing module xsdbs_v1_0_2_reg__parameterized51
INFO: [VRFC 10-311] analyzing module xsdbs_v1_0_2_reg__parameterized53
INFO: [VRFC 10-311] analyzing module xsdbs_v1_0_2_reg__parameterized56
INFO: [VRFC 10-311] analyzing module xsdbs_v1_0_2_reg_ctl
INFO: [VRFC 10-311] analyzing module xsdbs_v1_0_2_reg_ctl_23
INFO: [VRFC 10-311] analyzing module xsdbs_v1_0_2_reg_ctl_24
INFO: [VRFC 10-311] analyzing module xsdbs_v1_0_2_reg_ctl_25
INFO: [VRFC 10-311] analyzing module xsdbs_v1_0_2_reg_ctl_26
INFO: [VRFC 10-311] analyzing module xsdbs_v1_0_2_reg_ctl_29
INFO: [VRFC 10-311] analyzing module xsdbs_v1_0_2_reg_ctl_31
INFO: [VRFC 10-311] analyzing module xsdbs_v1_0_2_reg_ctl_32
INFO: [VRFC 10-311] analyzing module xsdbs_v1_0_2_reg_ctl_33
INFO: [VRFC 10-311] analyzing module xsdbs_v1_0_2_reg_ctl_34
INFO: [VRFC 10-311] analyzing module xsdbs_v1_0_2_reg_ctl_35
INFO: [VRFC 10-311] analyzing module xsdbs_v1_0_2_reg_ctl__parameterized0
INFO: [VRFC 10-311] analyzing module xsdbs_v1_0_2_reg_ctl__parameterized1
INFO: [VRFC 10-311] analyzing module xsdbs_v1_0_2_reg_ctl__parameterized1_27
INFO: [VRFC 10-311] analyzing module xsdbs_v1_0_2_reg_ctl__parameterized1_30
INFO: [VRFC 10-311] analyzing module xsdbs_v1_0_2_reg_p2s
INFO: [VRFC 10-311] analyzing module xsdbs_v1_0_2_reg_p2s__parameterized0
INFO: [VRFC 10-311] analyzing module xsdbs_v1_0_2_reg_p2s__parameterized1
INFO: [VRFC 10-311] analyzing module xsdbs_v1_0_2_reg_p2s__parameterized2
INFO: [VRFC 10-311] analyzing module xsdbs_v1_0_2_reg_p2s__parameterized3
INFO: [VRFC 10-311] analyzing module xsdbs_v1_0_2_reg_p2s__parameterized4
INFO: [VRFC 10-311] analyzing module xsdbs_v1_0_2_reg_p2s__parameterized5
INFO: [VRFC 10-311] analyzing module xsdbs_v1_0_2_reg_p2s__parameterized6
INFO: [VRFC 10-311] analyzing module xsdbs_v1_0_2_reg_p2s__parameterized7
INFO: [VRFC 10-311] analyzing module xsdbs_v1_0_2_reg_stat
INFO: [VRFC 10-311] analyzing module xsdbs_v1_0_2_reg_stat_20
INFO: [VRFC 10-311] analyzing module xsdbs_v1_0_2_reg_stat_21
INFO: [VRFC 10-311] analyzing module xsdbs_v1_0_2_reg_stat_22
INFO: [VRFC 10-311] analyzing module xsdbs_v1_0_2_reg_stat_28
INFO: [VRFC 10-311] analyzing module xsdbs_v1_0_2_reg_stat_36
INFO: [VRFC 10-311] analyzing module xsdbs_v1_0_2_reg_stream
INFO: [VRFC 10-311] analyzing module xsdbs_v1_0_2_reg_stream__parameterized0
INFO: [VRFC 10-311] analyzing module xsdbs_v1_0_2_xsdbs
INFO: [VRFC 10-311] analyzing module glbl
