2025-08-26T17:49:44.121529700255-17:49:44 **** Build of project McDMA_v3_singlechDMA ****
000-buildplatform.bat 55942 McDMA_v3_singlechDMA  
000-XSDB Server Channel: tcfchan#17
000-Reading the platform  : "McDMA_v3_singlechDMA"
000-Building the BSP Library for domain  - standalone_domain on processor microblaze_0
000-make --no-print-directory seq_libs
000-
000-'Finished building libraries sequentially.'
000-
000-make -j --no-print-directory par_libs
000-
000-"Running Make include in microblaze_0/libsrc/axidma_v9_12/src"
000-
000-make -C microblaze_0/libsrc/axidma_v9_12/src -s include  "SHELL=CMD" "COMPILER=mb-gcc" "ASSEMBLER=mb-as" "ARCHIVER=mb-ar" "COMP
000-ILER_FLAGS=  -O2 -c -mcpu=v11.0 -mlittle-endian -mno-xl-soft-div -mno-xl-soft-mul -mxl-barrel-shift -mxl-pattern-compare" "EXTR
000-A_COMPILER_FLAGS=-g -ffunction-sections -fdata-sections -Wall -Wextra"
000-
000-"Running Make include in microblaze_0/libsrc/bram_v4_5/src"
000-
000-make -C microblaze_0/libsrc/bram_v4_5/src -s include  "SHELL=CMD" "COMPILER=mb-gcc" "ASSEMBLER=mb-as" "ARCHIVER=mb-ar" "COMPILE
000-R_FLAGS=  -O2 -c -mcpu=v11.0 -mlittle-endian -mno-xl-soft-div -mno-xl-soft-mul -mxl-barrel-shift -mxl-pattern-compare" "EXTRA_C
000-OMPILER_FLAGS=-g -ffunction-sections -fdata-sections -Wall -Wextra"
000-
000-"Running Make include in microblaze_0/libsrc/cpu_v2_12/src"
000-
000-make -C microblaze_0/libsrc/cpu_v2_12/src -s include  "SHELL=CMD" "COMPILER=mb-gcc" "ASSEMBLER=mb-as" "ARCHIVER=mb-ar" "COMPILE
000-R_FLAGS=  -O2 -c -mcpu=v11.0 -mlittle-endian -mno-xl-soft-div -mno-xl-soft-mul -mxl-barrel-shift -mxl-pattern-compare" "EXTRA_C
000-OMPILER_FLAGS=-g -ffunction-sections -fdata-sections -Wall -Wextra"
000-
000-"Running Make include in microblaze_0/libsrc/gpio_v4_7/src"
000-
000-make -C microblaze_0/libsrc/gpio_v4_7/src -s include  "SHELL=CMD" "COMPILER=mb-gcc" "ASSEMBLER=mb-as" "ARCHIVER=mb-ar" "COMPILE
000-R_FLAGS=  -O2 -c -mcpu=v11.0 -mlittle-endian -mno-xl-soft-div -mno-xl-soft-mul -mxl-barrel-shift -mxl-pattern-compare" "EXTRA_C
000-OMPILER_FLAGS=-g -ffunction-sections -fdata-sections -Wall -Wextra"
000-
000-"Running Make include in microblaze_0/libsrc/iic_v3_7/src"
000-
000-"Running Make include in microblaze_0/libsrc/intc_v3_12/src"
000-
000-make -C microblaze_0/libsrc/iic_v3_7/src -s include  "SHELL=CMD" "COMPILER=mb-gcc" "ASSEMBLER=mb-as" "ARCHIVER=mb-ar" "COMPILER
000-_FLAGS=  -O2 -c -mcpu=v11.0 -mlittle-endian -mno-xl-soft-div -mno-xl-soft-mul -mxl-barrel-shift -mxl-pattern-compare" "EXTRA_CO
000-MPILER_FLAGS=-g -ffunction-sections -fdata-sections -Wall -Wextra"
000-
000-make -C microblaze_0/libsrc/intc_v3_12/src -s include  "SHELL=CMD" "COMPILER=mb-gcc" "ASSEMBLER=mb-as" "ARCHIVER=mb-ar" "COMPIL
000-ER_FLAGS=  -O2 -c -mcpu=v11.0 -mlittle-endian -mno-xl-soft-div -mno-xl-soft-mul -mxl-barrel-shift -mxl-pattern-compare" "EXTRA_
000-COMPILER_FLAGS=-g -ffunction-sections -fdata-sections -Wall -Wextra"
000-
000-"Running Make include in microblaze_0/libsrc/spi_v4_7/src"
000-
000-make -C microblaze_0/libsrc/spi_v4_7/src -s include  "SHELL=CMD" "COMPILER=mb-gcc" "ASSEMBLER=mb-as" "ARCHIVER=mb-ar" "COMPILER
000-_FLAGS=  -O2 -c -mcpu=v11.0 -mlittle-endian -mno-xl-soft-div -mno-xl-soft-mul -mxl-barrel-shift -mxl-pattern-compare" "EXTRA_CO
000-MPILER_FLAGS=-g -ffunction-sections -fdata-sections -Wall -Wextra"
000-
000-"Running Make include in microblaze_0/libsrc/standalone_v7_3/src"
000-
000-make -C microblaze_0/libsrc/standalone_v7_3/src -s include  "SHELL=CMD" "COMPILER=mb-gcc" "ASSEMBLER=mb-as" "ARCHIVER=mb-ar" "C
000-OMPILER_FLAGS=  -O2 -c -mcpu=v11.0 -mlittle-endian -mno-xl-soft-div -mno-xl-soft-mul -mxl-barrel-shift -mxl-pattern-compare" "E
000-XTRA_COMPILER_FLAGS=-g -ffunction-sections -fdata-sections -Wall -Wextra"
000-
000-"Running Make include in microblaze_0/libsrc/sysmon_v7_7/src"
000-
000-make -C microblaze_0/libsrc/sysmon_v7_7/src -s include  "SHELL=CMD" "COMPILER=mb-gcc" "ASSEMBLER=mb-as" "ARCHIVER=mb-ar" "COMPI
000-LER_FLAGS=  -O2 -c -mcpu=v11.0 -mlittle-endian -mno-xl-soft-div -mno-xl-soft-mul -mxl-barrel-shift -mxl-pattern-compare" "EXTRA
000-_COMPILER_FLAGS=-g -ffunction-sections -fdata-sections -Wall -Wextra"
000-
000-"Running Make include in microblaze_0/libsrc/tmrctr_v4_7/src"
000-
000-"Running Make include in microblaze_0/libsrc/trafgen_v4_4/src"
000-
000-make -C microblaze_0/libsrc/tmrctr_v4_7/src -s include  "SHELL=CMD" "COMPILER=mb-gcc" "ASSEMBLER=mb-as" "ARCHIVER=mb-ar" "COMPI
000-LER_FLAGS=  -O2 -c -mcpu=v11.0 -mlittle-endian -mno-xl-soft-div -mno-xl-soft-mul -mxl-barrel-shift -mxl-pattern-compare" "EXTRA
000-_COMPILER_FLAGS=-g -ffunction-sections -fdata-sections -Wall -Wextra"
000-
000-make -C microblaze_0/libsrc/trafgen_v4_4/src -s include  "SHELL=CMD" "COMPILER=mb-gcc" "ASSEMBLER=mb-as" "ARCHIVER=mb-ar" "COMP
000-ILER_FLAGS=  -O2 -c -mcpu=v11.0 -mlittle-endian -mno-xl-soft-div -mno-xl-soft-mul -mxl-barrel-shift -mxl-pattern-compare" "EXTR
000-A_COMPILER_FLAGS=-g -ffunction-sections -fdata-sections -Wall -Wextra"
000-
000-"Running Make include in microblaze_0/libsrc/uartlite_v3_5/src"
000-
000-make -C microblaze_0/libsrc/uartlite_v3_5/src -s include  "SHELL=CMD" "COMPILER=mb-gcc" "ASSEMBLER=mb-as" "ARCHIVER=mb-ar" "COM
000-PILER_FLAGS=  -O2 -c -mcpu=v11.0 -mlittle-endian -mno-xl-soft-div -mno-xl-soft-mul -mxl-barrel-shift -mxl-pattern-compare" "EXT
000-RA_COMPILER_FLAGS=-g -ffunction-sections -fdata-sections -Wall -Wextra"
000-
000-"Running Make libs in microblaze_0/libsrc/axidma_v9_12/src"
000-
000-make -C microblaze_0/libsrc/axidma_v9_12/src -s libs  "SHELL=CMD" "COMPILER=mb-gcc" "ASSEMBLER=mb-as" "ARCHIVER=mb-ar" "COMPILE
000-R_FLAGS=  -O2 -c -mcpu=v11.0 -mlittle-endian -mno-xl-soft-div -mno-xl-soft-mul -mxl-barrel-shift -mxl-pattern-compare" "EXTRA_C
000-OMPILER_FLAGS=-g -ffunction-sections -fdata-sections -Wall -Wextra"
000-
000-"Running Make libs in microblaze_0/libsrc/bram_v4_5/src"
000-
000-make -C microblaze_0/libsrc/bram_v4_5/src -s libs  "SHELL=CMD" "COMPILER=mb-gcc" "ASSEMBLER=mb-as" "ARCHIVER=mb-ar" "COMPILER_F
000-LAGS=  -O2 -c -mcpu=v11.0 -mlittle-endian -mno-xl-soft-div -mno-xl-soft-mul -mxl-barrel-shift -mxl-pattern-compare" "EXTRA_COMP
000-ILER_FLAGS=-g -ffunction-sections -fdata-sections -Wall -Wextra"
000-
000-"Running Make libs in microblaze_0/libsrc/cpu_v2_12/src"
000-
000-make -C microblaze_0/libsrc/cpu_v2_12/src -s libs  "SHELL=CMD" "COMPILER=mb-gcc" "ASSEMBLER=mb-as" "ARCHIVER=mb-ar" "COMPILER_F
000-LAGS=  -O2 -c -mcpu=v11.0 -mlittle-endian -mno-xl-soft-div -mno-xl-soft-mul -mxl-barrel-shift -mxl-pattern-compare" "EXTRA_COMP
000-ILER_FLAGS=-g -ffunction-sections -fdata-sections -Wall -Wextra"
000-
000-"Running Make libs in microblaze_0/libsrc/gpio_v4_7/src"
000-
000-make -C microblaze_0/libsrc/gpio_v4_7/src -s libs  "SHELL=CMD" "COMPILER=mb-gcc" "ASSEMBLER=mb-as" "ARCHIVER=mb-ar" "COMPILER_F
000-LAGS=  -O2 -c -mcpu=v11.0 -mlittle-endian -mno-xl-soft-div -mno-xl-soft-mul -mxl-barrel-shift -mxl-pattern-compare" "EXTRA_COMP
000-ILER_FLAGS=-g -ffunction-sections -fdata-sections -Wall -Wextra"
000-
000-"Running Make libs in microblaze_0/libsrc/iic_v3_7/src"
000-
000-make -C microblaze_0/libsrc/iic_v3_7/src -s libs  "SHELL=CMD" "COMPILER=mb-gcc" "ASSEMBLER=mb-as" "ARCHIVER=mb-ar" "COMPILER_FL
000-AGS=  -O2 -c -mcpu=v11.0 -mlittle-endian -mno-xl-soft-div -mno-xl-soft-mul -mxl-barrel-shift -mxl-pattern-compare" "EXTRA_COMPI
000-LER_FLAGS=-g -ffunction-sections -fdata-sections -Wall -Wextra"
000-
000-"Running Make libs in microblaze_0/libsrc/intc_v3_12/src"
000-
000-make -C microblaze_0/libsrc/intc_v3_12/src -s libs  "SHELL=CMD" "COMPILER=mb-gcc" "ASSEMBLER=mb-as" "ARCHIVER=mb-ar" "COMPILER_
000-FLAGS=  -O2 -c -mcpu=v11.0 -mlittle-endian -mno-xl-soft-div -mno-xl-soft-mul -mxl-barrel-shift -mxl-pattern-compare" "EXTRA_COM
000-PILER_FLAGS=-g -ffunction-sections -fdata-sections -Wall -Wextra"
000-
000-"Running Make libs in microblaze_0/libsrc/spi_v4_7/src"
000-
000-make -C microblaze_0/libsrc/spi_v4_7/src -s libs  "SHELL=CMD" "COMPILER=mb-gcc" "ASSEMBLER=mb-as" "ARCHIVER=mb-ar" "COMPILER_FL
000-AGS=  -O2 -c -mcpu=v11.0 -mlittle-endian -mno-xl-soft-div -mno-xl-soft-mul -mxl-barrel-shift -mxl-pattern-compare" "EXTRA_COMPI
000-LER_FLAGS=-g -ffunction-sections -fdata-sections -Wall -Wextra"
000-
000-"Running Make libs in microblaze_0/libsrc/standalone_v7_3/src"
000-
000-make -C microblaze_0/libsrc/standalone_v7_3/src -s libs  "SHELL=CMD" "COMPILER=mb-gcc" "ASSEMBLER=mb-as" "ARCHIVER=mb-ar" "COMP
000-ILER_FLAGS=  -O2 -c -mcpu=v11.0 -mlittle-endian -mno-xl-soft-div -mno-xl-soft-mul -mxl-barrel-shift -mxl-pattern-compare" "EXTR
000-A_COMPILER_FLAGS=-g -ffunction-sections -fdata-sections -Wall -Wextra"
000-
000-"Running Make libs in microblaze_0/libsrc/sysmon_v7_7/src"
000-
000-make -C microblaze_0/libsrc/sysmon_v7_7/src -s libs  "SHELL=CMD" "COMPILER=mb-gcc" "ASSEMBLER=mb-as" "ARCHIVER=mb-ar" "COMPILER
000-_FLAGS=  -O2 -c -mcpu=v11.0 -mlittle-endian -mno-xl-soft-div -mno-xl-soft-mul -mxl-barrel-shift -mxl-pattern-compare" "EXTRA_CO
000-MPILER_FLAGS=-g -ffunction-sections -fdata-sections -Wall -Wextra"
000-
000-"Running Make libs in microblaze_0/libsrc/tmrctr_v4_7/src"
000-
000-make -C microblaze_0/libsrc/tmrctr_v4_7/src -s libs  "SHELL=CMD" "COMPILER=mb-gcc" "ASSEMBLER=mb-as" "ARCHIVER=mb-ar" "COMPILER
000-_FLAGS=  -O2 -c -mcpu=v11.0 -mlittle-endian -mno-xl-soft-div -mno-xl-soft-mul -mxl-barrel-shift -mxl-pattern-compare" "EXTRA_CO
000-MPILER_FLAGS=-g -ffunction-sections -fdata-sections -Wall -Wextra"
000-
000-"Running Make libs in microblaze_0/libsrc/trafgen_v4_4/src"
000-
000-make -C microblaze_0/libsrc/trafgen_v4_4/src -s libs  "SHELL=CMD" "COMPILER=mb-gcc" "ASSEMBLER=mb-as" "ARCHIVER=mb-ar" "COMPILE
000-R_FLAGS=  -O2 -c -mcpu=v11.0 -mlittle-endian -mno-xl-soft-div -mno-xl-soft-mul -mxl-barrel-shift -mxl-pattern-compare" "EXTRA_C
000-OMPILER_FLAGS=-g -ffunction-sections -fdata-sections -Wall -Wextra"
000-
000-"Running Make libs in microblaze_0/libsrc/uartlite_v3_5/src"
000-
000-make -C microblaze_0/libsrc/uartlite_v3_5/src -s libs  "SHELL=CMD" "COMPILER=mb-gcc" "ASSEMBLER=mb-as" "ARCHIVER=mb-ar" "COMPIL
000-ER_FLAGS=  -O2 -c -mcpu=v11.0 -mlittle-endian -mno-xl-soft-div -mno-xl-soft-mul -mxl-barrel-shift -mxl-pattern-compare" "EXTRA_
000-COMPILER_FLAGS=-g -ffunction-sections -fdata-sections -Wall -Wextra"
000-
000-'Finished building libraries parallelly.'
000-
000-make --no-print-directory archive
000-
000-mb-ar -r  microblaze_0/lib/libxil.a microblaze_0/lib/xtmrctr_l.o microblaze_0/lib/xplatform_info.o microblaze_0/lib/xtmrctr_opt
000-ions.o microblaze_0/lib/microblaze_disable_exceptions.o microblaze_0/lib/print.o microblaze_0/lib/xspi_options.o microblaze_0/l
000-ib/xil_testio.o microblaze_0/lib/microblaze_disable_dcache.o microblaze_0/lib/microblaze_flush_dcache_range.o microblaze_0/lib/
000-xspi_g.o microblaze_0/lib/microblaze_flush_cache_ext.o microblaze_0/lib/xspi.o microblaze_0/lib/xspi_sinit.o microblaze_0/lib/i
000-nbyte.o microblaze_0/lib/xtrafgen_g.o microblaze_0/lib/xil_misc_psreset_api.o microblaze_0/lib/xspi_selftest.o microblaze_0/lib
000-/xsysmon_g.o microblaze_0/lib/xil_cache.o microblaze_0/lib/xil_util.o microblaze_0/lib/xiic_g.o microblaze_0/lib/xiic_multi_mas
000-ter.o microblaze_0/lib/xiic_sinit.o microblaze_0/lib/microblaze_exception_handler.o microblaze_0/lib/xbram_g.o microblaze_0/lib
000-/xbram_sinit.o microblaze_0/lib/xtrafgen.o microblaze_0/lib/microblaze_scrub.o microblaze_0/lib/xtmrctr_intr.o microblaze_0/lib
000-/microblaze_invalidate_dcache.o microblaze_0/lib/microblaze_disable_interrupts.o microblaze_0/lib/xbram_selftest.o microblaze_0
000-/lib/microblaze_interrupt_handler.o microblaze_0/lib/microblaze_disable_icache.o microblaze_0/lib/xaxidma_sinit.o microblaze_0/
000-lib/xsysmon_intr.o microblaze_0/lib/xgpio_g.o microblaze_0/lib/xuartlite_g.o microblaze_0/lib/xtmrctr_stats.o microblaze_0/lib/
000-xaxidma_selftest.o microblaze_0/lib/xiic_master.o microblaze_0/lib/xspi_stats.o microblaze_0/lib/microblaze_flush_cache_ext_ran
000-ge.o microblaze_0/lib/xaxidma_bd.o microblaze_0/lib/xiic_intr.o microblaze_0/lib/xbram_intr.o microblaze_0/lib/xil_sleepcommon.
000-o microblaze_0/lib/xil_printf.o microblaze_0/lib/xintc_g.o microblaze_0/lib/xintc_selftest.o microblaze_0/lib/xintc_l.o microbl
000-aze_0/lib/outbyte.o microblaze_0/lib/xgpio_extra.o microblaze_0/lib/xgpio_intr.o microblaze_0/lib/xiic_slave.o microblaze_0/lib
000-/microblaze_invalidate_dcache_range.o microblaze_0/lib/xil_testmem.o microblaze_0/lib/microblaze_invalidate_cache_ext.o microbl
000-aze_0/lib/microblaze_sleep.o microblaze_0/lib/xuartlite_sinit.o microblaze_0/lib/hw_exception_handler.o microblaze_0/lib/xtmrct
000-r.o microblaze_0/lib/xintc_options.o microblaze_0/lib/xuartlite_selftest.o microblaze_0/lib/xgpio_sinit.o microblaze_0/lib/xuar
000-tlite.o microblaze_0/lib/microblaze_update_dcache.o microblaze_0/lib/xaxidma_g.o microblaze_0/lib/xil_testcache.o microblaze_0/
000-lib/microblaze_selftest.o microblaze_0/lib/microblaze_interrupts_g.o microblaze_0/lib/microblaze_enable_exceptions.o microblaze
000-_0/lib/xil_mem.o microblaze_0/lib/xsysmon_sinit.o microblaze_0/lib/xtmrctr_g.o microblaze_0/lib/microblaze_enable_dcache.o micr
000-oblaze_0/lib/xiic_l.o microblaze_0/lib/_exit.o microblaze_0/lib/xuartlite_intr.o microblaze_0/lib/microblaze_invalidate_icache_
000-range.o microblaze_0/lib/xtmrctr_selftest.o microblaze_0/lib/xgpio.o microblaze_0/lib/microblaze_init_dcache_range.o microblaze
000-_0/lib/microblaze_invalidate_icache.o microblaze_0/lib/xaxidma.o microblaze_0/lib/errno.o microblaze_0/lib/xiic_dyn_master.o mi
000-croblaze_0/lib/xintc.o microblaze_0/lib/xuartlite_stats.o microblaze_0/lib/microblaze_invalidate_cache_ext_range.o microblaze_0
000-/lib/xintc_intr.o microblaze_0/lib/xil_exception.o microblaze_0/lib/pvr.o microblaze_0/lib/xbram.o microblaze_0/lib/xiic_option
000-s.o microblaze_0/lib/xtrafgen_sinit.o microblaze_0/lib/microblaze_update_icache.o microblaze_0/lib/microblaze_flush_dcache.o mi
000-croblaze_0/lib/xil_clocking.o microblaze_0/lib/xil_assert.o microblaze_0/lib/xiic_stats.o microblaze_0/lib/microblaze_enable_in
000-terrupts.o microblaze_0/lib/xio.o microblaze_0/lib/microblaze_enable_icache.o microblaze_0/lib/xiic.o microblaze_0/lib/xsysmon.
000-o microblaze_0/lib/microblaze_init_icache_range.o microblaze_0/lib/xaxidma_bdring.o microblaze_0/lib/xuartlite_l.o microblaze_0
000-/lib/xtmrctr_sinit.o microblaze_0/lib/xiic_selftest.o microblaze_0/lib/xsysmon_selftest.o microblaze_0/lib/fcntl.o microblaze_0
000-/lib/xgpio_selftest.o
000-
000-'Finished building libraries'
000-
00255-
17:49:52 Build Finished (took 8s.351ms)

