Copyright 1986-2020 Xilinx, Inc. All Rights Reserved.
----------------------------------------------------------------------------------------------------------------------------------------------------------------------
| Tool Version     : Vivado v.2020.2 (win64) Build 3064766 Wed Nov 18 09:12:45 MST 2020
| Date             : Thu Jul 31 10:56:49 2025
| Host             : LAPTOP-IMI5H5SA running 64-bit major release  (build 9200)
| Command          : report_power -file user_35t_wrapper_power_routed.rpt -pb user_35t_wrapper_power_summary_routed.pb -rpx user_35t_wrapper_power_routed.rpx
| Design           : user_35t_wrapper
| Device           : xc7a35tcpg236-1
| Design State     : routed
| Grade            : commercial
| Process          : typical
| Characterization : Production
----------------------------------------------------------------------------------------------------------------------------------------------------------------------

Power Report

Table of Contents
-----------------
1. Summary
1.1 On-Chip Components
1.2 Power Supply Summary
1.3 Confidence Level
2. Settings
2.1 Environment
2.2 Clock Constraints
3. Detailed Reports
3.1 By Hierarchy

1. Summary
----------

+--------------------------+--------------+
| Total On-Chip Power (W)  | 0.286        |
| Design Power Budget (W)  | Unspecified* |
| Power Budget Margin (W)  | NA           |
| Dynamic (W)              | 0.213        |
| Device Static (W)        | 0.073        |
| Effective TJA (C/W)      | 5.0          |
| Max Ambient (C)          | 83.6         |
| Junction Temperature (C) | 26.4         |
| Confidence Level         | Low          |
| Setting File             | ---          |
| Simulation Activity File | ---          |
| Design Nets Matched      | NA           |
+--------------------------+--------------+
* Specify Design Power Budget using, set_operating_conditions -design_power_budget <value in Watts>


1.1 On-Chip Components
----------------------

+--------------------------+-----------+----------+-----------+-----------------+
| On-Chip                  | Power (W) | Used     | Available | Utilization (%) |
+--------------------------+-----------+----------+-----------+-----------------+
| Clocks                   |     0.027 |        8 |       --- |             --- |
| Slice Logic              |     0.012 |    16028 |       --- |             --- |
|   LUT as Logic           |     0.010 |     5263 |     20800 |           25.30 |
|   CARRY4                 |    <0.001 |      255 |      8150 |            3.13 |
|   Register               |    <0.001 |     6663 |     41600 |           16.02 |
|   LUT as Distributed RAM |    <0.001 |      232 |      9600 |            2.42 |
|   F7/F8 Muxes            |    <0.001 |      338 |     32600 |            1.04 |
|   LUT as Shift Register  |    <0.001 |      416 |      9600 |            4.33 |
|   Others                 |    <0.001 |     1147 |       --- |             --- |
| Signals                  |     0.020 |    11219 |       --- |             --- |
| Block RAM                |     0.024 |       18 |        50 |           36.00 |
| MMCM                     |     0.104 |        1 |         5 |           20.00 |
| DSPs                     |     0.002 |        4 |        90 |            4.44 |
| I/O                      |     0.024 |       51 |       106 |           48.11 |
| Static Power             |     0.073 |          |           |                 |
| Total                    |     0.286 |          |           |                 |
+--------------------------+-----------+----------+-----------+-----------------+


1.2 Power Supply Summary
------------------------

+-----------+-------------+-----------+-------------+------------+-------------+-------------+------------+
| Source    | Voltage (V) | Total (A) | Dynamic (A) | Static (A) | Powerup (A) | Budget (A)  | Margin (A) |
+-----------+-------------+-----------+-------------+------------+-------------+-------------+------------+
| Vccint    |       1.000 |     0.096 |       0.085 |      0.010 |       NA    | Unspecified | NA         |
| Vccaux    |       1.800 |     0.071 |       0.059 |      0.013 |       NA    | Unspecified | NA         |
| Vcco33    |       3.300 |     0.007 |       0.006 |      0.001 |       NA    | Unspecified | NA         |
| Vcco25    |       2.500 |     0.000 |       0.000 |      0.000 |       NA    | Unspecified | NA         |
| Vcco18    |       1.800 |     0.000 |       0.000 |      0.000 |       NA    | Unspecified | NA         |
| Vcco15    |       1.500 |     0.000 |       0.000 |      0.000 |       NA    | Unspecified | NA         |
| Vcco135   |       1.350 |     0.000 |       0.000 |      0.000 |       NA    | Unspecified | NA         |
| Vcco12    |       1.200 |     0.000 |       0.000 |      0.000 |       NA    | Unspecified | NA         |
| Vccaux_io |       1.800 |     0.000 |       0.000 |      0.000 |       NA    | Unspecified | NA         |
| Vccbram   |       1.000 |     0.002 |       0.002 |      0.001 |       NA    | Unspecified | NA         |
| MGTAVcc   |       1.000 |     0.000 |       0.000 |      0.000 |       NA    | Unspecified | NA         |
| MGTAVtt   |       1.200 |     0.000 |       0.000 |      0.000 |       NA    | Unspecified | NA         |
| Vccadc    |       1.800 |     0.020 |       0.000 |      0.020 |       NA    | Unspecified | NA         |
+-----------+-------------+-----------+-------------+------------+-------------+-------------+------------+


1.3 Confidence Level
--------------------

+-----------------------------+------------+--------------------------------------------------------+------------------------------------------------------------------------------------------------------------+
| User Input Data             | Confidence | Details                                                | Action                                                                                                     |
+-----------------------------+------------+--------------------------------------------------------+------------------------------------------------------------------------------------------------------------+
| Design implementation state | High       | Design is routed                                       |                                                                                                            |
| Clock nodes activity        | High       | User specified more than 95% of clocks                 |                                                                                                            |
| I/O nodes activity          | Low        | More than 75% of inputs are missing user specification | Provide missing input activity with simulation results or by editing the "By Resource Type -> I/Os" view   |
| Internal nodes activity     | Medium     | User specified less than 25% of internal nodes         | Provide missing internal nodes activity with simulation results or by editing the "By Resource Type" views |
| Device models               | High       | Device models are Production                           |                                                                                                            |
|                             |            |                                                        |                                                                                                            |
| Overall confidence level    | Low        |                                                        |                                                                                                            |
+-----------------------------+------------+--------------------------------------------------------+------------------------------------------------------------------------------------------------------------+


2. Settings
-----------

2.1 Environment
---------------

+-----------------------+--------------------------+
| Ambient Temp (C)      | 25.0                     |
| ThetaJA (C/W)         | 5.0                      |
| Airflow (LFM)         | 250                      |
| Heat Sink             | medium (Medium Profile)  |
| ThetaSA (C/W)         | 4.6                      |
| Board Selection       | medium (10"x10")         |
| # of Board Layers     | 12to15 (12 to 15 Layers) |
| Board Temperature (C) | 25.0                     |
+-----------------------+--------------------------+


2.2 Clock Constraints
---------------------

+------------------------------------------------------------+---------------------------------------------------------+-----------------+
| Clock                                                      | Domain                                                  | Constraint (ns) |
+------------------------------------------------------------+---------------------------------------------------------+-----------------+
| clk_out1_user_35t_clk_wiz_0_0                              | user_35t_i/clk_wiz_0/inst/clk_out1_user_35t_clk_wiz_0_0 |            10.0 |
| clkfbout_user_35t_clk_wiz_0_0                              | user_35t_i/clk_wiz_0/inst/clkfbout_user_35t_clk_wiz_0_0 |            83.3 |
| sys_clk_pin                                                | sys_clock                                               |            83.3 |
| sys_clk_pin                                                | sys_clock_IBUF_BUFG                                     |            83.3 |
| user_35t_i/mdm_1/U0/Use_E2.BSCAN_I/Use_E2.BSCANE2_I/DRCK   | user_35t_i/mdm_1/U0/Use_E2.BSCAN_I/DRCK                 |            33.3 |
| user_35t_i/mdm_1/U0/Use_E2.BSCAN_I/Use_E2.BSCANE2_I/UPDATE | user_35t_i/mdm_1/U0/Use_E2.BSCAN_I/Dbg_Update_0         |            33.3 |
+------------------------------------------------------------+---------------------------------------------------------+-----------------+


3. Detailed Reports
-------------------

3.1 By Hierarchy
----------------

+-------------------------------+-----------+
| Name                          | Power (W) |
+-------------------------------+-----------+
| user_35t_wrapper              |     0.213 |
|   user_35t_i                  |     0.189 |
|     axi_emc_0                 |     0.009 |
|       U0                      |     0.009 |
|     axi_iic                   |     0.002 |
|       U0                      |     0.002 |
|     axi_mem_intercon          |     0.019 |
|       m00_couplers            |     0.007 |
|       s00_couplers            |     0.007 |
|       s01_couplers            |     0.003 |
|       xbar                    |     0.002 |
|     axi_quad_spi_0            |     0.005 |
|       U0                      |     0.005 |
|     axi_timer_0               |     0.003 |
|       U0                      |     0.003 |
|     clk_wiz_0                 |     0.104 |
|       inst                    |     0.104 |
|     microblaze_0              |     0.039 |
|       U0                      |     0.039 |
|     microblaze_0_local_memory |     0.004 |
|       lmb_bram                |     0.004 |
+-------------------------------+-----------+


