
*** Running vivado
    with args -log TDCchannel.vds -m64 -product Vivado -mode batch -messageDb vivado.pb -notrace -source TDCchannel.tcl



****** Vivado v2020.2 (64-bit)
  **** SW Build 3064766 on Wed Nov 18 09:12:45 MST 2020
  **** IP Build 3064653 on Wed Nov 18 14:17:31 MST 2020
    ** Copyright 1986-2020 Xilinx, Inc. All Rights Reserved.

source TDCchannel.tcl -notrace
Command: synth_design -top TDCchannel -part xc7a35tcpg236-1
Starting synth_design
Attempting to get a license for feature 'Synthesis' and/or device 'xc7a35t'
INFO: [Common 17-349] Got license for feature 'Synthesis' and/or device 'xc7a35t'
INFO: [Device 21-403] Loading part xc7a35tcpg236-1
INFO: [Synth 8-7079] Multithreading enabled for synth_design using a maximum of 2 processes.
INFO: [Synth 8-7078] Launching helper process for spawning children vivado processes
INFO: [Synth 8-7075] Helper process launched with PID 20296
---------------------------------------------------------------------------------
Starting RTL Elaboration : Time (s): cpu = 00:00:06 ; elapsed = 00:00:06 . Memory (MB): peak = 1181.824 ; gain = 38.227
---------------------------------------------------------------------------------
INFO: [Synth 8-638] synthesizing module 'TDCchannel' [C:/Users/ilpes/TDC_a35t/TDC_a35t_v3/TDC_a35t_v3.srcs/sources_1/imports/src/TDCchannel.vhd:40]
	Parameter NTaps bound to: 60 - type: integer 
INFO: [Synth 8-638] synthesizing module 'delayLine' [C:/Users/ilpes/TDC_a35t/TDC_a35t_v3/TDC_a35t_v3.srcs/sources_1/imports/src/delayLine.vhd:42]
	Parameter NTaps bound to: 60 - type: integer 
INFO: [Synth 8-113] binding component instance 'firstCarry' to cell 'CARRY4' [C:/Users/ilpes/TDC_a35t/TDC_a35t_v3/TDC_a35t_v3.srcs/sources_1/imports/src/delayLine.vhd:88]
INFO: [Synth 8-113] binding component instance 'CARRY4_inst' to cell 'CARRY4' [C:/Users/ilpes/TDC_a35t/TDC_a35t_v3/TDC_a35t_v3.srcs/sources_1/imports/src/delayLine.vhd:99]
INFO: [Synth 8-113] binding component instance 'CARRY4_inst' to cell 'CARRY4' [C:/Users/ilpes/TDC_a35t/TDC_a35t_v3/TDC_a35t_v3.srcs/sources_1/imports/src/delayLine.vhd:99]
INFO: [Synth 8-113] binding component instance 'CARRY4_inst' to cell 'CARRY4' [C:/Users/ilpes/TDC_a35t/TDC_a35t_v3/TDC_a35t_v3.srcs/sources_1/imports/src/delayLine.vhd:99]
INFO: [Synth 8-113] binding component instance 'CARRY4_inst' to cell 'CARRY4' [C:/Users/ilpes/TDC_a35t/TDC_a35t_v3/TDC_a35t_v3.srcs/sources_1/imports/src/delayLine.vhd:99]
INFO: [Synth 8-113] binding component instance 'CARRY4_inst' to cell 'CARRY4' [C:/Users/ilpes/TDC_a35t/TDC_a35t_v3/TDC_a35t_v3.srcs/sources_1/imports/src/delayLine.vhd:99]
INFO: [Synth 8-113] binding component instance 'CARRY4_inst' to cell 'CARRY4' [C:/Users/ilpes/TDC_a35t/TDC_a35t_v3/TDC_a35t_v3.srcs/sources_1/imports/src/delayLine.vhd:99]
INFO: [Synth 8-113] binding component instance 'CARRY4_inst' to cell 'CARRY4' [C:/Users/ilpes/TDC_a35t/TDC_a35t_v3/TDC_a35t_v3.srcs/sources_1/imports/src/delayLine.vhd:99]
INFO: [Synth 8-113] binding component instance 'CARRY4_inst' to cell 'CARRY4' [C:/Users/ilpes/TDC_a35t/TDC_a35t_v3/TDC_a35t_v3.srcs/sources_1/imports/src/delayLine.vhd:99]
INFO: [Synth 8-113] binding component instance 'CARRY4_inst' to cell 'CARRY4' [C:/Users/ilpes/TDC_a35t/TDC_a35t_v3/TDC_a35t_v3.srcs/sources_1/imports/src/delayLine.vhd:99]
INFO: [Synth 8-113] binding component instance 'CARRY4_inst' to cell 'CARRY4' [C:/Users/ilpes/TDC_a35t/TDC_a35t_v3/TDC_a35t_v3.srcs/sources_1/imports/src/delayLine.vhd:99]
INFO: [Synth 8-113] binding component instance 'CARRY4_inst' to cell 'CARRY4' [C:/Users/ilpes/TDC_a35t/TDC_a35t_v3/TDC_a35t_v3.srcs/sources_1/imports/src/delayLine.vhd:99]
INFO: [Synth 8-113] binding component instance 'CARRY4_inst' to cell 'CARRY4' [C:/Users/ilpes/TDC_a35t/TDC_a35t_v3/TDC_a35t_v3.srcs/sources_1/imports/src/delayLine.vhd:99]
INFO: [Synth 8-113] binding component instance 'CARRY4_inst' to cell 'CARRY4' [C:/Users/ilpes/TDC_a35t/TDC_a35t_v3/TDC_a35t_v3.srcs/sources_1/imports/src/delayLine.vhd:99]
INFO: [Synth 8-113] binding component instance 'CARRY4_inst' to cell 'CARRY4' [C:/Users/ilpes/TDC_a35t/TDC_a35t_v3/TDC_a35t_v3.srcs/sources_1/imports/src/delayLine.vhd:99]
INFO: [Synth 8-638] synthesizing module 'risingEdgeDetector' [C:/Users/ilpes/TDC_a35t/TDC_a35t_v3/TDC_a35t_v3.srcs/sources_1/imports/src/risingEdgeDetector.vhd:32]
INFO: [Synth 8-256] done synthesizing module 'risingEdgeDetector' (1#1) [C:/Users/ilpes/TDC_a35t/TDC_a35t_v3/TDC_a35t_v3.srcs/sources_1/imports/src/risingEdgeDetector.vhd:32]
INFO: [Synth 8-256] done synthesizing module 'delayLine' (2#1) [C:/Users/ilpes/TDC_a35t/TDC_a35t_v3/TDC_a35t_v3.srcs/sources_1/imports/src/delayLine.vhd:42]
INFO: [Synth 8-638] synthesizing module 'encoder' [C:/Users/ilpes/TDC_a35t/TDC_a35t_v3/TDC_a35t_v3.srcs/sources_1/imports/src/encoder.vhd:43]
	Parameter NTaps bound to: 60 - type: integer 
	Parameter INIT bound to: 64'b0110100110010110100101100110100110010110011010010110100110010110 
INFO: [Synth 8-113] binding component instance 'LUT6_inst0' to cell 'LUT6' [C:/Users/ilpes/TDC_a35t/TDC_a35t_v3/TDC_a35t_v3.srcs/sources_1/imports/src/encoder.vhd:61]
	Parameter INIT bound to: 64'b1000000100010111000101110111111000010111011111100111111011101000 
INFO: [Synth 8-113] binding component instance 'LUT6_inst1' to cell 'LUT6' [C:/Users/ilpes/TDC_a35t/TDC_a35t_v3/TDC_a35t_v3.srcs/sources_1/imports/src/encoder.vhd:75]
	Parameter INIT bound to: 64'b1111111011101000111010001000000011101000100000001000000000000000 
INFO: [Synth 8-113] binding component instance 'LUT6_inst2' to cell 'LUT6' [C:/Users/ilpes/TDC_a35t/TDC_a35t_v3/TDC_a35t_v3.srcs/sources_1/imports/src/encoder.vhd:89]
	Parameter INIT bound to: 64'b0110100110010110100101100110100110010110011010010110100110010110 
INFO: [Synth 8-113] binding component instance 'LUT6_inst0' to cell 'LUT6' [C:/Users/ilpes/TDC_a35t/TDC_a35t_v3/TDC_a35t_v3.srcs/sources_1/imports/src/encoder.vhd:61]
	Parameter INIT bound to: 64'b1000000100010111000101110111111000010111011111100111111011101000 
INFO: [Synth 8-113] binding component instance 'LUT6_inst1' to cell 'LUT6' [C:/Users/ilpes/TDC_a35t/TDC_a35t_v3/TDC_a35t_v3.srcs/sources_1/imports/src/encoder.vhd:75]
	Parameter INIT bound to: 64'b1111111011101000111010001000000011101000100000001000000000000000 
INFO: [Synth 8-113] binding component instance 'LUT6_inst2' to cell 'LUT6' [C:/Users/ilpes/TDC_a35t/TDC_a35t_v3/TDC_a35t_v3.srcs/sources_1/imports/src/encoder.vhd:89]
	Parameter INIT bound to: 64'b0110100110010110100101100110100110010110011010010110100110010110 
INFO: [Synth 8-113] binding component instance 'LUT6_inst0' to cell 'LUT6' [C:/Users/ilpes/TDC_a35t/TDC_a35t_v3/TDC_a35t_v3.srcs/sources_1/imports/src/encoder.vhd:61]
	Parameter INIT bound to: 64'b1000000100010111000101110111111000010111011111100111111011101000 
INFO: [Synth 8-113] binding component instance 'LUT6_inst1' to cell 'LUT6' [C:/Users/ilpes/TDC_a35t/TDC_a35t_v3/TDC_a35t_v3.srcs/sources_1/imports/src/encoder.vhd:75]
	Parameter INIT bound to: 64'b1111111011101000111010001000000011101000100000001000000000000000 
INFO: [Synth 8-113] binding component instance 'LUT6_inst2' to cell 'LUT6' [C:/Users/ilpes/TDC_a35t/TDC_a35t_v3/TDC_a35t_v3.srcs/sources_1/imports/src/encoder.vhd:89]
	Parameter INIT bound to: 64'b0110100110010110100101100110100110010110011010010110100110010110 
INFO: [Synth 8-113] binding component instance 'LUT6_inst0' to cell 'LUT6' [C:/Users/ilpes/TDC_a35t/TDC_a35t_v3/TDC_a35t_v3.srcs/sources_1/imports/src/encoder.vhd:61]
	Parameter INIT bound to: 64'b1000000100010111000101110111111000010111011111100111111011101000 
INFO: [Synth 8-113] binding component instance 'LUT6_inst1' to cell 'LUT6' [C:/Users/ilpes/TDC_a35t/TDC_a35t_v3/TDC_a35t_v3.srcs/sources_1/imports/src/encoder.vhd:75]
	Parameter INIT bound to: 64'b1111111011101000111010001000000011101000100000001000000000000000 
INFO: [Synth 8-113] binding component instance 'LUT6_inst2' to cell 'LUT6' [C:/Users/ilpes/TDC_a35t/TDC_a35t_v3/TDC_a35t_v3.srcs/sources_1/imports/src/encoder.vhd:89]
	Parameter INIT bound to: 64'b0110100110010110100101100110100110010110011010010110100110010110 
INFO: [Synth 8-113] binding component instance 'LUT6_inst0' to cell 'LUT6' [C:/Users/ilpes/TDC_a35t/TDC_a35t_v3/TDC_a35t_v3.srcs/sources_1/imports/src/encoder.vhd:61]
	Parameter INIT bound to: 64'b1000000100010111000101110111111000010111011111100111111011101000 
INFO: [Synth 8-113] binding component instance 'LUT6_inst1' to cell 'LUT6' [C:/Users/ilpes/TDC_a35t/TDC_a35t_v3/TDC_a35t_v3.srcs/sources_1/imports/src/encoder.vhd:75]
	Parameter INIT bound to: 64'b1111111011101000111010001000000011101000100000001000000000000000 
INFO: [Synth 8-113] binding component instance 'LUT6_inst2' to cell 'LUT6' [C:/Users/ilpes/TDC_a35t/TDC_a35t_v3/TDC_a35t_v3.srcs/sources_1/imports/src/encoder.vhd:89]
	Parameter INIT bound to: 64'b0110100110010110100101100110100110010110011010010110100110010110 
INFO: [Synth 8-113] binding component instance 'LUT6_inst0' to cell 'LUT6' [C:/Users/ilpes/TDC_a35t/TDC_a35t_v3/TDC_a35t_v3.srcs/sources_1/imports/src/encoder.vhd:61]
	Parameter INIT bound to: 64'b1000000100010111000101110111111000010111011111100111111011101000 
INFO: [Synth 8-113] binding component instance 'LUT6_inst1' to cell 'LUT6' [C:/Users/ilpes/TDC_a35t/TDC_a35t_v3/TDC_a35t_v3.srcs/sources_1/imports/src/encoder.vhd:75]
	Parameter INIT bound to: 64'b1111111011101000111010001000000011101000100000001000000000000000 
INFO: [Synth 8-113] binding component instance 'LUT6_inst2' to cell 'LUT6' [C:/Users/ilpes/TDC_a35t/TDC_a35t_v3/TDC_a35t_v3.srcs/sources_1/imports/src/encoder.vhd:89]
	Parameter INIT bound to: 64'b0110100110010110100101100110100110010110011010010110100110010110 
INFO: [Synth 8-113] binding component instance 'LUT6_inst0' to cell 'LUT6' [C:/Users/ilpes/TDC_a35t/TDC_a35t_v3/TDC_a35t_v3.srcs/sources_1/imports/src/encoder.vhd:61]
	Parameter INIT bound to: 64'b1000000100010111000101110111111000010111011111100111111011101000 
INFO: [Synth 8-113] binding component instance 'LUT6_inst1' to cell 'LUT6' [C:/Users/ilpes/TDC_a35t/TDC_a35t_v3/TDC_a35t_v3.srcs/sources_1/imports/src/encoder.vhd:75]
	Parameter INIT bound to: 64'b1111111011101000111010001000000011101000100000001000000000000000 
INFO: [Synth 8-113] binding component instance 'LUT6_inst2' to cell 'LUT6' [C:/Users/ilpes/TDC_a35t/TDC_a35t_v3/TDC_a35t_v3.srcs/sources_1/imports/src/encoder.vhd:89]
	Parameter INIT bound to: 64'b0110100110010110100101100110100110010110011010010110100110010110 
INFO: [Synth 8-113] binding component instance 'LUT6_inst0' to cell 'LUT6' [C:/Users/ilpes/TDC_a35t/TDC_a35t_v3/TDC_a35t_v3.srcs/sources_1/imports/src/encoder.vhd:61]
	Parameter INIT bound to: 64'b1000000100010111000101110111111000010111011111100111111011101000 
INFO: [Synth 8-113] binding component instance 'LUT6_inst1' to cell 'LUT6' [C:/Users/ilpes/TDC_a35t/TDC_a35t_v3/TDC_a35t_v3.srcs/sources_1/imports/src/encoder.vhd:75]
	Parameter INIT bound to: 64'b1111111011101000111010001000000011101000100000001000000000000000 
INFO: [Synth 8-113] binding component instance 'LUT6_inst2' to cell 'LUT6' [C:/Users/ilpes/TDC_a35t/TDC_a35t_v3/TDC_a35t_v3.srcs/sources_1/imports/src/encoder.vhd:89]
	Parameter INIT bound to: 64'b0110100110010110100101100110100110010110011010010110100110010110 
INFO: [Synth 8-113] binding component instance 'LUT6_inst0' to cell 'LUT6' [C:/Users/ilpes/TDC_a35t/TDC_a35t_v3/TDC_a35t_v3.srcs/sources_1/imports/src/encoder.vhd:61]
	Parameter INIT bound to: 64'b1000000100010111000101110111111000010111011111100111111011101000 
INFO: [Synth 8-113] binding component instance 'LUT6_inst1' to cell 'LUT6' [C:/Users/ilpes/TDC_a35t/TDC_a35t_v3/TDC_a35t_v3.srcs/sources_1/imports/src/encoder.vhd:75]
	Parameter INIT bound to: 64'b1111111011101000111010001000000011101000100000001000000000000000 
INFO: [Synth 8-113] binding component instance 'LUT6_inst2' to cell 'LUT6' [C:/Users/ilpes/TDC_a35t/TDC_a35t_v3/TDC_a35t_v3.srcs/sources_1/imports/src/encoder.vhd:89]
	Parameter INIT bound to: 64'b0110100110010110100101100110100110010110011010010110100110010110 
INFO: [Synth 8-113] binding component instance 'LUT6_inst0' to cell 'LUT6' [C:/Users/ilpes/TDC_a35t/TDC_a35t_v3/TDC_a35t_v3.srcs/sources_1/imports/src/encoder.vhd:61]
	Parameter INIT bound to: 64'b1000000100010111000101110111111000010111011111100111111011101000 
INFO: [Synth 8-113] binding component instance 'LUT6_inst1' to cell 'LUT6' [C:/Users/ilpes/TDC_a35t/TDC_a35t_v3/TDC_a35t_v3.srcs/sources_1/imports/src/encoder.vhd:75]
	Parameter INIT bound to: 64'b1111111011101000111010001000000011101000100000001000000000000000 
INFO: [Synth 8-113] binding component instance 'LUT6_inst2' to cell 'LUT6' [C:/Users/ilpes/TDC_a35t/TDC_a35t_v3/TDC_a35t_v3.srcs/sources_1/imports/src/encoder.vhd:89]
INFO: [Synth 8-638] synthesizing module 'adderTreeLegacy' [C:/Users/ilpes/TDC_a35t/TDC_a35t_v3/TDC_a35t_v3.srcs/sources_1/imports/sources_1/imports/src/adderTreeLegacy.vhd:48]
	Parameter INPUTS bound to: 10 - type: integer 
	Parameter BITS bound to: 3 - type: integer 
	Parameter LEVEL bound to: 4 - type: integer 
	Parameter Y_OUT_LEN bound to: 7 - type: integer 
INFO: [Synth 8-638] synthesizing module 'adderTreeLegacy__parameterized0' [C:/Users/ilpes/TDC_a35t/TDC_a35t_v3/TDC_a35t_v3.srcs/sources_1/imports/sources_1/imports/src/adderTreeLegacy.vhd:48]
	Parameter INPUTS bound to: 5 - type: integer 
	Parameter BITS bound to: 4 - type: integer 
	Parameter LEVEL bound to: 3 - type: integer 
	Parameter Y_OUT_LEN bound to: 7 - type: integer 
INFO: [Synth 8-638] synthesizing module 'adderTreeLegacy__parameterized1' [C:/Users/ilpes/TDC_a35t/TDC_a35t_v3/TDC_a35t_v3.srcs/sources_1/imports/sources_1/imports/src/adderTreeLegacy.vhd:48]
	Parameter INPUTS bound to: 3 - type: integer 
	Parameter BITS bound to: 5 - type: integer 
	Parameter LEVEL bound to: 2 - type: integer 
	Parameter Y_OUT_LEN bound to: 7 - type: integer 
INFO: [Synth 8-638] synthesizing module 'adderTreeLegacy__parameterized2' [C:/Users/ilpes/TDC_a35t/TDC_a35t_v3/TDC_a35t_v3.srcs/sources_1/imports/sources_1/imports/src/adderTreeLegacy.vhd:48]
	Parameter INPUTS bound to: 2 - type: integer 
	Parameter BITS bound to: 6 - type: integer 
	Parameter LEVEL bound to: 1 - type: integer 
	Parameter Y_OUT_LEN bound to: 7 - type: integer 
INFO: [Synth 8-256] done synthesizing module 'adderTreeLegacy__parameterized2' (3#1) [C:/Users/ilpes/TDC_a35t/TDC_a35t_v3/TDC_a35t_v3.srcs/sources_1/imports/sources_1/imports/src/adderTreeLegacy.vhd:48]
INFO: [Synth 8-256] done synthesizing module 'adderTreeLegacy__parameterized1' (3#1) [C:/Users/ilpes/TDC_a35t/TDC_a35t_v3/TDC_a35t_v3.srcs/sources_1/imports/sources_1/imports/src/adderTreeLegacy.vhd:48]
INFO: [Synth 8-256] done synthesizing module 'adderTreeLegacy__parameterized0' (3#1) [C:/Users/ilpes/TDC_a35t/TDC_a35t_v3/TDC_a35t_v3.srcs/sources_1/imports/sources_1/imports/src/adderTreeLegacy.vhd:48]
INFO: [Synth 8-256] done synthesizing module 'adderTreeLegacy' (3#1) [C:/Users/ilpes/TDC_a35t/TDC_a35t_v3/TDC_a35t_v3.srcs/sources_1/imports/sources_1/imports/src/adderTreeLegacy.vhd:48]
INFO: [Synth 8-256] done synthesizing module 'encoder' (4#1) [C:/Users/ilpes/TDC_a35t/TDC_a35t_v3/TDC_a35t_v3.srcs/sources_1/imports/src/encoder.vhd:43]
INFO: [Synth 8-638] synthesizing module 'counter' [C:/Users/ilpes/TDC_a35t/TDC_a35t_v3/TDC_a35t_v3.srcs/sources_1/imports/src/counter.vhd:35]
	Parameter BITS bound to: 24 - type: integer 
INFO: [Synth 8-256] done synthesizing module 'counter' (5#1) [C:/Users/ilpes/TDC_a35t/TDC_a35t_v3/TDC_a35t_v3.srcs/sources_1/imports/src/counter.vhd:35]
INFO: [Synth 8-6157] synthesizing module 'PLL_A' [C:/Users/ilpes/TDC_a35t/TDC_a35t_v3/TDC_a35t_v3.runs/synth_1/.Xil/Vivado-25272-LAPTOP-IMI5H5SA/realtime/PLL_A_stub.v:5]
INFO: [Synth 8-6155] done synthesizing module 'PLL_A' (6#1) [C:/Users/ilpes/TDC_a35t/TDC_a35t_v3/TDC_a35t_v3.runs/synth_1/.Xil/Vivado-25272-LAPTOP-IMI5H5SA/realtime/PLL_A_stub.v:5]
INFO: [Synth 8-6157] synthesizing module 'PLL_B' [C:/Users/ilpes/TDC_a35t/TDC_a35t_v3/TDC_a35t_v3.runs/synth_1/.Xil/Vivado-25272-LAPTOP-IMI5H5SA/realtime/PLL_B_stub.v:5]
INFO: [Synth 8-6155] done synthesizing module 'PLL_B' (7#1) [C:/Users/ilpes/TDC_a35t/TDC_a35t_v3/TDC_a35t_v3.runs/synth_1/.Xil/Vivado-25272-LAPTOP-IMI5H5SA/realtime/PLL_B_stub.v:5]
INFO: [Synth 8-256] done synthesizing module 'TDCchannel' (8#1) [C:/Users/ilpes/TDC_a35t/TDC_a35t_v3/TDC_a35t_v3.srcs/sources_1/imports/src/TDCchannel.vhd:40]
---------------------------------------------------------------------------------
Finished RTL Elaboration : Time (s): cpu = 00:00:07 ; elapsed = 00:00:07 . Memory (MB): peak = 1237.195 ; gain = 93.598
---------------------------------------------------------------------------------
---------------------------------------------------------------------------------
Start Handling Custom Attributes
---------------------------------------------------------------------------------
---------------------------------------------------------------------------------
Finished Handling Custom Attributes : Time (s): cpu = 00:00:08 ; elapsed = 00:00:08 . Memory (MB): peak = 1255.121 ; gain = 111.523
---------------------------------------------------------------------------------
---------------------------------------------------------------------------------
Finished RTL Optimization Phase 1 : Time (s): cpu = 00:00:08 ; elapsed = 00:00:08 . Memory (MB): peak = 1255.121 ; gain = 111.523
---------------------------------------------------------------------------------
Netlist sorting complete. Time (s): cpu = 00:00:00 ; elapsed = 00:00:00.006 . Memory (MB): peak = 1267.164 ; gain = 0.000
INFO: [Netlist 29-17] Analyzing 15 Unisim elements for replacement
INFO: [Netlist 29-28] Unisim Transformation completed in 0 CPU seconds
INFO: [Project 1-570] Preparing netlist for logic optimization

Processing XDC Constraints
Initializing timing engine
Parsing XDC File [c:/Users/ilpes/TDC_a35t/TDC_a35t_v3/TDC_a35t_v3.gen/sources_1/ip/PLL_A/PLL_A/PLL_A_in_context.xdc] for cell 'plla'
Finished Parsing XDC File [c:/Users/ilpes/TDC_a35t/TDC_a35t_v3/TDC_a35t_v3.gen/sources_1/ip/PLL_A/PLL_A/PLL_A_in_context.xdc] for cell 'plla'
Parsing XDC File [c:/Users/ilpes/TDC_a35t/TDC_a35t_v3/TDC_a35t_v3.gen/sources_1/ip/PLL_B/PLL_B/PLL_B_in_context.xdc] for cell 'pllb'
WARNING: [Constraints 18-619] A clock with name 'clk' already exists, overwriting the previous clock with the same name. [c:/Users/ilpes/TDC_a35t/TDC_a35t_v3/TDC_a35t_v3.gen/sources_1/ip/PLL_B/PLL_B/PLL_B_in_context.xdc:1]
Finished Parsing XDC File [c:/Users/ilpes/TDC_a35t/TDC_a35t_v3/TDC_a35t_v3.gen/sources_1/ip/PLL_B/PLL_B/PLL_B_in_context.xdc] for cell 'pllb'
Parsing XDC File [C:/Users/ilpes/TDC_a35t/TDC_a35t_v3/TDC_a35t_v3.srcs/constrs_1/imports/Downloads/Cmod-A7-Master.xdc]
Finished Parsing XDC File [C:/Users/ilpes/TDC_a35t/TDC_a35t_v3/TDC_a35t_v3.srcs/constrs_1/imports/Downloads/Cmod-A7-Master.xdc]
INFO: [Project 1-236] Implementation specific constraints were found while reading constraint file [C:/Users/ilpes/TDC_a35t/TDC_a35t_v3/TDC_a35t_v3.srcs/constrs_1/imports/Downloads/Cmod-A7-Master.xdc]. These constraints will be ignored for synthesis but will be used in implementation. Impacted constraints are listed in the file [.Xil/TDCchannel_propImpl.xdc].
Resolution: To avoid this warning, move constraints listed in [.Xil/TDCchannel_propImpl.xdc] to another XDC file and exclude this new file from synthesis with the used_in_synthesis property (File Properties dialog in GUI) and re-run elaboration/synthesis.
Completed Processing XDC Constraints

Netlist sorting complete. Time (s): cpu = 00:00:00 ; elapsed = 00:00:00 . Memory (MB): peak = 1354.105 ; gain = 0.000
INFO: [Project 1-111] Unisim Transformation Summary:
No Unisim elements were transformed.

Constraint Validation Runtime : Time (s): cpu = 00:00:00 ; elapsed = 00:00:00.005 . Memory (MB): peak = 1354.105 ; gain = 0.000
---------------------------------------------------------------------------------
Finished Constraint Validation : Time (s): cpu = 00:00:15 ; elapsed = 00:00:16 . Memory (MB): peak = 1354.105 ; gain = 210.508
---------------------------------------------------------------------------------
---------------------------------------------------------------------------------
Start Loading Part and Timing Information
---------------------------------------------------------------------------------
Loading part: xc7a35tcpg236-1
---------------------------------------------------------------------------------
Finished Loading Part and Timing Information : Time (s): cpu = 00:00:15 ; elapsed = 00:00:16 . Memory (MB): peak = 1354.105 ; gain = 210.508
---------------------------------------------------------------------------------
---------------------------------------------------------------------------------
Start Applying 'set_property' XDC Constraints
---------------------------------------------------------------------------------
Applied set_property IO_BUFFER_TYPE = NONE for clk. (constraint file  c:/Users/ilpes/TDC_a35t/TDC_a35t_v3/TDC_a35t_v3.gen/sources_1/ip/PLL_B/PLL_B/PLL_B_in_context.xdc, line 3).
Applied set_property CLOCK_BUFFER_TYPE = NONE for clk. (constraint file  c:/Users/ilpes/TDC_a35t/TDC_a35t_v3/TDC_a35t_v3.gen/sources_1/ip/PLL_B/PLL_B/PLL_B_in_context.xdc, line 4).
Applied set_property KEEP_HIERARCHY = SOFT for plla. (constraint file  auto generated constraint).
Applied set_property KEEP_HIERARCHY = SOFT for pllb. (constraint file  auto generated constraint).
---------------------------------------------------------------------------------
Finished applying 'set_property' XDC Constraints : Time (s): cpu = 00:00:15 ; elapsed = 00:00:16 . Memory (MB): peak = 1354.105 ; gain = 210.508
---------------------------------------------------------------------------------
---------------------------------------------------------------------------------
Finished RTL Optimization Phase 2 : Time (s): cpu = 00:00:15 ; elapsed = 00:00:16 . Memory (MB): peak = 1354.105 ; gain = 210.508
---------------------------------------------------------------------------------
---------------------------------------------------------------------------------
Start RTL Component Statistics 
---------------------------------------------------------------------------------
Detailed RTL Component Info : 
+---Adders : 
	   2 Input   32 Bit       Adders := 1     
	   2 Input    7 Bit       Adders := 1     
	   2 Input    6 Bit       Adders := 1     
	   2 Input    5 Bit       Adders := 2     
	   2 Input    4 Bit       Adders := 5     
+---Registers : 
	               60 Bit    Registers := 2     
	               32 Bit    Registers := 1     
	               30 Bit    Registers := 1     
	               20 Bit    Registers := 1     
	               15 Bit    Registers := 1     
	               12 Bit    Registers := 2     
	                6 Bit    Registers := 1     
	                1 Bit    Registers := 9     
+---Muxes : 
	   2 Input   32 Bit        Muxes := 1     
---------------------------------------------------------------------------------
Finished RTL Component Statistics 
---------------------------------------------------------------------------------
---------------------------------------------------------------------------------
Start Part Resource Summary
---------------------------------------------------------------------------------
Part Resources:
DSPs: 90 (col length:60)
BRAMs: 100 (col length: RAMB18 60 RAMB36 30)
---------------------------------------------------------------------------------
Finished Part Resource Summary
---------------------------------------------------------------------------------
---------------------------------------------------------------------------------
Start Cross Boundary and Area Optimization
---------------------------------------------------------------------------------
---------------------------------------------------------------------------------
Finished Cross Boundary and Area Optimization : Time (s): cpu = 00:00:18 ; elapsed = 00:00:19 . Memory (MB): peak = 1354.105 ; gain = 210.508
---------------------------------------------------------------------------------
---------------------------------------------------------------------------------
Start Applying XDC Timing Constraints
---------------------------------------------------------------------------------
WARNING: [Synth 8-565] redefining clock 'clk'
---------------------------------------------------------------------------------
Finished Applying XDC Timing Constraints : Time (s): cpu = 00:00:25 ; elapsed = 00:00:26 . Memory (MB): peak = 1354.105 ; gain = 210.508
---------------------------------------------------------------------------------
---------------------------------------------------------------------------------
Start Timing Optimization
---------------------------------------------------------------------------------
---------------------------------------------------------------------------------
Finished Timing Optimization : Time (s): cpu = 00:00:25 ; elapsed = 00:00:26 . Memory (MB): peak = 1354.105 ; gain = 210.508
---------------------------------------------------------------------------------
---------------------------------------------------------------------------------
Start Technology Mapping
---------------------------------------------------------------------------------
---------------------------------------------------------------------------------
Finished Technology Mapping : Time (s): cpu = 00:00:25 ; elapsed = 00:00:26 . Memory (MB): peak = 1355.418 ; gain = 211.820
---------------------------------------------------------------------------------
---------------------------------------------------------------------------------
Start IO Insertion
---------------------------------------------------------------------------------
---------------------------------------------------------------------------------
Start Flattening Before IO Insertion
---------------------------------------------------------------------------------
---------------------------------------------------------------------------------
Finished Flattening Before IO Insertion
---------------------------------------------------------------------------------
---------------------------------------------------------------------------------
Start Final Netlist Cleanup
---------------------------------------------------------------------------------
---------------------------------------------------------------------------------
Finished Final Netlist Cleanup
---------------------------------------------------------------------------------
---------------------------------------------------------------------------------
Finished IO Insertion : Time (s): cpu = 00:00:29 ; elapsed = 00:00:31 . Memory (MB): peak = 1355.418 ; gain = 211.820
---------------------------------------------------------------------------------
---------------------------------------------------------------------------------
Start Renaming Generated Instances
---------------------------------------------------------------------------------
---------------------------------------------------------------------------------
Finished Renaming Generated Instances : Time (s): cpu = 00:00:29 ; elapsed = 00:00:31 . Memory (MB): peak = 1355.418 ; gain = 211.820
---------------------------------------------------------------------------------
---------------------------------------------------------------------------------
Start Rebuilding User Hierarchy
---------------------------------------------------------------------------------
---------------------------------------------------------------------------------
Finished Rebuilding User Hierarchy : Time (s): cpu = 00:00:29 ; elapsed = 00:00:31 . Memory (MB): peak = 1355.418 ; gain = 211.820
---------------------------------------------------------------------------------
---------------------------------------------------------------------------------
Start Renaming Generated Ports
---------------------------------------------------------------------------------
---------------------------------------------------------------------------------
Finished Renaming Generated Ports : Time (s): cpu = 00:00:29 ; elapsed = 00:00:31 . Memory (MB): peak = 1355.418 ; gain = 211.820
---------------------------------------------------------------------------------
---------------------------------------------------------------------------------
Start Handling Custom Attributes
---------------------------------------------------------------------------------
---------------------------------------------------------------------------------
Finished Handling Custom Attributes : Time (s): cpu = 00:00:29 ; elapsed = 00:00:31 . Memory (MB): peak = 1355.418 ; gain = 211.820
---------------------------------------------------------------------------------
---------------------------------------------------------------------------------
Start Renaming Generated Nets
---------------------------------------------------------------------------------
---------------------------------------------------------------------------------
Finished Renaming Generated Nets : Time (s): cpu = 00:00:29 ; elapsed = 00:00:31 . Memory (MB): peak = 1355.418 ; gain = 211.820
---------------------------------------------------------------------------------
---------------------------------------------------------------------------------
Start ROM, RAM, DSP, Shift Register and Retiming Reporting
---------------------------------------------------------------------------------

Static Shift Register Report:
+------------+--------------------------------------------------------------------------------------+--------+-------+--------------+--------------------+-------------------+--------+---------+
|Module Name | RTL Name                                                                             | Length | Width | Reset Signal | Pull out first Reg | Pull out last Reg | SRL16E | SRLC32E | 
+------------+--------------------------------------------------------------------------------------+--------+-------+--------------+--------------------+-------------------+--------+---------+
|TDCchannel  | encoder/validOut_reg                                                                 | 5      | 1     | NO           | NO                 | YES               | 1      | 0       | 
|TDCchannel  | encoder/Adder_tree/RECURSE.NEXT_LEVEL/RECURSE.NEXT_LEVEL/RECURSE.NEXT_LEVEL/x_reg[9] | 3      | 4     | NO           | NO                 | YES               | 4      | 0       | 
+------------+--------------------------------------------------------------------------------------+--------+-------+--------------+--------------------+-------------------+--------+---------+

---------------------------------------------------------------------------------
Finished ROM, RAM, DSP, Shift Register and Retiming Reporting
---------------------------------------------------------------------------------
---------------------------------------------------------------------------------
Start Writing Synthesis Report
---------------------------------------------------------------------------------

Report BlackBoxes: 
+------+--------------+----------+
|      |BlackBox name |Instances |
+------+--------------+----------+
|1     |PLL_A         |         1|
|2     |PLL_B         |         1|
+------+--------------+----------+

Report Cell Usage: 
+------+-------+------+
|      |Cell   |Count |
+------+-------+------+
|1     |PLL_A  |     1|
|2     |PLL_B  |     1|
|3     |CARRY4 |    26|
|4     |LUT1   |     1|
|5     |LUT2   |    14|
|6     |LUT3   |     5|
|7     |LUT4   |    15|
|8     |LUT5   |     4|
|9     |LUT6   |    47|
|10    |SRL16E |     5|
|11    |FDCE   |     1|
|12    |FDRE   |   242|
|13    |IBUF   |     2|
|14    |OBUF   |    14|
+------+-------+------+
---------------------------------------------------------------------------------
Finished Writing Synthesis Report : Time (s): cpu = 00:00:29 ; elapsed = 00:00:31 . Memory (MB): peak = 1355.418 ; gain = 211.820
---------------------------------------------------------------------------------
Synthesis finished with 0 errors, 0 critical warnings and 1 warnings.
Synthesis Optimization Runtime : Time (s): cpu = 00:00:20 ; elapsed = 00:00:28 . Memory (MB): peak = 1355.418 ; gain = 112.836
Synthesis Optimization Complete : Time (s): cpu = 00:00:30 ; elapsed = 00:00:31 . Memory (MB): peak = 1355.418 ; gain = 211.820
INFO: [Project 1-571] Translating synthesized netlist
Netlist sorting complete. Time (s): cpu = 00:00:00 ; elapsed = 00:00:00.004 . Memory (MB): peak = 1355.418 ; gain = 0.000
INFO: [Netlist 29-17] Analyzing 26 Unisim elements for replacement
INFO: [Netlist 29-28] Unisim Transformation completed in 0 CPU seconds
INFO: [Project 1-570] Preparing netlist for logic optimization
INFO: [Opt 31-138] Pushed 0 inverter(s) to 0 load pin(s).
Netlist sorting complete. Time (s): cpu = 00:00:00 ; elapsed = 00:00:00 . Memory (MB): peak = 1368.758 ; gain = 0.000
INFO: [Project 1-111] Unisim Transformation Summary:
No Unisim elements were transformed.

INFO: [Common 17-83] Releasing license: Synthesis
84 Infos, 2 Warnings, 0 Critical Warnings and 0 Errors encountered.
synth_design completed successfully
synth_design: Time (s): cpu = 00:00:35 ; elapsed = 00:00:39 . Memory (MB): peak = 1368.758 ; gain = 225.160
INFO: [Common 17-1381] The checkpoint 'C:/Users/ilpes/TDC_a35t/TDC_a35t_v3/TDC_a35t_v3.runs/synth_1/TDCchannel.dcp' has been generated.
INFO: [runtcl-4] Executing : report_utilization -file TDCchannel_utilization_synth.rpt -pb TDCchannel_utilization_synth.pb
INFO: [Common 17-206] Exiting Vivado at Fri Feb 13 12:04:44 2026...
