Copyright 1986-2020 Xilinx, Inc. All Rights Reserved.
--------------------------------------------------------------------------------------------------------------------------------------------------------------------
| Tool Version : Vivado v.2020.2 (win64) Build 3064766 Wed Nov 18 09:12:45 MST 2020
| Date         : Fri Feb 20 13:33:32 2026
| Host         : LAPTOP-IMI5H5SA running 64-bit major release  (build 9200)
| Command      : report_methodology -file TDCchannel_methodology_drc_routed.rpt -pb TDCchannel_methodology_drc_routed.pb -rpx TDCchannel_methodology_drc_routed.rpx
| Design       : TDCchannel
| Device       : xc7a35tcpg236-1
| Speed File   : -1
| Design State : Fully Routed
--------------------------------------------------------------------------------------------------------------------------------------------------------------------

Report Methodology

Table of Contents
-----------------
1. REPORT SUMMARY
2. REPORT DETAILS

1. REPORT SUMMARY
-----------------
            Netlist: netlist
          Floorplan: design_1
      Design limits: <entire design considered>
             Max violations: <unlimited>
             Violations found: 81
+-----------+------------------+------------------------------------------------------------------+------------+
| Rule      | Severity         | Description                                                      | Violations |
+-----------+------------------+------------------------------------------------------------------+------------+
| TIMING-2  | Critical Warning | Invalid primary clock source pin                                 | 1          |
| TIMING-6  | Critical Warning | No common primary clock between related clocks                   | 4          |
| TIMING-7  | Critical Warning | No common node between related clocks                            | 2          |
| TIMING-8  | Critical Warning | No common period between related clocks                          | 1          |
| TIMING-14 | Critical Warning | LUT on the clock tree                                            | 1          |
| LUTAR-1   | Warning          | LUT drives async reset alert                                     | 1          |
| TIMING-16 | Warning          | Large setup violation                                            | 68         |
| TIMING-23 | Warning          | Combinational loop found                                         | 1          |
| TIMING-56 | Warning          | Missing logically or physically excluded clock groups constraint | 2          |
+-----------+------------------+------------------------------------------------------------------+------------+

2. REPORT DETAILS
-----------------
TIMING-2#1 Critical Warning
Invalid primary clock source pin  
A primary clock clk_ro_virtual is created on an inappropriate pin ro/nodes_orig0__64/O. It is recommended to create a primary clock only on a proper clock source (input port or primitive output pin with no timing arc)
Related violations: <none>

TIMING-6#1 Critical Warning
No common primary clock between related clocks  
The clocks clk_out1_PLL_A and clk_out1_PLL_A_1 are related (timed together) but they have no common primary clock. The design could fail in hardware. To find a timing path between these clocks, run the following command: report_timing -from [get_clocks clk_out1_PLL_A] -to [get_clocks clk_out1_PLL_A_1]
Related violations: <none>

TIMING-6#2 Critical Warning
No common primary clock between related clocks  
The clocks clk_out1_PLL_A_1 and clk_out1_PLL_A are related (timed together) but they have no common primary clock. The design could fail in hardware. To find a timing path between these clocks, run the following command: report_timing -from [get_clocks clk_out1_PLL_A_1] -to [get_clocks clk_out1_PLL_A]
Related violations: <none>

TIMING-6#3 Critical Warning
No common primary clock between related clocks  
The clocks clk_ro_virtual and clk_out1_PLL_A are related (timed together) but they have no common primary clock. The design could fail in hardware. To find a timing path between these clocks, run the following command: report_timing -from [get_clocks clk_ro_virtual] -to [get_clocks clk_out1_PLL_A]
Related violations: <none>

TIMING-6#4 Critical Warning
No common primary clock between related clocks  
The clocks clk_ro_virtual and clk_out1_PLL_A_1 are related (timed together) but they have no common primary clock. The design could fail in hardware. To find a timing path between these clocks, run the following command: report_timing -from [get_clocks clk_ro_virtual] -to [get_clocks clk_out1_PLL_A_1]
Related violations: <none>

TIMING-7#1 Critical Warning
No common node between related clocks  
The clocks clk_ro_virtual and clk_out1_PLL_A are related (timed together) but they have no common node. The design could fail in hardware. To find a timing path between these clocks, run the following command: report_timing -from [get_clocks clk_ro_virtual] -to [get_clocks clk_out1_PLL_A]
Related violations: <none>

TIMING-7#2 Critical Warning
No common node between related clocks  
The clocks clk_ro_virtual and clk_out1_PLL_A_1 are related (timed together) but they have no common node. The design could fail in hardware. To find a timing path between these clocks, run the following command: report_timing -from [get_clocks clk_ro_virtual] -to [get_clocks clk_out1_PLL_A_1]
Related violations: <none>

TIMING-8#1 Critical Warning
No common period between related clocks  
The clocks clk_ro_virtual and clk_out1_PLL_A_1 are found related (timed together) but have no common (expandable) period
Related violations: <none>

TIMING-14#1 Critical Warning
LUT on the clock tree  
The LUT ro/nodes_orig0__64 has been found on the clock tree. Run opt_design to optimize the clock trees, then re-run report_methodology. If LUT(s) are still present in the clock trees, modify the RTL or the synthesis options accordingly to move the clock gating logic to dedicated clock enable resources. Keep in mind that post-opt_design database cannot be used for pin-planning tasks
Related violations: <none>

LUTAR-1#1 Warning
LUT drives async reset alert  
LUT cell Delay_line/hitQ_i_1, with 2 or more inputs, drives asynchronous preset/clear pin(s) Delay_line/hitQ_reg/CLR. The LUT may glitch and trigger an unexpected reset, even if it is a properly timed path.
Related violations: <none>

TIMING-16#1 Warning
Large setup violation  
There is a large setup violation of -1.023 ns between Delay_line/hitQ_reg/C (clocked by clk_ro_virtual) and Delay_line/metaThermo_reg[30]/D (clocked by clk_out1_PLL_A_1). Large setup violations at the end of those stages might be difficult to fix during the post-placement implementation flow and could be the result of non-optimal XDC constraints or non-optimal design architecture
Related violations: <none>

TIMING-16#2 Warning
Large setup violation  
There is a large setup violation of -1.038 ns between Delay_line/hitQ_reg/C (clocked by clk_ro_virtual) and Delay_line/metaThermo_reg[27]/D (clocked by clk_out1_PLL_A_1). Large setup violations at the end of those stages might be difficult to fix during the post-placement implementation flow and could be the result of non-optimal XDC constraints or non-optimal design architecture
Related violations: <none>

TIMING-16#3 Warning
Large setup violation  
There is a large setup violation of -1.066 ns between Delay_line/hitQ_reg/C (clocked by clk_ro_virtual) and Delay_line/metaThermo_reg[28]/D (clocked by clk_out1_PLL_A_1). Large setup violations at the end of those stages might be difficult to fix during the post-placement implementation flow and could be the result of non-optimal XDC constraints or non-optimal design architecture
Related violations: <none>

TIMING-16#4 Warning
Large setup violation  
There is a large setup violation of -1.066 ns between Delay_line/hitQ_reg/C (clocked by clk_ro_virtual) and Delay_line/metaThermo_reg[33]/D (clocked by clk_out1_PLL_A_1). Large setup violations at the end of those stages might be difficult to fix during the post-placement implementation flow and could be the result of non-optimal XDC constraints or non-optimal design architecture
Related violations: <none>

TIMING-16#5 Warning
Large setup violation  
There is a large setup violation of -1.137 ns between Delay_line/hitQ_reg/C (clocked by clk_ro_virtual) and Delay_line/metaThermo_reg[34]/D (clocked by clk_out1_PLL_A_1). Large setup violations at the end of those stages might be difficult to fix during the post-placement implementation flow and could be the result of non-optimal XDC constraints or non-optimal design architecture
Related violations: <none>

TIMING-16#6 Warning
Large setup violation  
There is a large setup violation of -1.153 ns between Delay_line/hitQ_reg/C (clocked by clk_ro_virtual) and Delay_line/metaThermo_reg[31]/D (clocked by clk_out1_PLL_A_1). Large setup violations at the end of those stages might be difficult to fix during the post-placement implementation flow and could be the result of non-optimal XDC constraints or non-optimal design architecture
Related violations: <none>

TIMING-16#7 Warning
Large setup violation  
There is a large setup violation of -1.180 ns between Delay_line/hitQ_reg/C (clocked by clk_ro_virtual) and Delay_line/metaThermo_reg[32]/D (clocked by clk_out1_PLL_A_1). Large setup violations at the end of those stages might be difficult to fix during the post-placement implementation flow and could be the result of non-optimal XDC constraints or non-optimal design architecture
Related violations: <none>

TIMING-16#8 Warning
Large setup violation  
There is a large setup violation of -1.181 ns between Delay_line/hitQ_reg/C (clocked by clk_ro_virtual) and Delay_line/metaThermo_reg[37]/D (clocked by clk_out1_PLL_A_1). Large setup violations at the end of those stages might be difficult to fix during the post-placement implementation flow and could be the result of non-optimal XDC constraints or non-optimal design architecture
Related violations: <none>

TIMING-16#9 Warning
Large setup violation  
There is a large setup violation of -1.252 ns between Delay_line/hitQ_reg/C (clocked by clk_ro_virtual) and Delay_line/metaThermo_reg[38]/D (clocked by clk_out1_PLL_A_1). Large setup violations at the end of those stages might be difficult to fix during the post-placement implementation flow and could be the result of non-optimal XDC constraints or non-optimal design architecture
Related violations: <none>

TIMING-16#10 Warning
Large setup violation  
There is a large setup violation of -1.267 ns between Delay_line/hitQ_reg/C (clocked by clk_ro_virtual) and Delay_line/metaThermo_reg[35]/D (clocked by clk_out1_PLL_A_1). Large setup violations at the end of those stages might be difficult to fix during the post-placement implementation flow and could be the result of non-optimal XDC constraints or non-optimal design architecture
Related violations: <none>

TIMING-16#11 Warning
Large setup violation  
There is a large setup violation of -1.295 ns between Delay_line/hitQ_reg/C (clocked by clk_ro_virtual) and Delay_line/metaThermo_reg[36]/D (clocked by clk_out1_PLL_A_1). Large setup violations at the end of those stages might be difficult to fix during the post-placement implementation flow and could be the result of non-optimal XDC constraints or non-optimal design architecture
Related violations: <none>

TIMING-16#12 Warning
Large setup violation  
There is a large setup violation of -1.295 ns between Delay_line/hitQ_reg/C (clocked by clk_ro_virtual) and Delay_line/metaThermo_reg[41]/D (clocked by clk_out1_PLL_A_1). Large setup violations at the end of those stages might be difficult to fix during the post-placement implementation flow and could be the result of non-optimal XDC constraints or non-optimal design architecture
Related violations: <none>

TIMING-16#13 Warning
Large setup violation  
There is a large setup violation of -1.366 ns between Delay_line/hitQ_reg/C (clocked by clk_ro_virtual) and Delay_line/metaThermo_reg[42]/D (clocked by clk_out1_PLL_A_1). Large setup violations at the end of those stages might be difficult to fix during the post-placement implementation flow and could be the result of non-optimal XDC constraints or non-optimal design architecture
Related violations: <none>

TIMING-16#14 Warning
Large setup violation  
There is a large setup violation of -1.382 ns between Delay_line/hitQ_reg/C (clocked by clk_ro_virtual) and Delay_line/metaThermo_reg[39]/D (clocked by clk_out1_PLL_A_1). Large setup violations at the end of those stages might be difficult to fix during the post-placement implementation flow and could be the result of non-optimal XDC constraints or non-optimal design architecture
Related violations: <none>

TIMING-16#15 Warning
Large setup violation  
There is a large setup violation of -1.409 ns between Delay_line/hitQ_reg/C (clocked by clk_ro_virtual) and Delay_line/metaThermo_reg[40]/D (clocked by clk_out1_PLL_A_1). Large setup violations at the end of those stages might be difficult to fix during the post-placement implementation flow and could be the result of non-optimal XDC constraints or non-optimal design architecture
Related violations: <none>

TIMING-16#16 Warning
Large setup violation  
There is a large setup violation of -1.410 ns between Delay_line/hitQ_reg/C (clocked by clk_ro_virtual) and Delay_line/metaThermo_reg[45]/D (clocked by clk_out1_PLL_A_1). Large setup violations at the end of those stages might be difficult to fix during the post-placement implementation flow and could be the result of non-optimal XDC constraints or non-optimal design architecture
Related violations: <none>

TIMING-16#17 Warning
Large setup violation  
There is a large setup violation of -1.481 ns between Delay_line/hitQ_reg/C (clocked by clk_ro_virtual) and Delay_line/metaThermo_reg[46]/D (clocked by clk_out1_PLL_A_1). Large setup violations at the end of those stages might be difficult to fix during the post-placement implementation flow and could be the result of non-optimal XDC constraints or non-optimal design architecture
Related violations: <none>

TIMING-16#18 Warning
Large setup violation  
There is a large setup violation of -1.496 ns between Delay_line/hitQ_reg/C (clocked by clk_ro_virtual) and Delay_line/metaThermo_reg[43]/D (clocked by clk_out1_PLL_A_1). Large setup violations at the end of those stages might be difficult to fix during the post-placement implementation flow and could be the result of non-optimal XDC constraints or non-optimal design architecture
Related violations: <none>

TIMING-16#19 Warning
Large setup violation  
There is a large setup violation of -1.524 ns between Delay_line/hitQ_reg/C (clocked by clk_ro_virtual) and Delay_line/metaThermo_reg[44]/D (clocked by clk_out1_PLL_A_1). Large setup violations at the end of those stages might be difficult to fix during the post-placement implementation flow and could be the result of non-optimal XDC constraints or non-optimal design architecture
Related violations: <none>

TIMING-16#20 Warning
Large setup violation  
There is a large setup violation of -1.525 ns between Delay_line/hitQ_reg/C (clocked by clk_ro_virtual) and Delay_line/metaThermo_reg[49]/D (clocked by clk_out1_PLL_A_1). Large setup violations at the end of those stages might be difficult to fix during the post-placement implementation flow and could be the result of non-optimal XDC constraints or non-optimal design architecture
Related violations: <none>

TIMING-16#21 Warning
Large setup violation  
There is a large setup violation of -1.596 ns between Delay_line/hitQ_reg/C (clocked by clk_ro_virtual) and Delay_line/metaThermo_reg[50]/D (clocked by clk_out1_PLL_A_1). Large setup violations at the end of those stages might be difficult to fix during the post-placement implementation flow and could be the result of non-optimal XDC constraints or non-optimal design architecture
Related violations: <none>

TIMING-16#22 Warning
Large setup violation  
There is a large setup violation of -1.611 ns between Delay_line/hitQ_reg/C (clocked by clk_ro_virtual) and Delay_line/metaThermo_reg[47]/D (clocked by clk_out1_PLL_A_1). Large setup violations at the end of those stages might be difficult to fix during the post-placement implementation flow and could be the result of non-optimal XDC constraints or non-optimal design architecture
Related violations: <none>

TIMING-16#23 Warning
Large setup violation  
There is a large setup violation of -1.639 ns between Delay_line/hitQ_reg/C (clocked by clk_ro_virtual) and Delay_line/metaThermo_reg[48]/D (clocked by clk_out1_PLL_A_1). Large setup violations at the end of those stages might be difficult to fix during the post-placement implementation flow and could be the result of non-optimal XDC constraints or non-optimal design architecture
Related violations: <none>

TIMING-16#24 Warning
Large setup violation  
There is a large setup violation of -1.640 ns between Delay_line/hitQ_reg/C (clocked by clk_ro_virtual) and Delay_line/metaThermo_reg[53]/D (clocked by clk_out1_PLL_A_1). Large setup violations at the end of those stages might be difficult to fix during the post-placement implementation flow and could be the result of non-optimal XDC constraints or non-optimal design architecture
Related violations: <none>

TIMING-16#25 Warning
Large setup violation  
There is a large setup violation of -1.711 ns between Delay_line/hitQ_reg/C (clocked by clk_ro_virtual) and Delay_line/metaThermo_reg[54]/D (clocked by clk_out1_PLL_A_1). Large setup violations at the end of those stages might be difficult to fix during the post-placement implementation flow and could be the result of non-optimal XDC constraints or non-optimal design architecture
Related violations: <none>

TIMING-16#26 Warning
Large setup violation  
There is a large setup violation of -1.726 ns between Delay_line/hitQ_reg/C (clocked by clk_ro_virtual) and Delay_line/metaThermo_reg[51]/D (clocked by clk_out1_PLL_A_1). Large setup violations at the end of those stages might be difficult to fix during the post-placement implementation flow and could be the result of non-optimal XDC constraints or non-optimal design architecture
Related violations: <none>

TIMING-16#27 Warning
Large setup violation  
There is a large setup violation of -1.754 ns between Delay_line/hitQ_reg/C (clocked by clk_ro_virtual) and Delay_line/metaThermo_reg[52]/D (clocked by clk_out1_PLL_A_1). Large setup violations at the end of those stages might be difficult to fix during the post-placement implementation flow and could be the result of non-optimal XDC constraints or non-optimal design architecture
Related violations: <none>

TIMING-16#28 Warning
Large setup violation  
There is a large setup violation of -1.754 ns between Delay_line/hitQ_reg/C (clocked by clk_ro_virtual) and Delay_line/metaThermo_reg[57]/D (clocked by clk_out1_PLL_A_1). Large setup violations at the end of those stages might be difficult to fix during the post-placement implementation flow and could be the result of non-optimal XDC constraints or non-optimal design architecture
Related violations: <none>

TIMING-16#29 Warning
Large setup violation  
There is a large setup violation of -1.825 ns between Delay_line/hitQ_reg/C (clocked by clk_ro_virtual) and Delay_line/metaThermo_reg[58]/D (clocked by clk_out1_PLL_A_1). Large setup violations at the end of those stages might be difficult to fix during the post-placement implementation flow and could be the result of non-optimal XDC constraints or non-optimal design architecture
Related violations: <none>

TIMING-16#30 Warning
Large setup violation  
There is a large setup violation of -1.841 ns between Delay_line/hitQ_reg/C (clocked by clk_ro_virtual) and Delay_line/metaThermo_reg[55]/D (clocked by clk_out1_PLL_A_1). Large setup violations at the end of those stages might be difficult to fix during the post-placement implementation flow and could be the result of non-optimal XDC constraints or non-optimal design architecture
Related violations: <none>

TIMING-16#31 Warning
Large setup violation  
There is a large setup violation of -1.868 ns between Delay_line/hitQ_reg/C (clocked by clk_ro_virtual) and Delay_line/metaThermo_reg[56]/D (clocked by clk_out1_PLL_A_1). Large setup violations at the end of those stages might be difficult to fix during the post-placement implementation flow and could be the result of non-optimal XDC constraints or non-optimal design architecture
Related violations: <none>

TIMING-16#32 Warning
Large setup violation  
There is a large setup violation of -1.869 ns between Delay_line/hitQ_reg/C (clocked by clk_ro_virtual) and Delay_line/metaThermo_reg[61]/D (clocked by clk_out1_PLL_A_1). Large setup violations at the end of those stages might be difficult to fix during the post-placement implementation flow and could be the result of non-optimal XDC constraints or non-optimal design architecture
Related violations: <none>

TIMING-16#33 Warning
Large setup violation  
There is a large setup violation of -1.940 ns between Delay_line/hitQ_reg/C (clocked by clk_ro_virtual) and Delay_line/metaThermo_reg[62]/D (clocked by clk_out1_PLL_A_1). Large setup violations at the end of those stages might be difficult to fix during the post-placement implementation flow and could be the result of non-optimal XDC constraints or non-optimal design architecture
Related violations: <none>

TIMING-16#34 Warning
Large setup violation  
There is a large setup violation of -1.955 ns between Delay_line/hitQ_reg/C (clocked by clk_ro_virtual) and Delay_line/metaThermo_reg[59]/D (clocked by clk_out1_PLL_A_1). Large setup violations at the end of those stages might be difficult to fix during the post-placement implementation flow and could be the result of non-optimal XDC constraints or non-optimal design architecture
Related violations: <none>

TIMING-16#35 Warning
Large setup violation  
There is a large setup violation of -1.983 ns between Delay_line/hitQ_reg/C (clocked by clk_ro_virtual) and Delay_line/metaThermo_reg[60]/D (clocked by clk_out1_PLL_A_1). Large setup violations at the end of those stages might be difficult to fix during the post-placement implementation flow and could be the result of non-optimal XDC constraints or non-optimal design architecture
Related violations: <none>

TIMING-16#36 Warning
Large setup violation  
There is a large setup violation of -1.984 ns between Delay_line/hitQ_reg/C (clocked by clk_ro_virtual) and Delay_line/metaThermo_reg[65]/D (clocked by clk_out1_PLL_A_1). Large setup violations at the end of those stages might be difficult to fix during the post-placement implementation flow and could be the result of non-optimal XDC constraints or non-optimal design architecture
Related violations: <none>

TIMING-16#37 Warning
Large setup violation  
There is a large setup violation of -2.055 ns between Delay_line/hitQ_reg/C (clocked by clk_ro_virtual) and Delay_line/metaThermo_reg[66]/D (clocked by clk_out1_PLL_A_1). Large setup violations at the end of those stages might be difficult to fix during the post-placement implementation flow and could be the result of non-optimal XDC constraints or non-optimal design architecture
Related violations: <none>

TIMING-16#38 Warning
Large setup violation  
There is a large setup violation of -2.070 ns between Delay_line/hitQ_reg/C (clocked by clk_ro_virtual) and Delay_line/metaThermo_reg[63]/D (clocked by clk_out1_PLL_A_1). Large setup violations at the end of those stages might be difficult to fix during the post-placement implementation flow and could be the result of non-optimal XDC constraints or non-optimal design architecture
Related violations: <none>

TIMING-16#39 Warning
Large setup violation  
There is a large setup violation of -2.098 ns between Delay_line/hitQ_reg/C (clocked by clk_ro_virtual) and Delay_line/metaThermo_reg[64]/D (clocked by clk_out1_PLL_A_1). Large setup violations at the end of those stages might be difficult to fix during the post-placement implementation flow and could be the result of non-optimal XDC constraints or non-optimal design architecture
Related violations: <none>

TIMING-16#40 Warning
Large setup violation  
There is a large setup violation of -2.099 ns between Delay_line/hitQ_reg/C (clocked by clk_ro_virtual) and Delay_line/metaThermo_reg[69]/D (clocked by clk_out1_PLL_A_1). Large setup violations at the end of those stages might be difficult to fix during the post-placement implementation flow and could be the result of non-optimal XDC constraints or non-optimal design architecture
Related violations: <none>

TIMING-16#41 Warning
Large setup violation  
There is a large setup violation of -2.170 ns between Delay_line/hitQ_reg/C (clocked by clk_ro_virtual) and Delay_line/metaThermo_reg[70]/D (clocked by clk_out1_PLL_A_1). Large setup violations at the end of those stages might be difficult to fix during the post-placement implementation flow and could be the result of non-optimal XDC constraints or non-optimal design architecture
Related violations: <none>

TIMING-16#42 Warning
Large setup violation  
There is a large setup violation of -2.185 ns between Delay_line/hitQ_reg/C (clocked by clk_ro_virtual) and Delay_line/metaThermo_reg[67]/D (clocked by clk_out1_PLL_A_1). Large setup violations at the end of those stages might be difficult to fix during the post-placement implementation flow and could be the result of non-optimal XDC constraints or non-optimal design architecture
Related violations: <none>

TIMING-16#43 Warning
Large setup violation  
There is a large setup violation of -2.213 ns between Delay_line/hitQ_reg/C (clocked by clk_ro_virtual) and Delay_line/metaThermo_reg[68]/D (clocked by clk_out1_PLL_A_1). Large setup violations at the end of those stages might be difficult to fix during the post-placement implementation flow and could be the result of non-optimal XDC constraints or non-optimal design architecture
Related violations: <none>

TIMING-16#44 Warning
Large setup violation  
There is a large setup violation of -2.215 ns between Delay_line/hitQ_reg/C (clocked by clk_ro_virtual) and Delay_line/metaThermo_reg[73]/D (clocked by clk_out1_PLL_A_1). Large setup violations at the end of those stages might be difficult to fix during the post-placement implementation flow and could be the result of non-optimal XDC constraints or non-optimal design architecture
Related violations: <none>

TIMING-16#45 Warning
Large setup violation  
There is a large setup violation of -2.286 ns between Delay_line/hitQ_reg/C (clocked by clk_ro_virtual) and Delay_line/metaThermo_reg[74]/D (clocked by clk_out1_PLL_A_1). Large setup violations at the end of those stages might be difficult to fix during the post-placement implementation flow and could be the result of non-optimal XDC constraints or non-optimal design architecture
Related violations: <none>

TIMING-16#46 Warning
Large setup violation  
There is a large setup violation of -2.300 ns between Delay_line/hitQ_reg/C (clocked by clk_ro_virtual) and Delay_line/metaThermo_reg[71]/D (clocked by clk_out1_PLL_A_1). Large setup violations at the end of those stages might be difficult to fix during the post-placement implementation flow and could be the result of non-optimal XDC constraints or non-optimal design architecture
Related violations: <none>

TIMING-16#47 Warning
Large setup violation  
There is a large setup violation of -2.329 ns between Delay_line/hitQ_reg/C (clocked by clk_ro_virtual) and Delay_line/metaThermo_reg[72]/D (clocked by clk_out1_PLL_A_1). Large setup violations at the end of those stages might be difficult to fix during the post-placement implementation flow and could be the result of non-optimal XDC constraints or non-optimal design architecture
Related violations: <none>

TIMING-16#48 Warning
Large setup violation  
There is a large setup violation of -2.330 ns between Delay_line/hitQ_reg/C (clocked by clk_ro_virtual) and Delay_line/metaThermo_reg[77]/D (clocked by clk_out1_PLL_A_1). Large setup violations at the end of those stages might be difficult to fix during the post-placement implementation flow and could be the result of non-optimal XDC constraints or non-optimal design architecture
Related violations: <none>

TIMING-16#49 Warning
Large setup violation  
There is a large setup violation of -2.401 ns between Delay_line/hitQ_reg/C (clocked by clk_ro_virtual) and Delay_line/metaThermo_reg[78]/D (clocked by clk_out1_PLL_A_1). Large setup violations at the end of those stages might be difficult to fix during the post-placement implementation flow and could be the result of non-optimal XDC constraints or non-optimal design architecture
Related violations: <none>

TIMING-16#50 Warning
Large setup violation  
There is a large setup violation of -2.416 ns between Delay_line/hitQ_reg/C (clocked by clk_ro_virtual) and Delay_line/metaThermo_reg[75]/D (clocked by clk_out1_PLL_A_1). Large setup violations at the end of those stages might be difficult to fix during the post-placement implementation flow and could be the result of non-optimal XDC constraints or non-optimal design architecture
Related violations: <none>

TIMING-16#51 Warning
Large setup violation  
There is a large setup violation of -2.444 ns between Delay_line/hitQ_reg/C (clocked by clk_ro_virtual) and Delay_line/metaThermo_reg[76]/D (clocked by clk_out1_PLL_A_1). Large setup violations at the end of those stages might be difficult to fix during the post-placement implementation flow and could be the result of non-optimal XDC constraints or non-optimal design architecture
Related violations: <none>

TIMING-16#52 Warning
Large setup violation  
There is a large setup violation of -2.444 ns between Delay_line/hitQ_reg/C (clocked by clk_ro_virtual) and Delay_line/metaThermo_reg[81]/D (clocked by clk_out1_PLL_A_1). Large setup violations at the end of those stages might be difficult to fix during the post-placement implementation flow and could be the result of non-optimal XDC constraints or non-optimal design architecture
Related violations: <none>

TIMING-16#53 Warning
Large setup violation  
There is a large setup violation of -2.515 ns between Delay_line/hitQ_reg/C (clocked by clk_ro_virtual) and Delay_line/metaThermo_reg[82]/D (clocked by clk_out1_PLL_A_1). Large setup violations at the end of those stages might be difficult to fix during the post-placement implementation flow and could be the result of non-optimal XDC constraints or non-optimal design architecture
Related violations: <none>

TIMING-16#54 Warning
Large setup violation  
There is a large setup violation of -2.531 ns between Delay_line/hitQ_reg/C (clocked by clk_ro_virtual) and Delay_line/metaThermo_reg[79]/D (clocked by clk_out1_PLL_A_1). Large setup violations at the end of those stages might be difficult to fix during the post-placement implementation flow and could be the result of non-optimal XDC constraints or non-optimal design architecture
Related violations: <none>

TIMING-16#55 Warning
Large setup violation  
There is a large setup violation of -2.558 ns between Delay_line/hitQ_reg/C (clocked by clk_ro_virtual) and Delay_line/metaThermo_reg[80]/D (clocked by clk_out1_PLL_A_1). Large setup violations at the end of those stages might be difficult to fix during the post-placement implementation flow and could be the result of non-optimal XDC constraints or non-optimal design architecture
Related violations: <none>

TIMING-16#56 Warning
Large setup violation  
There is a large setup violation of -2.559 ns between Delay_line/hitQ_reg/C (clocked by clk_ro_virtual) and Delay_line/metaThermo_reg[85]/D (clocked by clk_out1_PLL_A_1). Large setup violations at the end of those stages might be difficult to fix during the post-placement implementation flow and could be the result of non-optimal XDC constraints or non-optimal design architecture
Related violations: <none>

TIMING-16#57 Warning
Large setup violation  
There is a large setup violation of -2.630 ns between Delay_line/hitQ_reg/C (clocked by clk_ro_virtual) and Delay_line/metaThermo_reg[86]/D (clocked by clk_out1_PLL_A_1). Large setup violations at the end of those stages might be difficult to fix during the post-placement implementation flow and could be the result of non-optimal XDC constraints or non-optimal design architecture
Related violations: <none>

TIMING-16#58 Warning
Large setup violation  
There is a large setup violation of -2.645 ns between Delay_line/hitQ_reg/C (clocked by clk_ro_virtual) and Delay_line/metaThermo_reg[83]/D (clocked by clk_out1_PLL_A_1). Large setup violations at the end of those stages might be difficult to fix during the post-placement implementation flow and could be the result of non-optimal XDC constraints or non-optimal design architecture
Related violations: <none>

TIMING-16#59 Warning
Large setup violation  
There is a large setup violation of -2.655 ns between Delay_line/hitQ_reg/C (clocked by clk_ro_virtual) and Delay_line/metaThermo_reg[95]/D (clocked by clk_out1_PLL_A_1). Large setup violations at the end of those stages might be difficult to fix during the post-placement implementation flow and could be the result of non-optimal XDC constraints or non-optimal design architecture
Related violations: <none>

TIMING-16#60 Warning
Large setup violation  
There is a large setup violation of -2.673 ns between Delay_line/hitQ_reg/C (clocked by clk_ro_virtual) and Delay_line/metaThermo_reg[84]/D (clocked by clk_out1_PLL_A_1). Large setup violations at the end of those stages might be difficult to fix during the post-placement implementation flow and could be the result of non-optimal XDC constraints or non-optimal design architecture
Related violations: <none>

TIMING-16#61 Warning
Large setup violation  
There is a large setup violation of -2.675 ns between Delay_line/hitQ_reg/C (clocked by clk_ro_virtual) and Delay_line/metaThermo_reg[89]/D (clocked by clk_out1_PLL_A_1). Large setup violations at the end of those stages might be difficult to fix during the post-placement implementation flow and could be the result of non-optimal XDC constraints or non-optimal design architecture
Related violations: <none>

TIMING-16#62 Warning
Large setup violation  
There is a large setup violation of -2.746 ns between Delay_line/hitQ_reg/C (clocked by clk_ro_virtual) and Delay_line/metaThermo_reg[90]/D (clocked by clk_out1_PLL_A_1). Large setup violations at the end of those stages might be difficult to fix during the post-placement implementation flow and could be the result of non-optimal XDC constraints or non-optimal design architecture
Related violations: <none>

TIMING-16#63 Warning
Large setup violation  
There is a large setup violation of -2.760 ns between Delay_line/hitQ_reg/C (clocked by clk_ro_virtual) and Delay_line/metaThermo_reg[87]/D (clocked by clk_out1_PLL_A_1). Large setup violations at the end of those stages might be difficult to fix during the post-placement implementation flow and could be the result of non-optimal XDC constraints or non-optimal design architecture
Related violations: <none>

TIMING-16#64 Warning
Large setup violation  
There is a large setup violation of -2.789 ns between Delay_line/hitQ_reg/C (clocked by clk_ro_virtual) and Delay_line/metaThermo_reg[88]/D (clocked by clk_out1_PLL_A_1). Large setup violations at the end of those stages might be difficult to fix during the post-placement implementation flow and could be the result of non-optimal XDC constraints or non-optimal design architecture
Related violations: <none>

TIMING-16#65 Warning
Large setup violation  
There is a large setup violation of -2.790 ns between Delay_line/hitQ_reg/C (clocked by clk_ro_virtual) and Delay_line/metaThermo_reg[93]/D (clocked by clk_out1_PLL_A_1). Large setup violations at the end of those stages might be difficult to fix during the post-placement implementation flow and could be the result of non-optimal XDC constraints or non-optimal design architecture
Related violations: <none>

TIMING-16#66 Warning
Large setup violation  
There is a large setup violation of -2.861 ns between Delay_line/hitQ_reg/C (clocked by clk_ro_virtual) and Delay_line/metaThermo_reg[94]/D (clocked by clk_out1_PLL_A_1). Large setup violations at the end of those stages might be difficult to fix during the post-placement implementation flow and could be the result of non-optimal XDC constraints or non-optimal design architecture
Related violations: <none>

TIMING-16#67 Warning
Large setup violation  
There is a large setup violation of -2.876 ns between Delay_line/hitQ_reg/C (clocked by clk_ro_virtual) and Delay_line/metaThermo_reg[91]/D (clocked by clk_out1_PLL_A_1). Large setup violations at the end of those stages might be difficult to fix during the post-placement implementation flow and could be the result of non-optimal XDC constraints or non-optimal design architecture
Related violations: <none>

TIMING-16#68 Warning
Large setup violation  
There is a large setup violation of -2.904 ns between Delay_line/hitQ_reg/C (clocked by clk_ro_virtual) and Delay_line/metaThermo_reg[92]/D (clocked by clk_out1_PLL_A_1). Large setup violations at the end of those stages might be difficult to fix during the post-placement implementation flow and could be the result of non-optimal XDC constraints or non-optimal design architecture
Related violations: <none>

TIMING-23#1 Warning
Combinational loop found  
A timing loop has been detected on a combinational path. A timing arc has been disabled between ro/nodes_inferred_i_31/I0 and ro/nodes_inferred_i_31/O to disable the timing loop
Related violations: <none>

TIMING-56#1 Warning
Missing logically or physically excluded clock groups constraint  
Multiple clocks are user generated or auto-derived on the source pin plla/inst/mmcm_adv_inst/CLKFBOUT but are not logically or physically exclusive with respect to one another. To have the static timing analysis match the behavior in hardware, there cannot be multiple clocks generated on the same pin and when such situation occurs, the clocks should be defined as physically or logically exclusive. The list of clocks generated on the source pin is: clkfbout_PLL_A, clkfbout_PLL_A_1
Related violations: <none>

TIMING-56#2 Warning
Missing logically or physically excluded clock groups constraint  
Multiple clocks are user generated or auto-derived on the source pin plla/inst/mmcm_adv_inst/CLKOUT0 but are not logically or physically exclusive with respect to one another. To have the static timing analysis match the behavior in hardware, there cannot be multiple clocks generated on the same pin and when such situation occurs, the clocks should be defined as physically or logically exclusive. The list of clocks generated on the source pin is: clk_out1_PLL_A, clk_out1_PLL_A_1
Related violations: <none>


