
*** Running vivado
    with args -log TDCchannel.vds -m64 -product Vivado -mode batch -messageDb vivado.pb -notrace -source TDCchannel.tcl



****** Vivado v2020.2 (64-bit)
  **** SW Build 3064766 on Wed Nov 18 09:12:45 MST 2020
  **** IP Build 3064653 on Wed Nov 18 14:17:31 MST 2020
    ** Copyright 1986-2020 Xilinx, Inc. All Rights Reserved.

source TDCchannel.tcl -notrace
create_project: Time (s): cpu = 00:00:03 ; elapsed = 00:00:09 . Memory (MB): peak = 1102.629 ; gain = 0.000
Command: synth_design -top TDCchannel -part xc7a35tcpg236-1
Starting synth_design
Attempting to get a license for feature 'Synthesis' and/or device 'xc7a35t'
INFO: [Common 17-349] Got license for feature 'Synthesis' and/or device 'xc7a35t'
INFO: [Device 21-403] Loading part xc7a35tcpg236-1
INFO: [Synth 8-7079] Multithreading enabled for synth_design using a maximum of 2 processes.
INFO: [Synth 8-7078] Launching helper process for spawning children vivado processes
INFO: [Synth 8-7075] Helper process launched with PID 19416
---------------------------------------------------------------------------------
Starting RTL Elaboration : Time (s): cpu = 00:00:04 ; elapsed = 00:00:05 . Memory (MB): peak = 1180.379 ; gain = 77.750
---------------------------------------------------------------------------------
INFO: [Synth 8-638] synthesizing module 'TDCchannel' [C:/Users/ilpes/TDC_a35t/TDC_a35t_v10_RO_132_output_RO/TDC_a35t_v10_RO_132_output_RO.srcs/sources_1/imports/src/TDCchannel.vhd:45]
	Parameter NTaps bound to: 132 - type: integer 
INFO: [Synth 8-638] synthesizing module 'ring_oscillator' [C:/Users/ilpes/TDC_a35t/TDC_a35t_v10_RO_132_output_RO/TDC_a35t_v10_RO_132_output_RO.srcs/sources_1/new/ring_oscillator.vhd:14]
	Parameter STAGES bound to: 66 - type: integer 
INFO: [Synth 8-256] done synthesizing module 'ring_oscillator' (1#1) [C:/Users/ilpes/TDC_a35t/TDC_a35t_v10_RO_132_output_RO/TDC_a35t_v10_RO_132_output_RO.srcs/sources_1/new/ring_oscillator.vhd:14]
INFO: [Synth 8-638] synthesizing module 'delayLine' [C:/Users/ilpes/TDC_a35t/TDC_a35t_v10_RO_132_output_RO/TDC_a35t_v10_RO_132_output_RO.srcs/sources_1/imports/src/delayLine.vhd:42]
	Parameter NTaps bound to: 132 - type: integer 
INFO: [Synth 8-113] binding component instance 'firstCarry' to cell 'CARRY4' [C:/Users/ilpes/TDC_a35t/TDC_a35t_v10_RO_132_output_RO/TDC_a35t_v10_RO_132_output_RO.srcs/sources_1/imports/src/delayLine.vhd:88]
INFO: [Synth 8-113] binding component instance 'CARRY4_inst' to cell 'CARRY4' [C:/Users/ilpes/TDC_a35t/TDC_a35t_v10_RO_132_output_RO/TDC_a35t_v10_RO_132_output_RO.srcs/sources_1/imports/src/delayLine.vhd:99]
INFO: [Synth 8-113] binding component instance 'CARRY4_inst' to cell 'CARRY4' [C:/Users/ilpes/TDC_a35t/TDC_a35t_v10_RO_132_output_RO/TDC_a35t_v10_RO_132_output_RO.srcs/sources_1/imports/src/delayLine.vhd:99]
INFO: [Synth 8-113] binding component instance 'CARRY4_inst' to cell 'CARRY4' [C:/Users/ilpes/TDC_a35t/TDC_a35t_v10_RO_132_output_RO/TDC_a35t_v10_RO_132_output_RO.srcs/sources_1/imports/src/delayLine.vhd:99]
INFO: [Synth 8-113] binding component instance 'CARRY4_inst' to cell 'CARRY4' [C:/Users/ilpes/TDC_a35t/TDC_a35t_v10_RO_132_output_RO/TDC_a35t_v10_RO_132_output_RO.srcs/sources_1/imports/src/delayLine.vhd:99]
INFO: [Synth 8-113] binding component instance 'CARRY4_inst' to cell 'CARRY4' [C:/Users/ilpes/TDC_a35t/TDC_a35t_v10_RO_132_output_RO/TDC_a35t_v10_RO_132_output_RO.srcs/sources_1/imports/src/delayLine.vhd:99]
INFO: [Synth 8-113] binding component instance 'CARRY4_inst' to cell 'CARRY4' [C:/Users/ilpes/TDC_a35t/TDC_a35t_v10_RO_132_output_RO/TDC_a35t_v10_RO_132_output_RO.srcs/sources_1/imports/src/delayLine.vhd:99]
INFO: [Synth 8-113] binding component instance 'CARRY4_inst' to cell 'CARRY4' [C:/Users/ilpes/TDC_a35t/TDC_a35t_v10_RO_132_output_RO/TDC_a35t_v10_RO_132_output_RO.srcs/sources_1/imports/src/delayLine.vhd:99]
INFO: [Synth 8-113] binding component instance 'CARRY4_inst' to cell 'CARRY4' [C:/Users/ilpes/TDC_a35t/TDC_a35t_v10_RO_132_output_RO/TDC_a35t_v10_RO_132_output_RO.srcs/sources_1/imports/src/delayLine.vhd:99]
INFO: [Synth 8-113] binding component instance 'CARRY4_inst' to cell 'CARRY4' [C:/Users/ilpes/TDC_a35t/TDC_a35t_v10_RO_132_output_RO/TDC_a35t_v10_RO_132_output_RO.srcs/sources_1/imports/src/delayLine.vhd:99]
INFO: [Synth 8-113] binding component instance 'CARRY4_inst' to cell 'CARRY4' [C:/Users/ilpes/TDC_a35t/TDC_a35t_v10_RO_132_output_RO/TDC_a35t_v10_RO_132_output_RO.srcs/sources_1/imports/src/delayLine.vhd:99]
INFO: [Synth 8-113] binding component instance 'CARRY4_inst' to cell 'CARRY4' [C:/Users/ilpes/TDC_a35t/TDC_a35t_v10_RO_132_output_RO/TDC_a35t_v10_RO_132_output_RO.srcs/sources_1/imports/src/delayLine.vhd:99]
INFO: [Synth 8-113] binding component instance 'CARRY4_inst' to cell 'CARRY4' [C:/Users/ilpes/TDC_a35t/TDC_a35t_v10_RO_132_output_RO/TDC_a35t_v10_RO_132_output_RO.srcs/sources_1/imports/src/delayLine.vhd:99]
INFO: [Synth 8-113] binding component instance 'CARRY4_inst' to cell 'CARRY4' [C:/Users/ilpes/TDC_a35t/TDC_a35t_v10_RO_132_output_RO/TDC_a35t_v10_RO_132_output_RO.srcs/sources_1/imports/src/delayLine.vhd:99]
INFO: [Synth 8-113] binding component instance 'CARRY4_inst' to cell 'CARRY4' [C:/Users/ilpes/TDC_a35t/TDC_a35t_v10_RO_132_output_RO/TDC_a35t_v10_RO_132_output_RO.srcs/sources_1/imports/src/delayLine.vhd:99]
INFO: [Synth 8-113] binding component instance 'CARRY4_inst' to cell 'CARRY4' [C:/Users/ilpes/TDC_a35t/TDC_a35t_v10_RO_132_output_RO/TDC_a35t_v10_RO_132_output_RO.srcs/sources_1/imports/src/delayLine.vhd:99]
INFO: [Synth 8-113] binding component instance 'CARRY4_inst' to cell 'CARRY4' [C:/Users/ilpes/TDC_a35t/TDC_a35t_v10_RO_132_output_RO/TDC_a35t_v10_RO_132_output_RO.srcs/sources_1/imports/src/delayLine.vhd:99]
INFO: [Synth 8-113] binding component instance 'CARRY4_inst' to cell 'CARRY4' [C:/Users/ilpes/TDC_a35t/TDC_a35t_v10_RO_132_output_RO/TDC_a35t_v10_RO_132_output_RO.srcs/sources_1/imports/src/delayLine.vhd:99]
INFO: [Synth 8-113] binding component instance 'CARRY4_inst' to cell 'CARRY4' [C:/Users/ilpes/TDC_a35t/TDC_a35t_v10_RO_132_output_RO/TDC_a35t_v10_RO_132_output_RO.srcs/sources_1/imports/src/delayLine.vhd:99]
INFO: [Synth 8-113] binding component instance 'CARRY4_inst' to cell 'CARRY4' [C:/Users/ilpes/TDC_a35t/TDC_a35t_v10_RO_132_output_RO/TDC_a35t_v10_RO_132_output_RO.srcs/sources_1/imports/src/delayLine.vhd:99]
INFO: [Synth 8-113] binding component instance 'CARRY4_inst' to cell 'CARRY4' [C:/Users/ilpes/TDC_a35t/TDC_a35t_v10_RO_132_output_RO/TDC_a35t_v10_RO_132_output_RO.srcs/sources_1/imports/src/delayLine.vhd:99]
INFO: [Synth 8-113] binding component instance 'CARRY4_inst' to cell 'CARRY4' [C:/Users/ilpes/TDC_a35t/TDC_a35t_v10_RO_132_output_RO/TDC_a35t_v10_RO_132_output_RO.srcs/sources_1/imports/src/delayLine.vhd:99]
INFO: [Synth 8-113] binding component instance 'CARRY4_inst' to cell 'CARRY4' [C:/Users/ilpes/TDC_a35t/TDC_a35t_v10_RO_132_output_RO/TDC_a35t_v10_RO_132_output_RO.srcs/sources_1/imports/src/delayLine.vhd:99]
INFO: [Synth 8-113] binding component instance 'CARRY4_inst' to cell 'CARRY4' [C:/Users/ilpes/TDC_a35t/TDC_a35t_v10_RO_132_output_RO/TDC_a35t_v10_RO_132_output_RO.srcs/sources_1/imports/src/delayLine.vhd:99]
INFO: [Synth 8-113] binding component instance 'CARRY4_inst' to cell 'CARRY4' [C:/Users/ilpes/TDC_a35t/TDC_a35t_v10_RO_132_output_RO/TDC_a35t_v10_RO_132_output_RO.srcs/sources_1/imports/src/delayLine.vhd:99]
INFO: [Synth 8-113] binding component instance 'CARRY4_inst' to cell 'CARRY4' [C:/Users/ilpes/TDC_a35t/TDC_a35t_v10_RO_132_output_RO/TDC_a35t_v10_RO_132_output_RO.srcs/sources_1/imports/src/delayLine.vhd:99]
INFO: [Synth 8-113] binding component instance 'CARRY4_inst' to cell 'CARRY4' [C:/Users/ilpes/TDC_a35t/TDC_a35t_v10_RO_132_output_RO/TDC_a35t_v10_RO_132_output_RO.srcs/sources_1/imports/src/delayLine.vhd:99]
INFO: [Synth 8-113] binding component instance 'CARRY4_inst' to cell 'CARRY4' [C:/Users/ilpes/TDC_a35t/TDC_a35t_v10_RO_132_output_RO/TDC_a35t_v10_RO_132_output_RO.srcs/sources_1/imports/src/delayLine.vhd:99]
INFO: [Synth 8-113] binding component instance 'CARRY4_inst' to cell 'CARRY4' [C:/Users/ilpes/TDC_a35t/TDC_a35t_v10_RO_132_output_RO/TDC_a35t_v10_RO_132_output_RO.srcs/sources_1/imports/src/delayLine.vhd:99]
INFO: [Synth 8-113] binding component instance 'CARRY4_inst' to cell 'CARRY4' [C:/Users/ilpes/TDC_a35t/TDC_a35t_v10_RO_132_output_RO/TDC_a35t_v10_RO_132_output_RO.srcs/sources_1/imports/src/delayLine.vhd:99]
INFO: [Synth 8-113] binding component instance 'CARRY4_inst' to cell 'CARRY4' [C:/Users/ilpes/TDC_a35t/TDC_a35t_v10_RO_132_output_RO/TDC_a35t_v10_RO_132_output_RO.srcs/sources_1/imports/src/delayLine.vhd:99]
INFO: [Synth 8-113] binding component instance 'CARRY4_inst' to cell 'CARRY4' [C:/Users/ilpes/TDC_a35t/TDC_a35t_v10_RO_132_output_RO/TDC_a35t_v10_RO_132_output_RO.srcs/sources_1/imports/src/delayLine.vhd:99]
INFO: [Synth 8-113] binding component instance 'CARRY4_inst' to cell 'CARRY4' [C:/Users/ilpes/TDC_a35t/TDC_a35t_v10_RO_132_output_RO/TDC_a35t_v10_RO_132_output_RO.srcs/sources_1/imports/src/delayLine.vhd:99]
INFO: [Synth 8-638] synthesizing module 'risingEdgeDetector' [C:/Users/ilpes/TDC_a35t/TDC_a35t_v10_RO_132_output_RO/TDC_a35t_v10_RO_132_output_RO.srcs/sources_1/imports/src/risingEdgeDetector.vhd:32]
INFO: [Synth 8-256] done synthesizing module 'risingEdgeDetector' (2#1) [C:/Users/ilpes/TDC_a35t/TDC_a35t_v10_RO_132_output_RO/TDC_a35t_v10_RO_132_output_RO.srcs/sources_1/imports/src/risingEdgeDetector.vhd:32]
INFO: [Synth 8-256] done synthesizing module 'delayLine' (3#1) [C:/Users/ilpes/TDC_a35t/TDC_a35t_v10_RO_132_output_RO/TDC_a35t_v10_RO_132_output_RO.srcs/sources_1/imports/src/delayLine.vhd:42]
INFO: [Synth 8-638] synthesizing module 'encoder' [C:/Users/ilpes/TDC_a35t/TDC_a35t_v10_RO_132_output_RO/TDC_a35t_v10_RO_132_output_RO.srcs/sources_1/imports/src/encoder.vhd:43]
	Parameter NTaps bound to: 132 - type: integer 
	Parameter INIT bound to: 64'b0110100110010110100101100110100110010110011010010110100110010110 
INFO: [Synth 8-113] binding component instance 'LUT6_inst0' to cell 'LUT6' [C:/Users/ilpes/TDC_a35t/TDC_a35t_v10_RO_132_output_RO/TDC_a35t_v10_RO_132_output_RO.srcs/sources_1/imports/src/encoder.vhd:61]
	Parameter INIT bound to: 64'b1000000100010111000101110111111000010111011111100111111011101000 
INFO: [Synth 8-113] binding component instance 'LUT6_inst1' to cell 'LUT6' [C:/Users/ilpes/TDC_a35t/TDC_a35t_v10_RO_132_output_RO/TDC_a35t_v10_RO_132_output_RO.srcs/sources_1/imports/src/encoder.vhd:75]
	Parameter INIT bound to: 64'b1111111011101000111010001000000011101000100000001000000000000000 
INFO: [Synth 8-113] binding component instance 'LUT6_inst2' to cell 'LUT6' [C:/Users/ilpes/TDC_a35t/TDC_a35t_v10_RO_132_output_RO/TDC_a35t_v10_RO_132_output_RO.srcs/sources_1/imports/src/encoder.vhd:89]
	Parameter INIT bound to: 64'b0110100110010110100101100110100110010110011010010110100110010110 
INFO: [Synth 8-113] binding component instance 'LUT6_inst0' to cell 'LUT6' [C:/Users/ilpes/TDC_a35t/TDC_a35t_v10_RO_132_output_RO/TDC_a35t_v10_RO_132_output_RO.srcs/sources_1/imports/src/encoder.vhd:61]
	Parameter INIT bound to: 64'b1000000100010111000101110111111000010111011111100111111011101000 
INFO: [Synth 8-113] binding component instance 'LUT6_inst1' to cell 'LUT6' [C:/Users/ilpes/TDC_a35t/TDC_a35t_v10_RO_132_output_RO/TDC_a35t_v10_RO_132_output_RO.srcs/sources_1/imports/src/encoder.vhd:75]
	Parameter INIT bound to: 64'b1111111011101000111010001000000011101000100000001000000000000000 
INFO: [Synth 8-113] binding component instance 'LUT6_inst2' to cell 'LUT6' [C:/Users/ilpes/TDC_a35t/TDC_a35t_v10_RO_132_output_RO/TDC_a35t_v10_RO_132_output_RO.srcs/sources_1/imports/src/encoder.vhd:89]
	Parameter INIT bound to: 64'b0110100110010110100101100110100110010110011010010110100110010110 
INFO: [Synth 8-113] binding component instance 'LUT6_inst0' to cell 'LUT6' [C:/Users/ilpes/TDC_a35t/TDC_a35t_v10_RO_132_output_RO/TDC_a35t_v10_RO_132_output_RO.srcs/sources_1/imports/src/encoder.vhd:61]
	Parameter INIT bound to: 64'b1000000100010111000101110111111000010111011111100111111011101000 
INFO: [Synth 8-113] binding component instance 'LUT6_inst1' to cell 'LUT6' [C:/Users/ilpes/TDC_a35t/TDC_a35t_v10_RO_132_output_RO/TDC_a35t_v10_RO_132_output_RO.srcs/sources_1/imports/src/encoder.vhd:75]
	Parameter INIT bound to: 64'b1111111011101000111010001000000011101000100000001000000000000000 
INFO: [Synth 8-113] binding component instance 'LUT6_inst2' to cell 'LUT6' [C:/Users/ilpes/TDC_a35t/TDC_a35t_v10_RO_132_output_RO/TDC_a35t_v10_RO_132_output_RO.srcs/sources_1/imports/src/encoder.vhd:89]
	Parameter INIT bound to: 64'b0110100110010110100101100110100110010110011010010110100110010110 
INFO: [Synth 8-113] binding component instance 'LUT6_inst0' to cell 'LUT6' [C:/Users/ilpes/TDC_a35t/TDC_a35t_v10_RO_132_output_RO/TDC_a35t_v10_RO_132_output_RO.srcs/sources_1/imports/src/encoder.vhd:61]
	Parameter INIT bound to: 64'b1000000100010111000101110111111000010111011111100111111011101000 
INFO: [Synth 8-113] binding component instance 'LUT6_inst1' to cell 'LUT6' [C:/Users/ilpes/TDC_a35t/TDC_a35t_v10_RO_132_output_RO/TDC_a35t_v10_RO_132_output_RO.srcs/sources_1/imports/src/encoder.vhd:75]
	Parameter INIT bound to: 64'b1111111011101000111010001000000011101000100000001000000000000000 
INFO: [Synth 8-113] binding component instance 'LUT6_inst2' to cell 'LUT6' [C:/Users/ilpes/TDC_a35t/TDC_a35t_v10_RO_132_output_RO/TDC_a35t_v10_RO_132_output_RO.srcs/sources_1/imports/src/encoder.vhd:89]
	Parameter INIT bound to: 64'b0110100110010110100101100110100110010110011010010110100110010110 
INFO: [Synth 8-113] binding component instance 'LUT6_inst0' to cell 'LUT6' [C:/Users/ilpes/TDC_a35t/TDC_a35t_v10_RO_132_output_RO/TDC_a35t_v10_RO_132_output_RO.srcs/sources_1/imports/src/encoder.vhd:61]
	Parameter INIT bound to: 64'b1000000100010111000101110111111000010111011111100111111011101000 
INFO: [Synth 8-113] binding component instance 'LUT6_inst1' to cell 'LUT6' [C:/Users/ilpes/TDC_a35t/TDC_a35t_v10_RO_132_output_RO/TDC_a35t_v10_RO_132_output_RO.srcs/sources_1/imports/src/encoder.vhd:75]
	Parameter INIT bound to: 64'b1111111011101000111010001000000011101000100000001000000000000000 
INFO: [Synth 8-113] binding component instance 'LUT6_inst2' to cell 'LUT6' [C:/Users/ilpes/TDC_a35t/TDC_a35t_v10_RO_132_output_RO/TDC_a35t_v10_RO_132_output_RO.srcs/sources_1/imports/src/encoder.vhd:89]
	Parameter INIT bound to: 64'b0110100110010110100101100110100110010110011010010110100110010110 
INFO: [Synth 8-113] binding component instance 'LUT6_inst0' to cell 'LUT6' [C:/Users/ilpes/TDC_a35t/TDC_a35t_v10_RO_132_output_RO/TDC_a35t_v10_RO_132_output_RO.srcs/sources_1/imports/src/encoder.vhd:61]
	Parameter INIT bound to: 64'b1000000100010111000101110111111000010111011111100111111011101000 
INFO: [Synth 8-113] binding component instance 'LUT6_inst1' to cell 'LUT6' [C:/Users/ilpes/TDC_a35t/TDC_a35t_v10_RO_132_output_RO/TDC_a35t_v10_RO_132_output_RO.srcs/sources_1/imports/src/encoder.vhd:75]
	Parameter INIT bound to: 64'b1111111011101000111010001000000011101000100000001000000000000000 
INFO: [Synth 8-113] binding component instance 'LUT6_inst2' to cell 'LUT6' [C:/Users/ilpes/TDC_a35t/TDC_a35t_v10_RO_132_output_RO/TDC_a35t_v10_RO_132_output_RO.srcs/sources_1/imports/src/encoder.vhd:89]
	Parameter INIT bound to: 64'b0110100110010110100101100110100110010110011010010110100110010110 
INFO: [Synth 8-113] binding component instance 'LUT6_inst0' to cell 'LUT6' [C:/Users/ilpes/TDC_a35t/TDC_a35t_v10_RO_132_output_RO/TDC_a35t_v10_RO_132_output_RO.srcs/sources_1/imports/src/encoder.vhd:61]
	Parameter INIT bound to: 64'b1000000100010111000101110111111000010111011111100111111011101000 
INFO: [Synth 8-113] binding component instance 'LUT6_inst1' to cell 'LUT6' [C:/Users/ilpes/TDC_a35t/TDC_a35t_v10_RO_132_output_RO/TDC_a35t_v10_RO_132_output_RO.srcs/sources_1/imports/src/encoder.vhd:75]
	Parameter INIT bound to: 64'b1111111011101000111010001000000011101000100000001000000000000000 
INFO: [Synth 8-113] binding component instance 'LUT6_inst2' to cell 'LUT6' [C:/Users/ilpes/TDC_a35t/TDC_a35t_v10_RO_132_output_RO/TDC_a35t_v10_RO_132_output_RO.srcs/sources_1/imports/src/encoder.vhd:89]
	Parameter INIT bound to: 64'b0110100110010110100101100110100110010110011010010110100110010110 
INFO: [Synth 8-113] binding component instance 'LUT6_inst0' to cell 'LUT6' [C:/Users/ilpes/TDC_a35t/TDC_a35t_v10_RO_132_output_RO/TDC_a35t_v10_RO_132_output_RO.srcs/sources_1/imports/src/encoder.vhd:61]
	Parameter INIT bound to: 64'b1000000100010111000101110111111000010111011111100111111011101000 
INFO: [Synth 8-113] binding component instance 'LUT6_inst1' to cell 'LUT6' [C:/Users/ilpes/TDC_a35t/TDC_a35t_v10_RO_132_output_RO/TDC_a35t_v10_RO_132_output_RO.srcs/sources_1/imports/src/encoder.vhd:75]
	Parameter INIT bound to: 64'b1111111011101000111010001000000011101000100000001000000000000000 
INFO: [Synth 8-113] binding component instance 'LUT6_inst2' to cell 'LUT6' [C:/Users/ilpes/TDC_a35t/TDC_a35t_v10_RO_132_output_RO/TDC_a35t_v10_RO_132_output_RO.srcs/sources_1/imports/src/encoder.vhd:89]
	Parameter INIT bound to: 64'b0110100110010110100101100110100110010110011010010110100110010110 
INFO: [Synth 8-113] binding component instance 'LUT6_inst0' to cell 'LUT6' [C:/Users/ilpes/TDC_a35t/TDC_a35t_v10_RO_132_output_RO/TDC_a35t_v10_RO_132_output_RO.srcs/sources_1/imports/src/encoder.vhd:61]
	Parameter INIT bound to: 64'b1000000100010111000101110111111000010111011111100111111011101000 
INFO: [Synth 8-113] binding component instance 'LUT6_inst1' to cell 'LUT6' [C:/Users/ilpes/TDC_a35t/TDC_a35t_v10_RO_132_output_RO/TDC_a35t_v10_RO_132_output_RO.srcs/sources_1/imports/src/encoder.vhd:75]
	Parameter INIT bound to: 64'b1111111011101000111010001000000011101000100000001000000000000000 
INFO: [Synth 8-113] binding component instance 'LUT6_inst2' to cell 'LUT6' [C:/Users/ilpes/TDC_a35t/TDC_a35t_v10_RO_132_output_RO/TDC_a35t_v10_RO_132_output_RO.srcs/sources_1/imports/src/encoder.vhd:89]
	Parameter INIT bound to: 64'b0110100110010110100101100110100110010110011010010110100110010110 
INFO: [Synth 8-113] binding component instance 'LUT6_inst0' to cell 'LUT6' [C:/Users/ilpes/TDC_a35t/TDC_a35t_v10_RO_132_output_RO/TDC_a35t_v10_RO_132_output_RO.srcs/sources_1/imports/src/encoder.vhd:61]
	Parameter INIT bound to: 64'b1000000100010111000101110111111000010111011111100111111011101000 
INFO: [Synth 8-113] binding component instance 'LUT6_inst1' to cell 'LUT6' [C:/Users/ilpes/TDC_a35t/TDC_a35t_v10_RO_132_output_RO/TDC_a35t_v10_RO_132_output_RO.srcs/sources_1/imports/src/encoder.vhd:75]
	Parameter INIT bound to: 64'b1111111011101000111010001000000011101000100000001000000000000000 
INFO: [Synth 8-113] binding component instance 'LUT6_inst2' to cell 'LUT6' [C:/Users/ilpes/TDC_a35t/TDC_a35t_v10_RO_132_output_RO/TDC_a35t_v10_RO_132_output_RO.srcs/sources_1/imports/src/encoder.vhd:89]
	Parameter INIT bound to: 64'b0110100110010110100101100110100110010110011010010110100110010110 
INFO: [Synth 8-113] binding component instance 'LUT6_inst0' to cell 'LUT6' [C:/Users/ilpes/TDC_a35t/TDC_a35t_v10_RO_132_output_RO/TDC_a35t_v10_RO_132_output_RO.srcs/sources_1/imports/src/encoder.vhd:61]
	Parameter INIT bound to: 64'b1000000100010111000101110111111000010111011111100111111011101000 
INFO: [Synth 8-113] binding component instance 'LUT6_inst1' to cell 'LUT6' [C:/Users/ilpes/TDC_a35t/TDC_a35t_v10_RO_132_output_RO/TDC_a35t_v10_RO_132_output_RO.srcs/sources_1/imports/src/encoder.vhd:75]
	Parameter INIT bound to: 64'b1111111011101000111010001000000011101000100000001000000000000000 
INFO: [Synth 8-113] binding component instance 'LUT6_inst2' to cell 'LUT6' [C:/Users/ilpes/TDC_a35t/TDC_a35t_v10_RO_132_output_RO/TDC_a35t_v10_RO_132_output_RO.srcs/sources_1/imports/src/encoder.vhd:89]
	Parameter INIT bound to: 64'b0110100110010110100101100110100110010110011010010110100110010110 
INFO: [Synth 8-113] binding component instance 'LUT6_inst0' to cell 'LUT6' [C:/Users/ilpes/TDC_a35t/TDC_a35t_v10_RO_132_output_RO/TDC_a35t_v10_RO_132_output_RO.srcs/sources_1/imports/src/encoder.vhd:61]
	Parameter INIT bound to: 64'b1000000100010111000101110111111000010111011111100111111011101000 
INFO: [Synth 8-113] binding component instance 'LUT6_inst1' to cell 'LUT6' [C:/Users/ilpes/TDC_a35t/TDC_a35t_v10_RO_132_output_RO/TDC_a35t_v10_RO_132_output_RO.srcs/sources_1/imports/src/encoder.vhd:75]
	Parameter INIT bound to: 64'b1111111011101000111010001000000011101000100000001000000000000000 
INFO: [Synth 8-113] binding component instance 'LUT6_inst2' to cell 'LUT6' [C:/Users/ilpes/TDC_a35t/TDC_a35t_v10_RO_132_output_RO/TDC_a35t_v10_RO_132_output_RO.srcs/sources_1/imports/src/encoder.vhd:89]
	Parameter INIT bound to: 64'b0110100110010110100101100110100110010110011010010110100110010110 
INFO: [Synth 8-113] binding component instance 'LUT6_inst0' to cell 'LUT6' [C:/Users/ilpes/TDC_a35t/TDC_a35t_v10_RO_132_output_RO/TDC_a35t_v10_RO_132_output_RO.srcs/sources_1/imports/src/encoder.vhd:61]
	Parameter INIT bound to: 64'b1000000100010111000101110111111000010111011111100111111011101000 
INFO: [Synth 8-113] binding component instance 'LUT6_inst1' to cell 'LUT6' [C:/Users/ilpes/TDC_a35t/TDC_a35t_v10_RO_132_output_RO/TDC_a35t_v10_RO_132_output_RO.srcs/sources_1/imports/src/encoder.vhd:75]
	Parameter INIT bound to: 64'b1111111011101000111010001000000011101000100000001000000000000000 
INFO: [Synth 8-113] binding component instance 'LUT6_inst2' to cell 'LUT6' [C:/Users/ilpes/TDC_a35t/TDC_a35t_v10_RO_132_output_RO/TDC_a35t_v10_RO_132_output_RO.srcs/sources_1/imports/src/encoder.vhd:89]
	Parameter INIT bound to: 64'b0110100110010110100101100110100110010110011010010110100110010110 
INFO: [Synth 8-113] binding component instance 'LUT6_inst0' to cell 'LUT6' [C:/Users/ilpes/TDC_a35t/TDC_a35t_v10_RO_132_output_RO/TDC_a35t_v10_RO_132_output_RO.srcs/sources_1/imports/src/encoder.vhd:61]
	Parameter INIT bound to: 64'b1000000100010111000101110111111000010111011111100111111011101000 
INFO: [Synth 8-113] binding component instance 'LUT6_inst1' to cell 'LUT6' [C:/Users/ilpes/TDC_a35t/TDC_a35t_v10_RO_132_output_RO/TDC_a35t_v10_RO_132_output_RO.srcs/sources_1/imports/src/encoder.vhd:75]
	Parameter INIT bound to: 64'b1111111011101000111010001000000011101000100000001000000000000000 
INFO: [Synth 8-113] binding component instance 'LUT6_inst2' to cell 'LUT6' [C:/Users/ilpes/TDC_a35t/TDC_a35t_v10_RO_132_output_RO/TDC_a35t_v10_RO_132_output_RO.srcs/sources_1/imports/src/encoder.vhd:89]
	Parameter INIT bound to: 64'b0110100110010110100101100110100110010110011010010110100110010110 
INFO: [Synth 8-113] binding component instance 'LUT6_inst0' to cell 'LUT6' [C:/Users/ilpes/TDC_a35t/TDC_a35t_v10_RO_132_output_RO/TDC_a35t_v10_RO_132_output_RO.srcs/sources_1/imports/src/encoder.vhd:61]
	Parameter INIT bound to: 64'b1000000100010111000101110111111000010111011111100111111011101000 
INFO: [Synth 8-113] binding component instance 'LUT6_inst1' to cell 'LUT6' [C:/Users/ilpes/TDC_a35t/TDC_a35t_v10_RO_132_output_RO/TDC_a35t_v10_RO_132_output_RO.srcs/sources_1/imports/src/encoder.vhd:75]
	Parameter INIT bound to: 64'b1111111011101000111010001000000011101000100000001000000000000000 
INFO: [Synth 8-113] binding component instance 'LUT6_inst2' to cell 'LUT6' [C:/Users/ilpes/TDC_a35t/TDC_a35t_v10_RO_132_output_RO/TDC_a35t_v10_RO_132_output_RO.srcs/sources_1/imports/src/encoder.vhd:89]
	Parameter INIT bound to: 64'b0110100110010110100101100110100110010110011010010110100110010110 
INFO: [Synth 8-113] binding component instance 'LUT6_inst0' to cell 'LUT6' [C:/Users/ilpes/TDC_a35t/TDC_a35t_v10_RO_132_output_RO/TDC_a35t_v10_RO_132_output_RO.srcs/sources_1/imports/src/encoder.vhd:61]
	Parameter INIT bound to: 64'b1000000100010111000101110111111000010111011111100111111011101000 
INFO: [Synth 8-113] binding component instance 'LUT6_inst1' to cell 'LUT6' [C:/Users/ilpes/TDC_a35t/TDC_a35t_v10_RO_132_output_RO/TDC_a35t_v10_RO_132_output_RO.srcs/sources_1/imports/src/encoder.vhd:75]
	Parameter INIT bound to: 64'b1111111011101000111010001000000011101000100000001000000000000000 
INFO: [Synth 8-113] binding component instance 'LUT6_inst2' to cell 'LUT6' [C:/Users/ilpes/TDC_a35t/TDC_a35t_v10_RO_132_output_RO/TDC_a35t_v10_RO_132_output_RO.srcs/sources_1/imports/src/encoder.vhd:89]
	Parameter INIT bound to: 64'b0110100110010110100101100110100110010110011010010110100110010110 
INFO: [Synth 8-113] binding component instance 'LUT6_inst0' to cell 'LUT6' [C:/Users/ilpes/TDC_a35t/TDC_a35t_v10_RO_132_output_RO/TDC_a35t_v10_RO_132_output_RO.srcs/sources_1/imports/src/encoder.vhd:61]
	Parameter INIT bound to: 64'b1000000100010111000101110111111000010111011111100111111011101000 
INFO: [Synth 8-113] binding component instance 'LUT6_inst1' to cell 'LUT6' [C:/Users/ilpes/TDC_a35t/TDC_a35t_v10_RO_132_output_RO/TDC_a35t_v10_RO_132_output_RO.srcs/sources_1/imports/src/encoder.vhd:75]
	Parameter INIT bound to: 64'b1111111011101000111010001000000011101000100000001000000000000000 
INFO: [Synth 8-113] binding component instance 'LUT6_inst2' to cell 'LUT6' [C:/Users/ilpes/TDC_a35t/TDC_a35t_v10_RO_132_output_RO/TDC_a35t_v10_RO_132_output_RO.srcs/sources_1/imports/src/encoder.vhd:89]
	Parameter INIT bound to: 64'b0110100110010110100101100110100110010110011010010110100110010110 
INFO: [Synth 8-113] binding component instance 'LUT6_inst0' to cell 'LUT6' [C:/Users/ilpes/TDC_a35t/TDC_a35t_v10_RO_132_output_RO/TDC_a35t_v10_RO_132_output_RO.srcs/sources_1/imports/src/encoder.vhd:61]
	Parameter INIT bound to: 64'b1000000100010111000101110111111000010111011111100111111011101000 
INFO: [Synth 8-113] binding component instance 'LUT6_inst1' to cell 'LUT6' [C:/Users/ilpes/TDC_a35t/TDC_a35t_v10_RO_132_output_RO/TDC_a35t_v10_RO_132_output_RO.srcs/sources_1/imports/src/encoder.vhd:75]
	Parameter INIT bound to: 64'b1111111011101000111010001000000011101000100000001000000000000000 
INFO: [Synth 8-113] binding component instance 'LUT6_inst2' to cell 'LUT6' [C:/Users/ilpes/TDC_a35t/TDC_a35t_v10_RO_132_output_RO/TDC_a35t_v10_RO_132_output_RO.srcs/sources_1/imports/src/encoder.vhd:89]
	Parameter INIT bound to: 64'b0110100110010110100101100110100110010110011010010110100110010110 
INFO: [Synth 8-113] binding component instance 'LUT6_inst0' to cell 'LUT6' [C:/Users/ilpes/TDC_a35t/TDC_a35t_v10_RO_132_output_RO/TDC_a35t_v10_RO_132_output_RO.srcs/sources_1/imports/src/encoder.vhd:61]
	Parameter INIT bound to: 64'b1000000100010111000101110111111000010111011111100111111011101000 
INFO: [Synth 8-113] binding component instance 'LUT6_inst1' to cell 'LUT6' [C:/Users/ilpes/TDC_a35t/TDC_a35t_v10_RO_132_output_RO/TDC_a35t_v10_RO_132_output_RO.srcs/sources_1/imports/src/encoder.vhd:75]
	Parameter INIT bound to: 64'b1111111011101000111010001000000011101000100000001000000000000000 
INFO: [Synth 8-113] binding component instance 'LUT6_inst2' to cell 'LUT6' [C:/Users/ilpes/TDC_a35t/TDC_a35t_v10_RO_132_output_RO/TDC_a35t_v10_RO_132_output_RO.srcs/sources_1/imports/src/encoder.vhd:89]
	Parameter INIT bound to: 64'b0110100110010110100101100110100110010110011010010110100110010110 
INFO: [Synth 8-113] binding component instance 'LUT6_inst0' to cell 'LUT6' [C:/Users/ilpes/TDC_a35t/TDC_a35t_v10_RO_132_output_RO/TDC_a35t_v10_RO_132_output_RO.srcs/sources_1/imports/src/encoder.vhd:61]
	Parameter INIT bound to: 64'b1000000100010111000101110111111000010111011111100111111011101000 
INFO: [Synth 8-113] binding component instance 'LUT6_inst1' to cell 'LUT6' [C:/Users/ilpes/TDC_a35t/TDC_a35t_v10_RO_132_output_RO/TDC_a35t_v10_RO_132_output_RO.srcs/sources_1/imports/src/encoder.vhd:75]
	Parameter INIT bound to: 64'b1111111011101000111010001000000011101000100000001000000000000000 
INFO: [Synth 8-113] binding component instance 'LUT6_inst2' to cell 'LUT6' [C:/Users/ilpes/TDC_a35t/TDC_a35t_v10_RO_132_output_RO/TDC_a35t_v10_RO_132_output_RO.srcs/sources_1/imports/src/encoder.vhd:89]
	Parameter INIT bound to: 64'b0110100110010110100101100110100110010110011010010110100110010110 
INFO: [Synth 8-113] binding component instance 'LUT6_inst0' to cell 'LUT6' [C:/Users/ilpes/TDC_a35t/TDC_a35t_v10_RO_132_output_RO/TDC_a35t_v10_RO_132_output_RO.srcs/sources_1/imports/src/encoder.vhd:61]
	Parameter INIT bound to: 64'b1000000100010111000101110111111000010111011111100111111011101000 
INFO: [Synth 8-113] binding component instance 'LUT6_inst1' to cell 'LUT6' [C:/Users/ilpes/TDC_a35t/TDC_a35t_v10_RO_132_output_RO/TDC_a35t_v10_RO_132_output_RO.srcs/sources_1/imports/src/encoder.vhd:75]
	Parameter INIT bound to: 64'b1111111011101000111010001000000011101000100000001000000000000000 
INFO: [Synth 8-113] binding component instance 'LUT6_inst2' to cell 'LUT6' [C:/Users/ilpes/TDC_a35t/TDC_a35t_v10_RO_132_output_RO/TDC_a35t_v10_RO_132_output_RO.srcs/sources_1/imports/src/encoder.vhd:89]
	Parameter INIT bound to: 64'b0110100110010110100101100110100110010110011010010110100110010110 
INFO: [Synth 8-113] binding component instance 'LUT6_inst0' to cell 'LUT6' [C:/Users/ilpes/TDC_a35t/TDC_a35t_v10_RO_132_output_RO/TDC_a35t_v10_RO_132_output_RO.srcs/sources_1/imports/src/encoder.vhd:61]
	Parameter INIT bound to: 64'b1000000100010111000101110111111000010111011111100111111011101000 
INFO: [Synth 8-113] binding component instance 'LUT6_inst1' to cell 'LUT6' [C:/Users/ilpes/TDC_a35t/TDC_a35t_v10_RO_132_output_RO/TDC_a35t_v10_RO_132_output_RO.srcs/sources_1/imports/src/encoder.vhd:75]
	Parameter INIT bound to: 64'b1111111011101000111010001000000011101000100000001000000000000000 
INFO: [Synth 8-113] binding component instance 'LUT6_inst2' to cell 'LUT6' [C:/Users/ilpes/TDC_a35t/TDC_a35t_v10_RO_132_output_RO/TDC_a35t_v10_RO_132_output_RO.srcs/sources_1/imports/src/encoder.vhd:89]
INFO: [Synth 8-638] synthesizing module 'adderTreeLegacy' [C:/Users/ilpes/TDC_a35t/TDC_a35t_v10_RO_132_output_RO/TDC_a35t_v10_RO_132_output_RO.srcs/sources_1/imports/sources_1/imports/src/adderTreeLegacy.vhd:48]
	Parameter INPUTS bound to: 22 - type: integer 
	Parameter BITS bound to: 3 - type: integer 
	Parameter LEVEL bound to: 5 - type: integer 
	Parameter Y_OUT_LEN bound to: 8 - type: integer 
INFO: [Synth 8-638] synthesizing module 'adderTreeLegacy__parameterized0' [C:/Users/ilpes/TDC_a35t/TDC_a35t_v10_RO_132_output_RO/TDC_a35t_v10_RO_132_output_RO.srcs/sources_1/imports/sources_1/imports/src/adderTreeLegacy.vhd:48]
	Parameter INPUTS bound to: 11 - type: integer 
	Parameter BITS bound to: 4 - type: integer 
	Parameter LEVEL bound to: 4 - type: integer 
	Parameter Y_OUT_LEN bound to: 8 - type: integer 
INFO: [Synth 8-638] synthesizing module 'adderTreeLegacy__parameterized1' [C:/Users/ilpes/TDC_a35t/TDC_a35t_v10_RO_132_output_RO/TDC_a35t_v10_RO_132_output_RO.srcs/sources_1/imports/sources_1/imports/src/adderTreeLegacy.vhd:48]
	Parameter INPUTS bound to: 6 - type: integer 
	Parameter BITS bound to: 5 - type: integer 
	Parameter LEVEL bound to: 3 - type: integer 
	Parameter Y_OUT_LEN bound to: 8 - type: integer 
INFO: [Synth 8-638] synthesizing module 'adderTreeLegacy__parameterized2' [C:/Users/ilpes/TDC_a35t/TDC_a35t_v10_RO_132_output_RO/TDC_a35t_v10_RO_132_output_RO.srcs/sources_1/imports/sources_1/imports/src/adderTreeLegacy.vhd:48]
	Parameter INPUTS bound to: 3 - type: integer 
	Parameter BITS bound to: 6 - type: integer 
	Parameter LEVEL bound to: 2 - type: integer 
	Parameter Y_OUT_LEN bound to: 8 - type: integer 
INFO: [Synth 8-638] synthesizing module 'adderTreeLegacy__parameterized3' [C:/Users/ilpes/TDC_a35t/TDC_a35t_v10_RO_132_output_RO/TDC_a35t_v10_RO_132_output_RO.srcs/sources_1/imports/sources_1/imports/src/adderTreeLegacy.vhd:48]
	Parameter INPUTS bound to: 2 - type: integer 
	Parameter BITS bound to: 7 - type: integer 
	Parameter LEVEL bound to: 1 - type: integer 
	Parameter Y_OUT_LEN bound to: 8 - type: integer 
INFO: [Synth 8-256] done synthesizing module 'adderTreeLegacy__parameterized3' (4#1) [C:/Users/ilpes/TDC_a35t/TDC_a35t_v10_RO_132_output_RO/TDC_a35t_v10_RO_132_output_RO.srcs/sources_1/imports/sources_1/imports/src/adderTreeLegacy.vhd:48]
INFO: [Synth 8-256] done synthesizing module 'adderTreeLegacy__parameterized2' (4#1) [C:/Users/ilpes/TDC_a35t/TDC_a35t_v10_RO_132_output_RO/TDC_a35t_v10_RO_132_output_RO.srcs/sources_1/imports/sources_1/imports/src/adderTreeLegacy.vhd:48]
INFO: [Synth 8-256] done synthesizing module 'adderTreeLegacy__parameterized1' (4#1) [C:/Users/ilpes/TDC_a35t/TDC_a35t_v10_RO_132_output_RO/TDC_a35t_v10_RO_132_output_RO.srcs/sources_1/imports/sources_1/imports/src/adderTreeLegacy.vhd:48]
INFO: [Synth 8-256] done synthesizing module 'adderTreeLegacy__parameterized0' (4#1) [C:/Users/ilpes/TDC_a35t/TDC_a35t_v10_RO_132_output_RO/TDC_a35t_v10_RO_132_output_RO.srcs/sources_1/imports/sources_1/imports/src/adderTreeLegacy.vhd:48]
INFO: [Synth 8-256] done synthesizing module 'adderTreeLegacy' (4#1) [C:/Users/ilpes/TDC_a35t/TDC_a35t_v10_RO_132_output_RO/TDC_a35t_v10_RO_132_output_RO.srcs/sources_1/imports/sources_1/imports/src/adderTreeLegacy.vhd:48]
INFO: [Synth 8-256] done synthesizing module 'encoder' (5#1) [C:/Users/ilpes/TDC_a35t/TDC_a35t_v10_RO_132_output_RO/TDC_a35t_v10_RO_132_output_RO.srcs/sources_1/imports/src/encoder.vhd:43]
INFO: [Synth 8-638] synthesizing module 'counter' [C:/Users/ilpes/TDC_a35t/TDC_a35t_v10_RO_132_output_RO/TDC_a35t_v10_RO_132_output_RO.srcs/sources_1/imports/src/counter.vhd:36]
	Parameter BITS bound to: 24 - type: integer 
INFO: [Synth 8-256] done synthesizing module 'counter' (6#1) [C:/Users/ilpes/TDC_a35t/TDC_a35t_v10_RO_132_output_RO/TDC_a35t_v10_RO_132_output_RO.srcs/sources_1/imports/src/counter.vhd:36]
	Parameter CLK_FREQ bound to: 200000000 - type: integer 
	Parameter BAUD_RATE bound to: 9600 - type: integer 
INFO: [Synth 8-3491] module 'numbers2ascii_serial' declared at 'C:/Users/ilpes/TDC_a35t/TDC_a35t_v10_RO_132_output_RO/TDC_a35t_v10_RO_132_output_RO.srcs/sources_1/new/numbers2ascii_serial.vhd:5' bound to instance 'final_stage' of component 'numbers2ascii_serial' [C:/Users/ilpes/TDC_a35t/TDC_a35t_v10_RO_132_output_RO/TDC_a35t_v10_RO_132_output_RO.srcs/sources_1/imports/src/TDCchannel.vhd:213]
INFO: [Synth 8-638] synthesizing module 'numbers2ascii_serial' [C:/Users/ilpes/TDC_a35t/TDC_a35t_v10_RO_132_output_RO/TDC_a35t_v10_RO_132_output_RO.srcs/sources_1/new/numbers2ascii_serial.vhd:20]
	Parameter CLK_FREQ bound to: 200000000 - type: integer 
	Parameter BAUD_RATE bound to: 9600 - type: integer 
INFO: [Synth 8-256] done synthesizing module 'numbers2ascii_serial' (7#1) [C:/Users/ilpes/TDC_a35t/TDC_a35t_v10_RO_132_output_RO/TDC_a35t_v10_RO_132_output_RO.srcs/sources_1/new/numbers2ascii_serial.vhd:20]
INFO: [Synth 8-6157] synthesizing module 'PLL_A' [C:/Users/ilpes/TDC_a35t/TDC_a35t_v10_RO_132_output_RO/TDC_a35t_v10_RO_132_output_RO.runs/synth_1/.Xil/Vivado-25512-LAPTOP-IMI5H5SA/realtime/PLL_A_stub.v:5]
INFO: [Synth 8-6155] done synthesizing module 'PLL_A' (8#1) [C:/Users/ilpes/TDC_a35t/TDC_a35t_v10_RO_132_output_RO/TDC_a35t_v10_RO_132_output_RO.runs/synth_1/.Xil/Vivado-25512-LAPTOP-IMI5H5SA/realtime/PLL_A_stub.v:5]
INFO: [Synth 8-256] done synthesizing module 'TDCchannel' (9#1) [C:/Users/ilpes/TDC_a35t/TDC_a35t_v10_RO_132_output_RO/TDC_a35t_v10_RO_132_output_RO.srcs/sources_1/imports/src/TDCchannel.vhd:45]
---------------------------------------------------------------------------------
Finished RTL Elaboration : Time (s): cpu = 00:00:05 ; elapsed = 00:00:07 . Memory (MB): peak = 1239.305 ; gain = 136.676
---------------------------------------------------------------------------------
---------------------------------------------------------------------------------
Start Handling Custom Attributes
---------------------------------------------------------------------------------
---------------------------------------------------------------------------------
Finished Handling Custom Attributes : Time (s): cpu = 00:00:06 ; elapsed = 00:00:07 . Memory (MB): peak = 1257.230 ; gain = 154.602
---------------------------------------------------------------------------------
---------------------------------------------------------------------------------
Finished RTL Optimization Phase 1 : Time (s): cpu = 00:00:06 ; elapsed = 00:00:07 . Memory (MB): peak = 1257.230 ; gain = 154.602
---------------------------------------------------------------------------------
Netlist sorting complete. Time (s): cpu = 00:00:00 ; elapsed = 00:00:00.009 . Memory (MB): peak = 1269.258 ; gain = 0.000
INFO: [Netlist 29-17] Analyzing 33 Unisim elements for replacement
INFO: [Netlist 29-28] Unisim Transformation completed in 0 CPU seconds
INFO: [Project 1-570] Preparing netlist for logic optimization

Processing XDC Constraints
Initializing timing engine
Parsing XDC File [c:/Users/ilpes/TDC_a35t/TDC_a35t_v10_RO_132_output_RO/TDC_a35t_v10_RO_132_output_RO.gen/sources_1/ip/PLL_A/PLL_A/PLL_A_in_context.xdc] for cell 'plla'
Finished Parsing XDC File [c:/Users/ilpes/TDC_a35t/TDC_a35t_v10_RO_132_output_RO/TDC_a35t_v10_RO_132_output_RO.gen/sources_1/ip/PLL_A/PLL_A/PLL_A_in_context.xdc] for cell 'plla'
Parsing XDC File [C:/Users/ilpes/TDC_a35t/TDC_a35t_v10_RO_132_output_RO/TDC_a35t_v10_RO_132_output_RO.srcs/constrs_1/imports/Downloads/Cmod-A7-Master.xdc]
WARNING: [Vivado 12-180] No cells matched 'trigger_out_reg'. [C:/Users/ilpes/TDC_a35t/TDC_a35t_v10_RO_132_output_RO/TDC_a35t_v10_RO_132_output_RO.srcs/constrs_1/imports/Downloads/Cmod-A7-Master.xdc:8]
WARNING: [Vivado 12-180] No cells matched 'counter_reg*'. [C:/Users/ilpes/TDC_a35t/TDC_a35t_v10_RO_132_output_RO/TDC_a35t_v10_RO_132_output_RO.srcs/constrs_1/imports/Downloads/Cmod-A7-Master.xdc:22]
WARNING: [Vivado 12-4775] These ranges will be aligned to a tile boundary: SLICE_X0Y0:SLICE_X4Y10 [C:/Users/ilpes/TDC_a35t/TDC_a35t_v10_RO_132_output_RO/TDC_a35t_v10_RO_132_output_RO.srcs/constrs_1/imports/Downloads/Cmod-A7-Master.xdc:549]
Finished Parsing XDC File [C:/Users/ilpes/TDC_a35t/TDC_a35t_v10_RO_132_output_RO/TDC_a35t_v10_RO_132_output_RO.srcs/constrs_1/imports/Downloads/Cmod-A7-Master.xdc]
WARNING: [Project 1-498] One or more constraints failed evaluation while reading constraint file [C:/Users/ilpes/TDC_a35t/TDC_a35t_v10_RO_132_output_RO/TDC_a35t_v10_RO_132_output_RO.srcs/constrs_1/imports/Downloads/Cmod-A7-Master.xdc] and the design contains unresolved black boxes. These constraints will be read post-synthesis (as long as their source constraint file is marked as used_in_implementation) and should be applied correctly then. You should review the constraints listed in the file [.Xil/TDCchannel_propImpl.xdc] and check the run log file to verify that these constraints were correctly applied.
INFO: [Project 1-236] Implementation specific constraints were found while reading constraint file [C:/Users/ilpes/TDC_a35t/TDC_a35t_v10_RO_132_output_RO/TDC_a35t_v10_RO_132_output_RO.srcs/constrs_1/imports/Downloads/Cmod-A7-Master.xdc]. These constraints will be ignored for synthesis but will be used in implementation. Impacted constraints are listed in the file [.Xil/TDCchannel_propImpl.xdc].
Resolution: To avoid this warning, move constraints listed in [.Xil/TDCchannel_propImpl.xdc] to another XDC file and exclude this new file from synthesis with the used_in_synthesis property (File Properties dialog in GUI) and re-run elaboration/synthesis.
Completed Processing XDC Constraints

Netlist sorting complete. Time (s): cpu = 00:00:00 ; elapsed = 00:00:00 . Memory (MB): peak = 1377.250 ; gain = 0.000
INFO: [Project 1-111] Unisim Transformation Summary:
No Unisim elements were transformed.

Constraint Validation Runtime : Time (s): cpu = 00:00:00 ; elapsed = 00:00:00.011 . Memory (MB): peak = 1377.250 ; gain = 0.000
---------------------------------------------------------------------------------
Finished Constraint Validation : Time (s): cpu = 00:00:12 ; elapsed = 00:00:14 . Memory (MB): peak = 1377.250 ; gain = 274.621
---------------------------------------------------------------------------------
---------------------------------------------------------------------------------
Start Loading Part and Timing Information
---------------------------------------------------------------------------------
Loading part: xc7a35tcpg236-1
---------------------------------------------------------------------------------
Finished Loading Part and Timing Information : Time (s): cpu = 00:00:12 ; elapsed = 00:00:14 . Memory (MB): peak = 1377.250 ; gain = 274.621
---------------------------------------------------------------------------------
---------------------------------------------------------------------------------
Start Applying 'set_property' XDC Constraints
---------------------------------------------------------------------------------
Applied set_property IO_BUFFER_TYPE = NONE for clk. (constraint file  c:/Users/ilpes/TDC_a35t/TDC_a35t_v10_RO_132_output_RO/TDC_a35t_v10_RO_132_output_RO.gen/sources_1/ip/PLL_A/PLL_A/PLL_A_in_context.xdc, line 4).
Applied set_property CLOCK_BUFFER_TYPE = NONE for clk. (constraint file  c:/Users/ilpes/TDC_a35t/TDC_a35t_v10_RO_132_output_RO/TDC_a35t_v10_RO_132_output_RO.gen/sources_1/ip/PLL_A/PLL_A/PLL_A_in_context.xdc, line 5).
Applied set_property KEEP_HIERARCHY = SOFT for plla. (constraint file  auto generated constraint).
---------------------------------------------------------------------------------
Finished applying 'set_property' XDC Constraints : Time (s): cpu = 00:00:12 ; elapsed = 00:00:14 . Memory (MB): peak = 1377.250 ; gain = 274.621
---------------------------------------------------------------------------------
INFO: [Synth 8-802] inferred FSM for state register 'state_reg' in module 'numbers2ascii_serial'
---------------------------------------------------------------------------------------------------
                   State |                     New Encoding |                Previous Encoding 
---------------------------------------------------------------------------------------------------
                    idle |                               00 |                               00
               load_char |                               01 |                               01
                send_bit |                               10 |                               10
               next_char |                               11 |                               11
---------------------------------------------------------------------------------------------------
INFO: [Synth 8-3354] encoded FSM with state register 'state_reg' using encoding 'sequential' in module 'numbers2ascii_serial'
---------------------------------------------------------------------------------
Finished RTL Optimization Phase 2 : Time (s): cpu = 00:00:12 ; elapsed = 00:00:14 . Memory (MB): peak = 1377.250 ; gain = 274.621
---------------------------------------------------------------------------------
---------------------------------------------------------------------------------
Start RTL Component Statistics 
---------------------------------------------------------------------------------
Detailed RTL Component Info : 
+---Adders : 
	   2 Input   15 Bit       Adders := 1     
	   2 Input   10 Bit       Adders := 1     
	   2 Input    8 Bit       Adders := 3     
	   2 Input    7 Bit       Adders := 1     
	   2 Input    6 Bit       Adders := 3     
	   2 Input    5 Bit       Adders := 5     
	   2 Input    4 Bit       Adders := 14    
+---Registers : 
	              132 Bit    Registers := 2     
	               66 Bit    Registers := 1     
	               44 Bit    Registers := 1     
	               32 Bit    Registers := 1     
	               30 Bit    Registers := 1     
	               24 Bit    Registers := 1     
	               18 Bit    Registers := 1     
	               15 Bit    Registers := 1     
	               14 Bit    Registers := 1     
	               10 Bit    Registers := 2     
	                8 Bit    Registers := 3     
	                4 Bit    Registers := 3     
	                3 Bit    Registers := 1     
	                2 Bit    Registers := 1     
	                1 Bit    Registers := 12    
+---Muxes : 
	   2 Input   15 Bit        Muxes := 1     
	   4 Input   15 Bit        Muxes := 1     
	   4 Input   10 Bit        Muxes := 1     
	   2 Input    7 Bit        Muxes := 1     
	   2 Input    6 Bit        Muxes := 2     
	   2 Input    4 Bit        Muxes := 4     
	   4 Input    4 Bit        Muxes := 2     
	   2 Input    3 Bit        Muxes := 1     
	  11 Input    3 Bit        Muxes := 1     
	   4 Input    2 Bit        Muxes := 2     
	   8 Input    2 Bit        Muxes := 2     
	   2 Input    2 Bit        Muxes := 1     
	   2 Input    1 Bit        Muxes := 5     
	   8 Input    1 Bit        Muxes := 1     
	   9 Input    1 Bit        Muxes := 1     
	   4 Input    1 Bit        Muxes := 10    
---------------------------------------------------------------------------------
Finished RTL Component Statistics 
---------------------------------------------------------------------------------
---------------------------------------------------------------------------------
Start Part Resource Summary
---------------------------------------------------------------------------------
Part Resources:
DSPs: 90 (col length:60)
BRAMs: 100 (col length: RAMB18 60 RAMB36 30)
---------------------------------------------------------------------------------
Finished Part Resource Summary
---------------------------------------------------------------------------------
---------------------------------------------------------------------------------
Start Cross Boundary and Area Optimization
---------------------------------------------------------------------------------
---------------------------------------------------------------------------------
Finished Cross Boundary and Area Optimization : Time (s): cpu = 00:00:14 ; elapsed = 00:00:17 . Memory (MB): peak = 1377.250 ; gain = 274.621
---------------------------------------------------------------------------------
---------------------------------------------------------------------------------
Start Applying XDC Timing Constraints
---------------------------------------------------------------------------------
---------------------------------------------------------------------------------
Finished Applying XDC Timing Constraints : Time (s): cpu = 00:00:20 ; elapsed = 00:00:23 . Memory (MB): peak = 1377.250 ; gain = 274.621
---------------------------------------------------------------------------------
---------------------------------------------------------------------------------
Start Timing Optimization
---------------------------------------------------------------------------------
      : \ro/nodes_orig0_inferred__64 /out[64]
      : \ro/nodes_inferred__0 /out[64]
      : \ro/nodes_inferred__0 /in0[64]
      : \ro/nodes_inferred /out[64]
      : \ro/nodes_inferred /in0[64]
      : \ro/nodes_orig0_inferred__63 /nodes_orig0
      : \ro/nodes_orig0_inferred__63 /out[63]
      : \ro/nodes_inferred__0 /out[63]
      : \ro/nodes_inferred__0 /in0[63]
      : \ro/nodes_inferred /out[63]
      : \ro/nodes_inferred /in0[63]
      : \ro/nodes_orig0_inferred__62 /nodes_orig0
      : \ro/nodes_orig0_inferred__62 /out[62]
      : \ro/nodes_inferred__0 /out[62]
      : \ro/nodes_inferred__0 /in0[62]
      : \ro/nodes_inferred /out[62]
      : \ro/nodes_inferred /in0[62]
      : \ro/nodes_orig0_inferred__61 /nodes_orig0
      : \ro/nodes_orig0_inferred__61 /out[61]
      : \ro/nodes_inferred__0 /out[61]
      : \ro/nodes_inferred__0 /in0[61]
      : \ro/nodes_inferred /out[61]
      : \ro/nodes_inferred /in0[61]
      : \ro/nodes_orig0_inferred__60 /nodes_orig0
      : \ro/nodes_orig0_inferred__60 /out[60]
      : \ro/nodes_inferred__0 /out[60]
      : \ro/nodes_inferred__0 /in0[60]
      : \ro/nodes_inferred /out[60]
      : \ro/nodes_inferred /in0[60]
      : \ro/nodes_orig0_inferred__59 /nodes_orig0
      : \ro/nodes_orig0_inferred__59 /out[59]
      : \ro/nodes_inferred__0 /out[59]
      : \ro/nodes_inferred__0 /in0[59]
      : \ro/nodes_inferred /out[59]
      : \ro/nodes_inferred /in0[59]
      : \ro/nodes_orig0_inferred__58 /nodes_orig0
      : \ro/nodes_orig0_inferred__58 /out[58]
      : \ro/nodes_inferred__0 /out[58]
      : \ro/nodes_inferred__0 /in0[58]
      : \ro/nodes_inferred /out[58]
      : \ro/nodes_inferred /in0[58]
      : \ro/nodes_orig0_inferred__57 /nodes_orig0
      : \ro/nodes_orig0_inferred__57 /out[57]
      : \ro/nodes_inferred__0 /out[57]
      : \ro/nodes_inferred__0 /in0[57]
      : \ro/nodes_inferred /out[57]
      : \ro/nodes_inferred /in0[57]
      : \ro/nodes_orig0_inferred__56 /nodes_orig0
      : \ro/nodes_orig0_inferred__56 /out[56]
      : \ro/nodes_inferred__0 /out[56]
      : \ro/nodes_inferred__0 /in0[56]
      : \ro/nodes_inferred /out[56]
      : \ro/nodes_inferred /in0[56]
      : \ro/nodes_orig0_inferred__55 /nodes_orig0
      : \ro/nodes_orig0_inferred__55 /out[55]
      : \ro/nodes_inferred__0 /out[55]
      : \ro/nodes_inferred__0 /in0[55]
      : \ro/nodes_inferred /out[55]
      : \ro/nodes_inferred /in0[55]
      : \ro/nodes_orig0_inferred__54 /nodes_orig0
      : \ro/nodes_orig0_inferred__54 /out[54]
      : \ro/nodes_inferred__0 /out[54]
      : \ro/nodes_inferred__0 /in0[54]
      : \ro/nodes_inferred /out[54]
      : \ro/nodes_inferred /in0[54]
      : \ro/nodes_orig0_inferred__53 /nodes_orig0
      : \ro/nodes_orig0_inferred__53 /out[53]
      : \ro/nodes_inferred__0 /out[53]
      : \ro/nodes_inferred__0 /in0[53]
      : \ro/nodes_inferred /out[53]
      : \ro/nodes_inferred /in0[53]
      : \ro/nodes_orig0_inferred__52 /nodes_orig0
      : \ro/nodes_orig0_inferred__52 /out[52]
      : \ro/nodes_inferred__0 /out[52]
      : \ro/nodes_inferred__0 /in0[52]
      : \ro/nodes_inferred /out[52]
      : \ro/nodes_inferred /in0[52]
      : \ro/nodes_orig0_inferred__51 /nodes_orig0
      : \ro/nodes_orig0_inferred__51 /out[51]
      : \ro/nodes_inferred__0 /out[51]
      : \ro/nodes_inferred__0 /in0[51]
      : \ro/nodes_inferred /out[51]
      : \ro/nodes_inferred /in0[51]
      : \ro/nodes_orig0_inferred__50 /nodes_orig0
      : \ro/nodes_orig0_inferred__50 /out[50]
      : \ro/nodes_inferred__0 /out[50]
      : \ro/nodes_inferred__0 /in0[50]
      : \ro/nodes_inferred /out[50]
      : \ro/nodes_inferred /in0[50]
      : \ro/nodes_orig0_inferred__49 /nodes_orig0
      : \ro/nodes_orig0_inferred__49 /out[49]
      : \ro/nodes_inferred__0 /out[49]
      : \ro/nodes_inferred__0 /in0[49]
      : \ro/nodes_inferred /out[49]
      : \ro/nodes_inferred /in0[49]
      : \ro/nodes_orig0_inferred__48 /nodes_orig0
      : \ro/nodes_orig0_inferred__48 /out[48]
      : \ro/nodes_inferred__0 /out[48]
      : \ro/nodes_inferred__0 /in0[48]
      : \ro/nodes_inferred /out[48]
      : \ro/nodes_inferred /in0[48]
      : \ro/nodes_orig0_inferred__47 /nodes_orig0
      : \ro/nodes_orig0_inferred__47 /out[47]
      : \ro/nodes_inferred__0 /out[47]
      : \ro/nodes_inferred__0 /in0[47]
      : \ro/nodes_inferred /out[47]
      : \ro/nodes_inferred /in0[47]
      : \ro/nodes_orig0_inferred__46 /nodes_orig0
      : \ro/nodes_orig0_inferred__46 /out[46]
      : \ro/nodes_inferred__0 /out[46]
      : \ro/nodes_inferred__0 /in0[46]
      : \ro/nodes_inferred /out[46]
      : \ro/nodes_inferred /in0[46]
      : \ro/nodes_orig0_inferred__45 /nodes_orig0
      : \ro/nodes_orig0_inferred__45 /out[45]
      : \ro/nodes_inferred__0 /out[45]
      : \ro/nodes_inferred__0 /in0[45]
      : \ro/nodes_inferred /out[45]
      : \ro/nodes_inferred /in0[45]
      : \ro/nodes_orig0_inferred__44 /nodes_orig0
      : \ro/nodes_orig0_inferred__44 /out[44]
      : \ro/nodes_inferred__0 /out[44]
      : \ro/nodes_inferred__0 /in0[44]
      : \ro/nodes_inferred /out[44]
      : \ro/nodes_inferred /in0[44]
      : \ro/nodes_orig0_inferred__43 /nodes_orig0
      : \ro/nodes_orig0_inferred__43 /out[43]
      : \ro/nodes_inferred__0 /out[43]
      : \ro/nodes_inferred__0 /in0[43]
      : \ro/nodes_inferred /out[43]
      : \ro/nodes_inferred /in0[43]
      : \ro/nodes_orig0_inferred__42 /nodes_orig0
      : \ro/nodes_orig0_inferred__42 /out[42]
      : \ro/nodes_inferred__0 /out[42]
      : \ro/nodes_inferred__0 /in0[42]
      : \ro/nodes_inferred /out[42]
      : \ro/nodes_inferred /in0[42]
      : \ro/nodes_orig0_inferred__41 /nodes_orig0
      : \ro/nodes_orig0_inferred__41 /out[41]
      : \ro/nodes_inferred__0 /out[41]
      : \ro/nodes_inferred__0 /in0[41]
      : \ro/nodes_inferred /out[41]
      : \ro/nodes_inferred /in0[41]
      : \ro/nodes_orig0_inferred__40 /nodes_orig0
      : \ro/nodes_orig0_inferred__40 /out[40]
      : \ro/nodes_inferred__0 /out[40]
      : \ro/nodes_inferred__0 /in0[40]
      : \ro/nodes_inferred /out[40]
      : \ro/nodes_inferred /in0[40]
      : \ro/nodes_orig0_inferred__39 /nodes_orig0
      : \ro/nodes_orig0_inferred__39 /out[39]
      : \ro/nodes_inferred__0 /out[39]
      : \ro/nodes_inferred__0 /in0[39]
      : \ro/nodes_inferred /out[39]
      : \ro/nodes_inferred /in0[39]
      : \ro/nodes_orig0_inferred__38 /nodes_orig0
      : \ro/nodes_orig0_inferred__38 /out[38]
      : \ro/nodes_inferred__0 /out[38]
      : \ro/nodes_inferred__0 /in0[38]
      : \ro/nodes_inferred /out[38]
      : \ro/nodes_inferred /in0[38]
      : \ro/nodes_orig0_inferred__37 /nodes_orig0
      : \ro/nodes_orig0_inferred__37 /out[37]
      : \ro/nodes_inferred__0 /out[37]
      : \ro/nodes_inferred__0 /in0[37]
      : \ro/nodes_inferred /out[37]
      : \ro/nodes_inferred /in0[37]
      : \ro/nodes_orig0_inferred__36 /nodes_orig0
      : \ro/nodes_orig0_inferred__36 /out[36]
      : \ro/nodes_inferred__0 /out[36]
      : \ro/nodes_inferred__0 /in0[36]
      : \ro/nodes_inferred /out[36]
      : \ro/nodes_inferred /in0[36]
      : \ro/nodes_orig0_inferred__35 /nodes_orig0
      : \ro/nodes_orig0_inferred__35 /out[35]
      : \ro/nodes_inferred__0 /out[35]
      : \ro/nodes_inferred__0 /in0[35]
      : \ro/nodes_inferred /out[35]
      : \ro/nodes_inferred /in0[35]
      : \ro/nodes_orig0_inferred__34 /nodes_orig0
      : \ro/nodes_orig0_inferred__34 /out[34]
      : \ro/nodes_inferred__0 /out[34]
      : \ro/nodes_inferred__0 /in0[34]
      : \ro/nodes_inferred /out[34]
      : \ro/nodes_inferred /in0[34]
      : \ro/nodes_orig0_inferred__33 /nodes_orig0
      : \ro/nodes_orig0_inferred__33 /out[33]
      : \ro/nodes_inferred__0 /out[33]
      : \ro/nodes_inferred__0 /in0[33]
      : \ro/nodes_inferred /out[33]
      : \ro/nodes_inferred /in0[33]
      : \ro/nodes_orig0_inferred__32 /nodes_orig0
      : \ro/nodes_orig0_inferred__32 /out[32]
      : \ro/nodes_inferred__0 /out[32]
      : \ro/nodes_inferred__0 /in0[32]
      : \ro/nodes_inferred /out[32]
      : \ro/nodes_inferred /in0[32]
      : \ro/nodes_orig0_inferred__31 /nodes_orig0
      : \ro/nodes_orig0_inferred__31 /out[31]
      : \ro/nodes_inferred__0 /out[31]
      : \ro/nodes_inferred__0 /in0[31]
      : \ro/nodes_inferred /out[31]
      : \ro/nodes_inferred /in0[31]
      : \ro/nodes_orig0_inferred__30 /nodes_orig0
      : \ro/nodes_orig0_inferred__30 /out[30]
      : \ro/nodes_inferred__0 /out[30]
      : \ro/nodes_inferred__0 /in0[30]
      : \ro/nodes_inferred /out[30]
      : \ro/nodes_inferred /in0[30]
      : \ro/nodes_orig0_inferred__29 /nodes_orig0
      : \ro/nodes_orig0_inferred__29 /out[29]
      : \ro/nodes_inferred__0 /out[29]
      : \ro/nodes_inferred__0 /in0[29]
      : \ro/nodes_inferred /out[29]
      : \ro/nodes_inferred /in0[29]
      : \ro/nodes_orig0_inferred__28 /nodes_orig0
      : \ro/nodes_orig0_inferred__28 /out[28]
      : \ro/nodes_inferred__0 /out[28]
      : \ro/nodes_inferred__0 /in0[28]
      : \ro/nodes_inferred /out[28]
      : \ro/nodes_inferred /in0[28]
      : \ro/nodes_orig0_inferred__27 /nodes_orig0
      : \ro/nodes_orig0_inferred__27 /out[27]
      : \ro/nodes_inferred__0 /out[27]
      : \ro/nodes_inferred__0 /in0[27]
      : \ro/nodes_inferred /out[27]
      : \ro/nodes_inferred /in0[27]
      : \ro/nodes_orig0_inferred__26 /nodes_orig0
      : \ro/nodes_orig0_inferred__26 /out[26]
      : \ro/nodes_inferred__0 /out[26]
      : \ro/nodes_inferred__0 /in0[26]
      : \ro/nodes_inferred /out[26]
      : \ro/nodes_inferred /in0[26]
      : \ro/nodes_orig0_inferred__25 /nodes_orig0
      : \ro/nodes_orig0_inferred__25 /out[25]
      : \ro/nodes_inferred__0 /out[25]
      : \ro/nodes_inferred__0 /in0[25]
      : \ro/nodes_inferred /out[25]
      : \ro/nodes_inferred /in0[25]
      : \ro/nodes_orig0_inferred__24 /nodes_orig0
      : \ro/nodes_orig0_inferred__24 /out[24]
      : \ro/nodes_inferred__0 /out[24]
      : \ro/nodes_inferred__0 /in0[24]
      : \ro/nodes_inferred /out[24]
      : \ro/nodes_inferred /in0[24]
      : \ro/nodes_orig0_inferred__23 /nodes_orig0
      : \ro/nodes_orig0_inferred__23 /out[23]
      : \ro/nodes_inferred__0 /out[23]
      : \ro/nodes_inferred__0 /in0[23]
      : \ro/nodes_inferred /out[23]
      : \ro/nodes_inferred /in0[23]
      : \ro/nodes_orig0_inferred__22 /nodes_orig0
      : \ro/nodes_orig0_inferred__22 /out[22]
      : \ro/nodes_inferred__0 /out[22]
      : \ro/nodes_inferred__0 /in0[22]
      : \ro/nodes_inferred /out[22]
      : \ro/nodes_inferred /in0[22]
      : \ro/nodes_orig0_inferred__21 /nodes_orig0
      : \ro/nodes_orig0_inferred__21 /out[21]
      : \ro/nodes_inferred__0 /out[21]
      : \ro/nodes_inferred__0 /in0[21]
      : \ro/nodes_inferred /out[21]
      : \ro/nodes_inferred /in0[21]
      : \ro/nodes_orig0_inferred__20 /nodes_orig0
      : \ro/nodes_orig0_inferred__20 /out[20]
      : \ro/nodes_inferred__0 /out[20]
      : \ro/nodes_inferred__0 /in0[20]
      : \ro/nodes_inferred /out[20]
      : \ro/nodes_inferred /in0[20]
      : \ro/nodes_orig0_inferred__19 /nodes_orig0
      : \ro/nodes_orig0_inferred__19 /out[19]
      : \ro/nodes_inferred__0 /out[19]
      : \ro/nodes_inferred__0 /in0[19]
      : \ro/nodes_inferred /out[19]
      : \ro/nodes_inferred /in0[19]
      : \ro/nodes_orig0_inferred__18 /nodes_orig0
      : \ro/nodes_orig0_inferred__18 /out[18]
      : \ro/nodes_inferred__0 /out[18]
      : \ro/nodes_inferred__0 /in0[18]
      : \ro/nodes_inferred /out[18]
      : \ro/nodes_inferred /in0[18]
      : \ro/nodes_orig0_inferred__17 /nodes_orig0
      : \ro/nodes_orig0_inferred__17 /out[17]
      : \ro/nodes_inferred__0 /out[17]
      : \ro/nodes_inferred__0 /in0[17]
      : \ro/nodes_inferred /out[17]
      : \ro/nodes_inferred /in0[17]
      : \ro/nodes_orig0_inferred__16 /nodes_orig0
      : \ro/nodes_orig0_inferred__16 /out[16]
      : \ro/nodes_inferred__0 /out[16]
      : \ro/nodes_inferred__0 /in0[16]
      : \ro/nodes_inferred /out[16]
      : \ro/nodes_inferred /in0[16]
      : \ro/nodes_orig0_inferred__15 /nodes_orig0
      : \ro/nodes_orig0_inferred__15 /out[15]
      : \ro/nodes_inferred__0 /out[15]
      : \ro/nodes_inferred__0 /in0[15]
      : \ro/nodes_inferred /out[15]
      : \ro/nodes_inferred /in0[15]
      : \ro/nodes_orig0_inferred__14 /nodes_orig0
      : \ro/nodes_orig0_inferred__14 /out[14]
      : \ro/nodes_inferred__0 /out[14]
      : \ro/nodes_inferred__0 /in0[14]
      : \ro/nodes_inferred /out[14]
      : \ro/nodes_inferred /in0[14]
      : \ro/nodes_orig0_inferred__13 /nodes_orig0
      : \ro/nodes_orig0_inferred__13 /out[13]
      : \ro/nodes_inferred__0 /out[13]
      : \ro/nodes_inferred__0 /in0[13]
      : \ro/nodes_inferred /out[13]
      : \ro/nodes_inferred /in0[13]
      : \ro/nodes_orig0_inferred__12 /nodes_orig0
      : \ro/nodes_orig0_inferred__12 /out[12]
      : \ro/nodes_inferred__0 /out[12]
      : \ro/nodes_inferred__0 /in0[12]
      : \ro/nodes_inferred /out[12]
      : \ro/nodes_inferred /in0[12]
      : \ro/nodes_orig0_inferred__11 /nodes_orig0
      : \ro/nodes_orig0_inferred__11 /out[11]
      : \ro/nodes_inferred__0 /out[11]
      : \ro/nodes_inferred__0 /in0[11]
      : \ro/nodes_inferred /out[11]
      : \ro/nodes_inferred /in0[11]
      : \ro/nodes_orig0_inferred__10 /nodes_orig0
      : \ro/nodes_orig0_inferred__10 /out[10]
      : \ro/nodes_inferred__0 /out[10]
      : \ro/nodes_inferred__0 /in0[10]
      : \ro/nodes_inferred /out[10]
      : \ro/nodes_inferred /in0[10]
      : \ro/nodes_orig0_inferred__9 /nodes_orig0
      : \ro/nodes_orig0_inferred__9 /out[9]
      : \ro/nodes_inferred__0 /out[9]
      : \ro/nodes_inferred__0 /in0[9]
      : \ro/nodes_inferred /out[9]
      : \ro/nodes_inferred /in0[9]
      : \ro/nodes_orig0_inferred__8 /nodes_orig0
      : \ro/nodes_orig0_inferred__8 /out[8]
      : \ro/nodes_inferred__0 /out[8]
      : \ro/nodes_inferred__0 /in0[8]
      : \ro/nodes_inferred /out[8]
      : \ro/nodes_inferred /in0[8]
      : \ro/nodes_orig0_inferred__7 /nodes_orig0
      : \ro/nodes_orig0_inferred__7 /out[7]
      : \ro/nodes_inferred__0 /out[7]
      : \ro/nodes_inferred__0 /in0[7]
      : \ro/nodes_inferred /out[7]
      : \ro/nodes_inferred /in0[7]
      : \ro/nodes_orig0_inferred__6 /nodes_orig0
      : \ro/nodes_orig0_inferred__6 /out[6]
      : \ro/nodes_inferred__0 /out[6]
      : \ro/nodes_inferred__0 /in0[6]
      : \ro/nodes_inferred /out[6]
      : \ro/nodes_inferred /in0[6]
      : \ro/nodes_orig0_inferred__5 /nodes_orig0
      : \ro/nodes_orig0_inferred__5 /out[5]
      : \ro/nodes_inferred__0 /out[5]
      : \ro/nodes_inferred__0 /in0[5]
      : \ro/nodes_inferred /out[5]
      : \ro/nodes_inferred /in0[5]
      : \ro/nodes_orig0_inferred__4 /nodes_orig0
      : \ro/nodes_orig0_inferred__4 /out[4]
      : \ro/nodes_inferred__0 /out[4]
      : \ro/nodes_inferred__0 /in0[4]
      : \ro/nodes_inferred /out[4]
      : \ro/nodes_inferred /in0[4]
      : \ro/nodes_orig0_inferred__3 /nodes_orig0
      : \ro/nodes_orig0_inferred__3 /out[3]
      : \ro/nodes_inferred__0 /out[3]
      : \ro/nodes_inferred__0 /in0[3]
      : \ro/nodes_inferred /out[3]
      : \ro/nodes_inferred /in0[3]
      : \ro/nodes_orig0_inferred__2 /nodes_orig0
      : \ro/nodes_orig0_inferred__2 /out[2]
      : \ro/nodes_inferred__0 /out[2]
      : \ro/nodes_inferred__0 /in0[2]
      : \ro/nodes_inferred /out[2]
      : \ro/nodes_inferred /in0[2]
      : \ro/nodes_orig0_inferred__1 /nodes_orig0
      : \ro/nodes_orig0_inferred__1 /out[1]
      : \ro/nodes_inferred__0 /out[1]
      : \ro/nodes_inferred__0 /in0[1]
      : \ro/nodes_inferred /out[1]
      : \ro/nodes_inferred /in0[1]
      : \ro/nodes_orig0_inferred__0 /nodes_orig0
      : \ro/nodes_orig0_inferred__0 /out[0]
      : \ro/nodes_inferred__0 /out[0]
      : \ro/nodes_inferred__0 /in0[0]
      : \ro/nodes_inferred /out[0]
      : \ro/nodes_inferred /in0[0]
      : i_3/in0[0]
      : i_3/CLK
      : \ro/nodes_inferred__0 /out[66]
      : \ro/nodes_inferred__0 /in0[66]
      : \ro/nodes_inferred /out[66]
      : \ro/nodes_inferred /in0[66]
      : \ro/nodes_orig0_inferred__65 /nodes_orig0
      : \ro/nodes_orig0_inferred__65 /out[65]
      : \ro/nodes_inferred__0 /out[65]
      : \ro/nodes_inferred__0 /in0[65]
      : \ro/nodes_inferred /out[65]
      : \ro/nodes_inferred /in0[65]
      : \ro/nodes_orig0_inferred__64 /nodes_orig0
---------------------------------------------------------------------------------
Finished Timing Optimization : Time (s): cpu = 00:00:20 ; elapsed = 00:00:23 . Memory (MB): peak = 1377.250 ; gain = 274.621
---------------------------------------------------------------------------------
---------------------------------------------------------------------------------
Start Technology Mapping
---------------------------------------------------------------------------------
---------------------------------------------------------------------------------
Finished Technology Mapping : Time (s): cpu = 00:00:20 ; elapsed = 00:00:23 . Memory (MB): peak = 1377.250 ; gain = 274.621
---------------------------------------------------------------------------------
---------------------------------------------------------------------------------
Start IO Insertion
---------------------------------------------------------------------------------
---------------------------------------------------------------------------------
Start Flattening Before IO Insertion
---------------------------------------------------------------------------------
---------------------------------------------------------------------------------
Finished Flattening Before IO Insertion
---------------------------------------------------------------------------------
---------------------------------------------------------------------------------
Start Final Netlist Cleanup
---------------------------------------------------------------------------------
---------------------------------------------------------------------------------
Finished Final Netlist Cleanup
---------------------------------------------------------------------------------
WARNING: [Synth 8-5396] Clock pin C has keep related attribute (keep/mark_debug/dont_touch) which could create extra logic on its net [C:/Users/ilpes/TDC_a35t/TDC_a35t_v10_RO_132_output_RO/TDC_a35t_v10_RO_132_output_RO.srcs/sources_1/imports/src/TDCchannel.vhd:108]
---------------------------------------------------------------------------------
Finished IO Insertion : Time (s): cpu = 00:00:23 ; elapsed = 00:00:26 . Memory (MB): peak = 1377.250 ; gain = 274.621
---------------------------------------------------------------------------------
---------------------------------------------------------------------------------
Start Renaming Generated Instances
---------------------------------------------------------------------------------
---------------------------------------------------------------------------------
Finished Renaming Generated Instances : Time (s): cpu = 00:00:23 ; elapsed = 00:00:26 . Memory (MB): peak = 1377.250 ; gain = 274.621
---------------------------------------------------------------------------------
---------------------------------------------------------------------------------
Start Rebuilding User Hierarchy
---------------------------------------------------------------------------------
---------------------------------------------------------------------------------
Finished Rebuilding User Hierarchy : Time (s): cpu = 00:00:23 ; elapsed = 00:00:26 . Memory (MB): peak = 1377.250 ; gain = 274.621
---------------------------------------------------------------------------------
---------------------------------------------------------------------------------
Start Renaming Generated Ports
---------------------------------------------------------------------------------
---------------------------------------------------------------------------------
Finished Renaming Generated Ports : Time (s): cpu = 00:00:23 ; elapsed = 00:00:26 . Memory (MB): peak = 1377.250 ; gain = 274.621
---------------------------------------------------------------------------------
---------------------------------------------------------------------------------
Start Handling Custom Attributes
---------------------------------------------------------------------------------
---------------------------------------------------------------------------------
Finished Handling Custom Attributes : Time (s): cpu = 00:00:23 ; elapsed = 00:00:26 . Memory (MB): peak = 1377.250 ; gain = 274.621
---------------------------------------------------------------------------------
---------------------------------------------------------------------------------
Start Renaming Generated Nets
---------------------------------------------------------------------------------
---------------------------------------------------------------------------------
Finished Renaming Generated Nets : Time (s): cpu = 00:00:23 ; elapsed = 00:00:26 . Memory (MB): peak = 1377.250 ; gain = 274.621
---------------------------------------------------------------------------------
---------------------------------------------------------------------------------
Start ROM, RAM, DSP, Shift Register and Retiming Reporting
---------------------------------------------------------------------------------

Static Shift Register Report:
+------------+----------------------+--------+-------+--------------+--------------------+-------------------+--------+---------+
|Module Name | RTL Name             | Length | Width | Reset Signal | Pull out first Reg | Pull out last Reg | SRL16E | SRLC32E | 
+------------+----------------------+--------+-------+--------------+--------------------+-------------------+--------+---------+
|TDCchannel  | encoder/validOut_reg | 6      | 1     | NO           | NO                 | YES               | 1      | 0       | 
+------------+----------------------+--------+-------+--------------+--------------------+-------------------+--------+---------+

---------------------------------------------------------------------------------
Finished ROM, RAM, DSP, Shift Register and Retiming Reporting
---------------------------------------------------------------------------------
---------------------------------------------------------------------------------
Start Writing Synthesis Report
---------------------------------------------------------------------------------

Report BlackBoxes: 
+------+--------------+----------+
|      |BlackBox name |Instances |
+------+--------------+----------+
|1     |PLL_A         |         1|
+------+--------------+----------+

Report Cell Usage: 
+------+-------+------+
|      |Cell   |Count |
+------+-------+------+
|1     |PLL_A  |     1|
|2     |CARRY4 |    47|
|3     |LUT1   |    69|
|4     |LUT2   |    61|
|5     |LUT3   |    31|
|6     |LUT4   |    36|
|7     |LUT5   |    20|
|8     |LUT6   |   145|
|9     |MUXF7  |     3|
|10    |SRL16E |     1|
|11    |FDCE   |    27|
|12    |FDPE   |     2|
|13    |FDRE   |   561|
|14    |IBUF   |     2|
|15    |OBUF   |     3|
+------+-------+------+
---------------------------------------------------------------------------------
Finished Writing Synthesis Report : Time (s): cpu = 00:00:23 ; elapsed = 00:00:26 . Memory (MB): peak = 1377.250 ; gain = 274.621
---------------------------------------------------------------------------------
Synthesis finished with 0 errors, 0 critical warnings and 1 warnings.
Synthesis Optimization Runtime : Time (s): cpu = 00:00:15 ; elapsed = 00:00:24 . Memory (MB): peak = 1377.250 ; gain = 154.602
Synthesis Optimization Complete : Time (s): cpu = 00:00:23 ; elapsed = 00:00:26 . Memory (MB): peak = 1377.250 ; gain = 274.621
INFO: [Project 1-571] Translating synthesized netlist
Netlist sorting complete. Time (s): cpu = 00:00:00 ; elapsed = 00:00:00.012 . Memory (MB): peak = 1377.250 ; gain = 0.000
INFO: [Netlist 29-17] Analyzing 50 Unisim elements for replacement
INFO: [Netlist 29-28] Unisim Transformation completed in 0 CPU seconds
INFO: [Project 1-570] Preparing netlist for logic optimization
INFO: [Opt 31-138] Pushed 0 inverter(s) to 0 load pin(s).
Netlist sorting complete. Time (s): cpu = 00:00:00 ; elapsed = 00:00:00 . Memory (MB): peak = 1377.250 ; gain = 0.000
INFO: [Project 1-111] Unisim Transformation Summary:
No Unisim elements were transformed.

INFO: [Common 17-83] Releasing license: Synthesis
145 Infos, 5 Warnings, 0 Critical Warnings and 0 Errors encountered.
synth_design completed successfully
synth_design: Time (s): cpu = 00:00:28 ; elapsed = 00:00:33 . Memory (MB): peak = 1377.250 ; gain = 274.621
INFO: [Common 17-1381] The checkpoint 'C:/Users/ilpes/TDC_a35t/TDC_a35t_v10_RO_132_output_RO/TDC_a35t_v10_RO_132_output_RO.runs/synth_1/TDCchannel.dcp' has been generated.
INFO: [runtcl-4] Executing : report_utilization -file TDCchannel_utilization_synth.rpt -pb TDCchannel_utilization_synth.pb
INFO: [Common 17-206] Exiting Vivado at Tue Feb 24 09:29:54 2026...
