Copyright 1986-2020 Xilinx, Inc. All Rights Reserved.
---------------------------------------------------------------------------------------
| Tool Version : Vivado v.2020.2 (win64) Build 3064766 Wed Nov 18 09:12:45 MST 2020
| Date         : Sat Feb 14 23:47:34 2026
| Host         : LAPTOP-IMI5H5SA running 64-bit major release  (build 9200)
| Command      : report_control_sets -verbose -file TDCchannel_control_sets_placed.rpt
| Design       : TDCchannel
| Device       : xc7a35t
---------------------------------------------------------------------------------------

Control Set Information

Table of Contents
-----------------
1. Summary
2. Histogram
3. Flip-Flop Distribution
4. Detailed Control Set Information

1. Summary
----------

+----------------------------------------------------------+-------+
|                          Status                          | Count |
+----------------------------------------------------------+-------+
| Total control sets                                       |    13 |
|    Minimum number of control sets                        |    13 |
|    Addition due to synthesis replication                 |     0 |
|    Addition due to physical synthesis replication        |     0 |
| Unused register locations in slices containing registers |    45 |
+----------------------------------------------------------+-------+
* Control sets can be merged at opt_design using control_set_merge or merge_equivalent_drivers
** Run report_qor_suggestions for automated merging and remapping suggestions


2. Histogram
------------

+--------------------+-------+
|       Fanout       | Count |
+--------------------+-------+
| Total control sets |    13 |
| >= 0 to < 4        |     5 |
| >= 4 to < 6        |     2 |
| >= 6 to < 8        |     4 |
| >= 8 to < 10       |     0 |
| >= 10 to < 12      |     0 |
| >= 12 to < 14      |     0 |
| >= 14 to < 16      |     0 |
| >= 16              |     2 |
+--------------------+-------+
* Control sets can be remapped at either synth_design or opt_design


3. Flip-Flop Distribution
-------------------------

+--------------+-----------------------+------------------------+-----------------+--------------+
| Clock Enable | Synchronous Set/Reset | Asynchronous Set/Reset | Total Registers | Total Slices |
+--------------+-----------------------+------------------------+-----------------+--------------+
| No           | No                    | No                     |             235 |           54 |
| No           | No                    | Yes                    |               8 |            5 |
| No           | Yes                   | No                     |              31 |            8 |
| Yes          | No                    | No                     |              27 |           12 |
| Yes          | No                    | Yes                    |               1 |            1 |
| Yes          | Yes                   | No                     |               5 |            2 |
+--------------+-----------------------+------------------------+-----------------+--------------+


4. Detailed Control Set Information
-----------------------------------

+----------------------+--------------------------------+-----------------------------+------------------+----------------+--------------+
|     Clock Signal     |          Enable Signal         |       Set/Reset Signal      | Slice Load Count | Bel Load Count | Bels / Slice |
+----------------------+--------------------------------+-----------------------------+------------------+----------------+--------------+
|  clk_IBUF_BUFG       | uartTX/state__0[2]             | reset_IBUF                  |                1 |              1 |         1.00 |
|  trigger_out_reg_n_0 |                                | Delay_line/hitQ_i_1_n_0     |                1 |              1 |         1.00 |
|  clk_IBUF_BUFG       | uartTX/clk_count[6]_i_1_n_0    |                             |                2 |              2 |         1.00 |
|  pllb/inst/clk_out1  |                                |                             |                1 |              2 |         2.00 |
|  clk_IBUF_BUFG       |                                |                             |                2 |              3 |         1.50 |
|  clk_IBUF_BUFG       | converter/char_idx[3]_i_1_n_0  |                             |                3 |              4 |         1.33 |
|  clk_IBUF_BUFG       | uartTX/clk_count[6]_i_1_n_0    | uartTX/clk_count[5]_i_1_n_0 |                2 |              5 |         2.50 |
|  clk_IBUF_BUFG       |                                | reset_IBUF                  |                4 |              7 |         1.75 |
|  clk_IBUF_BUFG       | converter/uart_data[6]_i_1_n_0 |                             |                4 |              7 |         1.75 |
|  clk_IBUF_BUFG       | uartTX/shift_reg0              |                             |                1 |              7 |         7.00 |
|  clk_IBUF_BUFG       | uartTX/data_hold0              |                             |                2 |              7 |         3.50 |
|  pllb/inst/clk_out1  |                                | counter[31]_i_1_n_0         |                8 |             31 |         3.88 |
|  plla/inst/clk_out1  |                                |                             |               51 |            235 |         4.61 |
+----------------------+--------------------------------+-----------------------------+------------------+----------------+--------------+


